 WWCtrlD

 Timestamp is 67c9939c (Thu Mar  6 12:22:52 2025)

 Preferred load address is 10000000

 Start         Length     Name                   Class
 0001:00000000 00000ae0H .text$di                CODE
 0001:00000ae0 0000db70H .text$mn                CODE
 0001:0000e650 00000320H .text$x                 CODE
 0001:0000e970 000000c1H .text$yd                CODE
 0002:00000000 00000474H .idata$5                DATA
 0002:00000474 0000000cH .00cfg                  DATA
 0002:00000480 00000004H .CRT$XCA                DATA
 0002:00000484 00000004H .CRT$XCL                DATA
 0002:00000488 0000006cH .CRT$XCU                DATA
 0002:000004f4 00000004H .CRT$XCZ                DATA
 0002:000004f8 00000004H .CRT$XIA                DATA
 0002:000004fc 00000004H .CRT$XIZ                DATA
 0002:00000500 00000004H .CRT$XLA                DATA
 0002:00000504 00000004H .CRT$XLZ                DATA
 0002:00000508 00000004H .CRT$XPA                DATA
 0002:0000050c 00000004H .CRT$XPZ                DATA
 0002:00000510 00000004H .CRT$XTA                DATA
 0002:00000514 0000000cH .CRT$XTZ                DATA
 0002:00000518 00000000H .gfids$y                DATA
 0002:00000520 00007360H .rdata                  DATA
 0002:00007880 00000040H .rdata$CastGuardVftablesA DATA
 0002:000078c0 00000040H .rdata$CastGuardVftablesC DATA
 0002:00007900 00000018H .rdata$T                DATA
 0002:00007918 00000330H .rdata$r                DATA
 0002:00007c48 00000050H .rdata$sxdata           DATA
 0002:00007c98 0000013cH .rdata$voltmd           DATA
 0002:00007dd4 00000414H .rdata$zzzdbg           DATA
 0002:000081e8 00000004H .rtc$IAA                DATA
 0002:000081ec 00000008H .rtc$IMZ                DATA
 0002:000081f4 00000004H .rtc$IZZ                DATA
 0002:000081f8 00000004H .rtc$TAA                DATA
 0002:000081fc 00000008H .rtc$TMZ                DATA
 0002:00008204 00000004H .rtc$TZZ                DATA
 0002:00008208 00000004H .tls                    DATA
 0002:0000820c 00000004H .tls$                   DATA
 0002:00008210 00000008H .tls$ZZZ                DATA
 0002:00008218 0000040cH .xdata$x                DATA
 0002:00008624 00000004H ATL$__a                 DATA
 0002:00008628 00000008H ATL$__z                 DATA
 0002:00008630 00001094H .edata                  DATA
 0002:000096c4 0000008cH .idata$2                DATA
 0002:00009750 00000014H .idata$3                DATA
 0002:00009764 00000474H .idata$4                DATA
 0002:00009bd8 00000926H .idata$6                DATA
 0003:00000000 00000174H .data                   DATA
 0003:00000174 0000015cH .data$rs                DATA
 0003:000002d0 000025c0H .bss                    DATA
 0004:00000000 000001f0H .rsrc$01                DATA
 0004:000001f0 00001000H .rsrc$02                DATA

  Address         Publics by Value              Rva+Base       Lib:Object

 0000:00000000       ___AbsoluteZero            00000000     <absolute>
 0000:00000000       ___arm64x_extra_rfe_table  00000000     <absolute>
 0000:00000000       ___arm64x_extra_rfe_table_size 00000000     <absolute>
 0000:00000000       ___arm64x_native_entrypoint 00000000     <absolute>
 0000:00000000       ___arm64x_redirection_metadata 00000000     <absolute>
 0000:00000000       ___arm64x_redirection_metadata_count 00000000     <absolute>
 0000:00000000       ___dynamic_value_reloc_table 00000000     <absolute>
 0000:00000000       ___enclave_config          00000000     <absolute>
 0000:00000000       ___guard_check_icall_a64n_fptr 00000000     <absolute>
 0000:00000000       ___guard_eh_cont_count     00000000     <absolute>
 0000:00000000       ___guard_eh_cont_table     00000000     <absolute>
 0000:00000000       ___guard_fids_count        00000000     <absolute>
 0000:00000000       ___guard_fids_table        00000000     <absolute>
 0000:00000000       ___guard_iat_count         00000000     <absolute>
 0000:00000000       ___guard_iat_table         00000000     <absolute>
 0000:00000000       ___guard_longjmp_count     00000000     <absolute>
 0000:00000000       ___guard_longjmp_table     00000000     <absolute>
 0000:00000000       ___hybrid_auxiliary_delayload_iat 00000000     <absolute>
 0000:00000000       ___hybrid_auxiliary_delayload_iat_copy 00000000     <absolute>
 0000:00000000       ___hybrid_auxiliary_iat    00000000     <absolute>
 0000:00000000       ___hybrid_auxiliary_iat_copy 00000000     <absolute>
 0000:00000000       ___hybrid_code_map         00000000     <absolute>
 0000:00000000       ___hybrid_code_map_count   00000000     <absolute>
 0000:00000000       ___hybrid_image_info_bitfield 00000000     <absolute>
 0000:00000000       ___x64_code_ranges_to_entry_points 00000000     <absolute>
 0000:00000000       ___x64_code_ranges_to_entry_points_count 00000000     <absolute>
 0000:00000014       ___safe_se_handler_count   00000014     <absolute>
 0000:0000002c       __tls_array                0000002c     <absolute>
 0000:00000100       ___guard_flags             00000100     <absolute>
 0000:00000000       ___ImageBase               10000000     <linker-defined>
 0001:00000ae0       ??0ColorBarClass@@QAE@XZ   10001ae0 f   ColorBar.obj
 0001:00000c90       ?Create@ColorBarClass@@UAEHPBD0KABUtagRECT@@PAVCWnd@@IPAUCCreateContext@@@Z 10001c90 f   ColorBar.obj
 0001:00000d30       ??1ColorBarClass@@UAE@XZ   10001d30 f   ColorBar.obj
 0001:00000dc0       ?OnCreate@ColorBarClass@@IAEHPAUtagCREATESTRUCTA@@@Z 10001dc0 f   ColorBar.obj
 0001:00000e00       ?OnSize@ColorBarClass@@IAEXIHH@Z 10001e00 f   ColorBar.obj
 0001:00000e30       ?OnPaint@ColorBarClass@@IAEXXZ 10001e30 f   ColorBar.obj
 0001:00000eb0       ?OnLButtonDown@ColorBarClass@@IAEXIVCPoint@@@Z 10001eb0 f   ColorBar.obj
 0001:00001020       ?OnLButtonUp@ColorBarClass@@IAEXIVCPoint@@@Z 10002020 f   ColorBar.obj
 0001:00001090       ?OnMouseMove@ColorBarClass@@IAEXIVCPoint@@@Z 10002090 f   ColorBar.obj
 0001:000012e0       ?OnKillFocus@ColorBarClass@@IAEXPAVCWnd@@@Z 100022e0 f   ColorBar.obj
 0001:00001310       ?OnSetFocus@ColorBarClass@@IAEXPAVCWnd@@@Z 10002310 f   ColorBar.obj
 0001:00001340       ?OnKeyDown@ColorBarClass@@IAEXIII@Z 10002340 f   ColorBar.obj
 0001:000013c0       ?OnLButtonDblClk@ColorBarClass@@IAEXIVCPoint@@@Z 100023c0 f   ColorBar.obj
 0001:00001410       ?GetThisMessageMap@ColorBarClass@@KGPBUAFX_MSGMAP@@XZ 10002410 f   ColorBar.obj
 0001:00001420       ?GetMessageMap@ColorBarClass@@MBEPBUAFX_MSGMAP@@XZ 10002420 f   ColorBar.obj
 0001:00001430       ?fnColorBarProc@@YGJPAUHWND__@@IIJ@Z 10002430 f   ColorBar.obj
 0001:00001640       ?Insert_Point@ColorBarClass@@QAE_NHMMMMK@Z 10002640 f   ColorBar.obj
 0001:00001720       ?Insert_Point@ColorBarClass@@QAE_NVCPoint@@K@Z 10002720 f   ColorBar.obj
 0001:00001ac0       ?Modify_Point@ColorBarClass@@QAE_NHMMMMK@Z 10002ac0 f   ColorBar.obj
 0001:00001c10       ?Set_User_Data@ColorBarClass@@QAE_NHK@Z 10002c10 f   ColorBar.obj
 0001:00001c50       ?Get_User_Data@ColorBarClass@@QAEKH@Z 10002c50 f   ColorBar.obj
 0001:00001c90       ?Set_Graph_Percent@ColorBarClass@@QAE_NHM@Z 10002c90 f   ColorBar.obj
 0001:00001cf0       ?Get_Graph_Percent@ColorBarClass@@QAEMH@Z 10002cf0 f   ColorBar.obj
 0001:00001d40       ?Delete_Point@ColorBarClass@@QAE_NH@Z 10002d40 f   ColorBar.obj
 0001:00001e00       ?Clear_Points@ColorBarClass@@QAEXXZ 10002e00 f   ColorBar.obj
 0001:00001e30       ?Get_Point@ColorBarClass@@QAE_NHPAM000@Z 10002e30 f   ColorBar.obj
 0001:00001ef0       ?Marker_From_Point@ColorBarClass@@QAEHVCPoint@@@Z 10002ef0 f   ColorBar.obj
 0001:00001fd0       ?Set_Selection_Pos@ColorBarClass@@QAEXM@Z 10002fd0 f   ColorBar.obj
 0001:00002070       ?Get_Color@ColorBarClass@@QAEXMPAM00@Z 10003070 f   ColorBar.obj
 0001:000022e0       ?Set_Range@ColorBarClass@@QAEXMM@Z 100032e0 f   ColorBar.obj
 0001:00002320       ?Set_Redraw@ColorBarClass@@QAEX_N@Z 10003320 f   ColorBar.obj
 0001:00002350       ?Send_Notification@ColorBarClass@@QAEJHH@Z 10003350 f   ColorBar.obj
 0001:00002440       ?Paint_DIB@ColorBarClass@@IAEXXZ 10003440 f   ColorBar.obj
 0001:00002790       ?Create_Bitmap@ColorBarClass@@IAEXXZ 10003790 f   ColorBar.obj
 0001:00002ab0       ?Free_Bitmap@ColorBarClass@@IAEXXZ 10003ab0 f   ColorBar.obj
 0001:00002b10       ?Free_Marker_Bitmap@ColorBarClass@@IAEXXZ 10003b10 f   ColorBar.obj
 0001:00002b60       ?Paint_Bar_Horz@ColorBarClass@@IAEXHHHHPAE@Z 10003b60 f   ColorBar.obj
 0001:00002f70       ?Paint_Bar_Vert@ColorBarClass@@IAEXHHHHPAE@Z 10003f70 f   ColorBar.obj
 0001:00003130       ?Update_Point_Info@ColorBarClass@@IAEXXZ 10004130 f   ColorBar.obj
 0001:000035b0       ?Load_Key_Frame_BMP@ColorBarClass@@IAEXXZ 100045b0 f   ColorBar.obj
 0001:000037c0       ?Paint_Key_Frame@ColorBarClass@@IAEXHH@Z 100047c0 f   ColorBar.obj
 0001:000039a0       ?Paint_Screen@ColorBarClass@@IAEXPAUHDC__@@@Z 100049a0 f   ColorBar.obj
 0001:00003b80       ?Get_Selection_Rectangle@ColorBarClass@@IAEXAAVCRect@@@Z 10004b80 f   ColorBar.obj
 0001:00003cd0       ?Move_Selection@ColorBarClass@@IAEXVCPoint@@_N@Z 10004cd0 f   ColorBar.obj
 0001:00003e20       ?Move_Selection@ColorBarClass@@IAEXM_N@Z 10004e20 f   ColorBar.obj
 0001:00003f40       ?Repaint@ColorBarClass@@IAEXXZ 10004f40 f   ColorBar.obj
 0001:00003f70       ?RegisterColorBar@@YAXPAUHINSTANCE__@@@Z 10004f70 f   ColorBar.obj
 0001:00003ff0       ??0CRect@@QAE@HHHH@Z       10004ff0 f i ColorBar.obj
 0001:00004030       ??0CRect@@QAE@XZ           10005030 f i ColorBar.obj
 0001:00004070       ??BCRect@@QAEPAUtagRECT@@XZ 10005070 f i ColorBar.obj
 0001:00004080       ??_EColorBarClass@@UAEPAXI@Z 10005080 f i ColorBar.obj
 0001:00004150       ??_GColorBarClass@@UAEPAXI@Z 10005150 f i ColorBar.obj
 0001:000041a0       ?AfxAssertFailedLine@@YGHPBDH@Z 100051a0 f i ColorBar.obj
 0001:000041f0       ?Get_Color_Bar@ColorBarClass@@SAPAV1@PAUHWND__@@@Z 100051f0 f i ColorBar.obj
 0001:00004210       ?Get_Point_Count@ColorBarClass@@QBEHXZ 10005210 f i ColorBar.obj
 0001:00004230       ?Get_Range@ColorBarClass@@QBEXAAM0@Z 10005230 f i ColorBar.obj
 0001:00004260       ?Get_Selection_Pos@ColorBarClass@@QBEMXZ 10005260 f i ColorBar.obj
 0001:00004280       ?Height@CRect@@QBEHXZ      10005280 f i ColorBar.obj
 0001:000042a0       ?InflateRect@CRect@@QAEXHH@Z 100052a0 f i ColorBar.obj
 0001:000042c0       ?Width@CRect@@QBEHXZ       100052c0 f i ColorBar.obj
 0001:000042e0       ?__empty_global_delete@@YAXPAX@Z 100052e0 f i ColorBar.obj
 0001:000042f0       ?__empty_global_delete@@YAXPAXI@Z 100052f0 f i ColorBar.obj
 0001:00004300       ?__global_array_delete@@YAXPAX@Z 10005300 f i ColorBar.obj
 0001:00004320       ?__global_array_delete@@YAXPAXI@Z 10005320 f i ColorBar.obj
 0001:00004340       ?__global_delete@@YAXPAX@Z 10005340 f i ColorBar.obj
 0001:00004360       ?__global_delete@@YAXPAXI@Z 10005360 f i ColorBar.obj
 0001:00004380       ??0ColorPickerClass@@QAE@XZ 10005380 f   ColorPicker.obj
 0001:00004420       ?Create@ColorPickerClass@@UAEHPBD0KABUtagRECT@@PAVCWnd@@IPAUCCreateContext@@@Z 10005420 f   ColorPicker.obj
 0001:000044c0       ??1ColorPickerClass@@UAE@XZ 100054c0 f   ColorPicker.obj
 0001:00004540       ?OnPaint@ColorPickerClass@@IAEXXZ 10005540 f   ColorPicker.obj
 0001:00004640       ?OnCreate@ColorPickerClass@@IAEHPAUtagCREATESTRUCTA@@@Z 10005640 f   ColorPicker.obj
 0001:00004680       ?OnSize@ColorPickerClass@@IAEXIHH@Z 10005680 f   ColorPicker.obj
 0001:000046b0       ?OnEraseBkgnd@ColorPickerClass@@IAEHPAVCDC@@@Z 100056b0 f   ColorPicker.obj
 0001:000046d0       ?OnLButtonDown@ColorPickerClass@@IAEXIVCPoint@@@Z 100056d0 f   ColorPicker.obj
 0001:00004840       ?OnLButtonUp@ColorPickerClass@@IAEXIVCPoint@@@Z 10005840 f   ColorPicker.obj
 0001:00004890       ?OnMouseMove@ColorPickerClass@@IAEXIVCPoint@@@Z 10005890 f   ColorPicker.obj
 0001:000049d0       ?GetThisMessageMap@ColorPickerClass@@KGPBUAFX_MSGMAP@@XZ 100059d0 f   ColorPicker.obj
 0001:000049e0       ?GetMessageMap@ColorPickerClass@@MBEPBUAFX_MSGMAP@@XZ 100059e0 f   ColorPicker.obj
 0001:000049f0       ?fnColorPickerProc@@YGJPAUHWND__@@IIJ@Z 100059f0 f   ColorPicker.obj
 0001:00004c00       ?Select_Color@ColorPickerClass@@QAEXHHH@Z 10005c00 f   ColorPicker.obj
 0001:00004ca0       ?Get_Current_Color@ColorPickerClass@@QAEXPAH00@Z 10005ca0 f   ColorPicker.obj
 0001:00004d00       ?Paint_DIB@ColorPickerClass@@IAEXHHPAE@Z 10005d00 f   ColorPicker.obj
 0001:000050f0       ?Create_Bitmap@ColorPickerClass@@IAEXXZ 100060f0 f   ColorPicker.obj
 0001:00005230       ?Free_Bitmap@ColorPickerClass@@IAEXXZ 10006230 f   ColorPicker.obj
 0001:00005290       ?Fill_Rect@ColorPickerClass@@IAEXPAEABUtagRECT@@KH@Z 10006290 f   ColorPicker.obj
 0001:00005360       ?Color_From_Point@ColorPickerClass@@IAEKHH@Z 10006360 f   ColorPicker.obj
 0001:000054b0       ?Point_From_Color@ColorPickerClass@@IAE?AVCPoint@@K@Z 100064b0 f   ColorPicker.obj
 0001:00005730       ?Paint_Marker@ColorPickerClass@@IAEXXZ 10006730 f   ColorPicker.obj
 0001:00005820       ?Erase_Marker@ColorPickerClass@@IAEXXZ 10006820 f   ColorPicker.obj
 0001:00005910       ?Calc_Display_Rect@ColorPickerClass@@IAEXAAUtagRECT@@@Z 10006910 f   ColorPicker.obj
 0001:000059a0       ?RegisterColorPicker@@YAXPAUHINSTANCE__@@@Z 100069a0 f   ColorPicker.obj
 0001:00005a30       ?Polar_To_Rect@@YAXMMAAM0@Z 10006a30 f   ColorPicker.obj
 0001:00005a90       ?Rect_To_Polar@@YAXMMAAM0@Z 10006a90 f   ColorPicker.obj
 0001:00005b30       ?RGB_to_Hue@@YAXHHHAAM0@Z  10006b30 f   ColorPicker.obj
 0001:00005cf0       ??0CPoint@@QAE@HH@Z        10006cf0 f i ColorPicker.obj
 0001:00005d20       ??_EColorPickerClass@@UAEPAXI@Z 10006d20 f i ColorPicker.obj
 0001:00005df0       ??_GColorPickerClass@@UAEPAXI@Z 10006df0 f i ColorPicker.obj
 0001:00005e40       ?DeflateRect@CRect@@QAEXHH@Z 10006e40 f i ColorPicker.obj
 0001:00005e70       ?Get_Color_Picker@ColorPickerClass@@SAPAV1@PAUHWND__@@@Z 10006e70 f i ColorPicker.obj
 0001:00005e90       _Show_Color_Picker         10006e90 f   ColorPickerDialogClass.obj
 0001:00005f40       _Create_Color_Picker_Form  10006f40 f   ColorPickerDialogClass.obj
 0001:00005ff0       _Get_Form_Color            10006ff0 f   ColorPickerDialogClass.obj
 0001:00006060       _Set_Form_Color            10007060 f   ColorPickerDialogClass.obj
 0001:000060c0       _Set_Form_Original_Color   100070c0 f   ColorPickerDialogClass.obj
 0001:00006120       _Set_Update_Callback       10007120 f   ColorPickerDialogClass.obj
 0001:00006180       ??0ColorPickerDialogClass@@QAE@HHHPAVCWnd@@I@Z 10007180 f   ColorPickerDialogClass.obj
 0001:000062f0       ?DoDataExchange@ColorPickerDialogClass@@MAEXPAVCDataExchange@@@Z 100072f0 f   ColorPickerDialogClass.obj
 0001:00006360       ?OnNotify@ColorPickerDialogClass@@MAEHIJPAJ@Z 10007360 f   ColorPickerDialogClass.obj
 0001:000066d0       ?WindowProc@ColorPickerDialogClass@@MAEJIIJ@Z 100076d0 f   ColorPickerDialogClass.obj
 0001:00006700       ?OnCommand@ColorPickerDialogClass@@MAEHIJ@Z 10007700 f   ColorPickerDialogClass.obj
 0001:00006840       ?PostNcDestroy@ColorPickerDialogClass@@MAEXXZ 10007840 f   ColorPickerDialogClass.obj
 0001:00006890       ?OnInitDialog@ColorPickerDialogClass@@MAEHXZ 10007890 f   ColorPickerDialogClass.obj
 0001:00006bc0       ?OnReset@ColorPickerDialogClass@@IAEXXZ 10007bc0 f   ColorPickerDialogClass.obj
 0001:00006c10       ?GetThisMessageMap@ColorPickerDialogClass@@KGPBUAFX_MSGMAP@@XZ 10007c10 f   ColorPickerDialogClass.obj
 0001:00006c20       ?GetMessageMap@ColorPickerDialogClass@@MBEPBUAFX_MSGMAP@@XZ 10007c20 f   ColorPickerDialogClass.obj
 0001:00006c30       ?Set_Original_Color@ColorPickerDialogClass@@QAEXHHH@Z 10007c30 f   ColorPickerDialogClass.obj
 0001:00006cc0       ?Create_Form@ColorPickerDialogClass@@QAEXPAVCWnd@@@Z 10007cc0 f   ColorPickerDialogClass.obj
 0001:00006d10       ?Update_Red_Bar@ColorPickerDialogClass@@IAEXXZ 10007d10 f   ColorPickerDialogClass.obj
 0001:00006de0       ?Update_Green_Bar@ColorPickerDialogClass@@IAEXXZ 10007de0 f   ColorPickerDialogClass.obj
 0001:00006eb0       ?Update_Blue_Bar@ColorPickerDialogClass@@IAEXXZ 10007eb0 f   ColorPickerDialogClass.obj
 0001:00006f80       ?Update_Current_Color_Bar@ColorPickerDialogClass@@IAEXXZ 10007f80 f   ColorPickerDialogClass.obj
 0001:00006fe0       ?Update_Whiteness_Bar@ColorPickerDialogClass@@IAEXXZ 10007fe0 f   ColorPickerDialogClass.obj
 0001:00007100       ?Update_Color@ColorPickerDialogClass@@IAEXMMMK@Z 10008100 f   ColorPickerDialogClass.obj
 0001:000072b0       ??0MyManageStateClass@@QAE@XZ 100082b0 f i ColorPickerDialogClass.obj
 0001:000072e0       ??1ColorPickerDialogClass@@UAE@XZ 100082e0 f i ColorPickerDialogClass.obj
 0001:00007320       ??1MyManageStateClass@@QAE@XZ 10008320 f i ColorPickerDialogClass.obj
 0001:00007370       ??_EColorPickerDialogClass@@UAEPAXI@Z 10008370 f i ColorPickerDialogClass.obj
 0001:00007370       ??_GColorPickerDialogClass@@UAEPAXI@Z 10008370 f i ColorPickerDialogClass.obj
 0001:000073c0       ?Get_Blue@ColorPickerDialogClass@@QBEHXZ 100083c0 f i ColorPickerDialogClass.obj
 0001:000073e0       ?Get_Green@ColorPickerDialogClass@@QBEHXZ 100083e0 f i ColorPickerDialogClass.obj
 0001:00007400       ?Get_Red@ColorPickerDialogClass@@QBEHXZ 10008400 f i ColorPickerDialogClass.obj
 0001:00007420       ?Set_Color@ColorPickerDialogClass@@QAEXHHH@Z 10008420 f i ColorPickerDialogClass.obj
 0001:00007460       ?Set_Update_Callback@ColorPickerDialogClass@@QAEXP6AXHHHPAX@Z0@Z 10008460 f i ColorPickerDialogClass.obj
 0001:00007490       ?_AfxInitManaged@@YAHXZ    10008490 f i StdAfx.obj
 0001:000074a0       ??$AtlAdd@H@ATL@@YAJPAHHH@Z 100084a0 f i StdAfx.obj
 0001:000074d0       ??$AtlAdd@I@ATL@@YAJPAIII@Z 100084d0 f i StdAfx.obj
 0001:00007500       ??$AtlAdd@K@ATL@@YAJPAKKK@Z 10008500 f i StdAfx.obj
 0001:00007530       ??$AtlAlignUp@H@ATL@@YGHHK@Z 10008530 f i StdAfx.obj
 0001:00007550       ??$AtlMultiply@I@ATL@@YAJPAIII@Z 10008550 f i StdAfx.obj
 0001:00007590       ??$AtlMultiply@K@ATL@@YAJPAKKK@Z 10008590 f i StdAfx.obj
 0001:000075d0       ??0?$CHeapPtr@DVCCRTAllocator@ATL@@@ATL@@QAE@XZ 100085d0 f i StdAfx.obj
 0001:000075f0       ??0?$CHeapPtr@_WVCCRTAllocator@ATL@@@ATL@@QAE@XZ 100085f0 f i StdAfx.obj
 0001:00007610       ??0?$CHeapPtrBase@DVCCRTAllocator@ATL@@@ATL@@IAE@XZ 10008610 f i StdAfx.obj
 0001:00007630       ??0?$CHeapPtrBase@_WVCCRTAllocator@ATL@@@ATL@@IAE@XZ 10008630 f i StdAfx.obj
 0001:00007650       ??0?$CSimpleArray@GV?$CSimpleArrayEqualHelper@G@ATL@@@ATL@@QAE@XZ 10008650 f i StdAfx.obj
 0001:00007680       ??0?$CTraceCategoryEx@$00$0A@@ATL@@QAE@PBD@Z 10008680 f i StdAfx.obj
 0001:000076a0       ??0?$CTraceCategoryEx@$01$0A@@ATL@@QAE@PBD@Z 100086a0 f i StdAfx.obj
 0001:000076c0       ??0?$CTraceCategoryEx@$03$0A@@ATL@@QAE@PBD@Z 100086c0 f i StdAfx.obj
 0001:000076e0       ??0?$CTraceCategoryEx@$07$0A@@ATL@@QAE@PBD@Z 100086e0 f i StdAfx.obj
 0001:00007700       ??0?$CTraceCategoryEx@$0BA@$0A@@ATL@@QAE@PBD@Z 10008700 f i StdAfx.obj
 0001:00007720       ??0?$CTraceCategoryEx@$0BAA@$0A@@ATL@@QAE@PBD@Z 10008720 f i StdAfx.obj
 0001:00007750       ??0?$CTraceCategoryEx@$0BAAA@$0A@@ATL@@QAE@PBD@Z 10008750 f i StdAfx.obj
 0001:00007780       ??0?$CTraceCategoryEx@$0BAAAA@$0A@@ATL@@QAE@PBD@Z 10008780 f i StdAfx.obj
 0001:000077b0       ??0?$CTraceCategoryEx@$0BAAAAA@$0A@@ATL@@QAE@PBD@Z 100087b0 f i StdAfx.obj
 0001:000077e0       ??0?$CTraceCategoryEx@$0CA@$0A@@ATL@@QAE@PBD@Z 100087e0 f i StdAfx.obj
 0001:00007800       ??0?$CTraceCategoryEx@$0CAA@$0A@@ATL@@QAE@PBD@Z 10008800 f i StdAfx.obj
 0001:00007830       ??0?$CTraceCategoryEx@$0CAAA@$0A@@ATL@@QAE@PBD@Z 10008830 f i StdAfx.obj
 0001:00007860       ??0?$CTraceCategoryEx@$0CAAAA@$0A@@ATL@@QAE@PBD@Z 10008860 f i StdAfx.obj
 0001:00007890       ??0?$CTraceCategoryEx@$0CAAAAA@$0A@@ATL@@QAE@PBD@Z 10008890 f i StdAfx.obj
 0001:000078c0       ??0?$CTraceCategoryEx@$0EA@$0A@@ATL@@QAE@PBD@Z 100088c0 f i StdAfx.obj
 0001:000078e0       ??0?$CTraceCategoryEx@$0EAA@$0A@@ATL@@QAE@PBD@Z 100088e0 f i StdAfx.obj
 0001:00007910       ??0?$CTraceCategoryEx@$0EAAA@$0A@@ATL@@QAE@PBD@Z 10008910 f i StdAfx.obj
 0001:00007940       ??0?$CTraceCategoryEx@$0EAAAA@$0A@@ATL@@QAE@PBD@Z 10008940 f i StdAfx.obj
 0001:00007970       ??0?$CTraceCategoryEx@$0EAAAAA@$0A@@ATL@@QAE@PBD@Z 10008970 f i StdAfx.obj
 0001:000079a0       ??0?$CTraceCategoryEx@$0IA@$0A@@ATL@@QAE@PBD@Z 100089a0 f i StdAfx.obj
 0001:000079d0       ??0?$CTraceCategoryEx@$0IAA@$0A@@ATL@@QAE@PBD@Z 100089d0 f i StdAfx.obj
 0001:00007a00       ??0?$CTraceCategoryEx@$0IAAA@$0A@@ATL@@QAE@PBD@Z 10008a00 f i StdAfx.obj
 0001:00007a30       ??0?$CTraceCategoryEx@$0IAAAA@$0A@@ATL@@QAE@PBD@Z 10008a30 f i StdAfx.obj
 0001:00007a60       ??0CAtlComModule@ATL@@QAE@XZ 10008a60 f i StdAfx.obj
 0001:00007b20       ??0CAtlStringMgr@ATL@@QAE@PAUIAtlMemMgr@1@@Z 10008b20 f i StdAfx.obj
 0001:00007b60       ??0CAtlStringMgrStaticInitializer@ATLImplementationDetails@ATL@@QAE@XZ 10008b60 f i StdAfx.obj
 0001:00007b80       ??0CAtlWinModule@ATL@@QAE@XZ 10008b80 f i StdAfx.obj
 0001:00007bf0       ??0CComCriticalSection@ATL@@QAE@XZ 10008bf0 f i StdAfx.obj
 0001:00007c10       ??0CNilStringData@ATL@@QAE@XZ 10008c10 f i StdAfx.obj
 0001:00007c70       ??0CPreserveLastError@ATL@@QAE@XZ 10008c70 f i StdAfx.obj
 0001:00007c90       ??0CTraceFileAndLineInfo@ATL@@QAE@PBDH@Z 10008c90 f i StdAfx.obj
 0001:00007cc0       ??0CWin32Heap@ATL@@QAE@PAX@Z 10008cc0 f i StdAfx.obj
 0001:00007d20       ??0_ATL_COM_MODULE70@ATL@@QAE@XZ 10008d20 f i StdAfx.obj
 0001:00007d40       ??0_ATL_WIN_MODULE70@ATL@@QAE@XZ 10008d40 f i StdAfx.obj
 0001:00007da0       ??1?$CHeapPtr@DVCCRTAllocator@ATL@@@ATL@@QAE@XZ 10008da0 f i StdAfx.obj
 0001:00007dc0       ??1?$CHeapPtr@_WVCCRTAllocator@ATL@@@ATL@@QAE@XZ 10008dc0 f i StdAfx.obj
 0001:00007de0       ??1?$CHeapPtrBase@DVCCRTAllocator@ATL@@@ATL@@QAE@XZ 10008de0 f i StdAfx.obj
 0001:00007e00       ??1?$CHeapPtrBase@_WVCCRTAllocator@ATL@@@ATL@@QAE@XZ 10008e00 f i StdAfx.obj
 0001:00007e20       ??1?$CSimpleArray@GV?$CSimpleArrayEqualHelper@G@ATL@@@ATL@@QAE@XZ 10008e20 f i StdAfx.obj
 0001:00007e70       ??1CAtlComModule@ATL@@QAE@XZ 10008e70 f i StdAfx.obj
 0001:00007ec0       ??1CAtlStringMgr@ATL@@UAE@XZ 10008ec0 f i StdAfx.obj
 0001:00007ee0       ??1CAtlWinModule@ATL@@QAE@XZ 10008ee0 f i StdAfx.obj
 0001:00007f30       ??1CComCriticalSection@ATL@@QAE@XZ 10008f30 f i StdAfx.obj
 0001:00007f40       ??1CPreserveLastError@ATL@@QAE@XZ 10008f40 f i StdAfx.obj
 0001:00007f60       ??1CWin32Heap@ATL@@UAE@XZ  10008f60 f i StdAfx.obj
 0001:00007fd0       ??1_ATL_COM_MODULE70@ATL@@QAE@XZ 10008fd0 f i StdAfx.obj
 0001:00007ff0       ??1_ATL_WIN_MODULE70@ATL@@QAE@XZ 10008ff0 f i StdAfx.obj
 0001:00008020       ??A?$CSimpleArray@GV?$CSimpleArrayEqualHelper@G@ATL@@@ATL@@QAEAAGH@Z 10009020 f i StdAfx.obj
 0001:00008090       ??B?$CHeapPtrBase@DVCCRTAllocator@ATL@@@ATL@@QBEPADXZ 10009090 f i StdAfx.obj
 0001:000080a0       ??B?$CHeapPtrBase@_WVCCRTAllocator@ATL@@@ATL@@QBEPA_WXZ 100090a0 f i StdAfx.obj
 0001:000080b0       ??B?$CTraceCategoryEx@$01$0A@@ATL@@QAEIXZ 100090b0 f i StdAfx.obj
 0001:000080c0       ??B?$CTraceCategoryEx@$0CA@$0A@@ATL@@QAEIXZ 100090c0 f i StdAfx.obj
 0001:000080d0       ??B?$CTraceCategoryEx@$0CAAA@$0A@@ATL@@QAEIXZ 100090d0 f i StdAfx.obj
 0001:000080e0       ??RCTraceFileAndLineInfo@ATL@@QBAXHIPBDZZ 100090e0 f i StdAfx.obj
 0001:00008170       ??_ECAtlStringMgr@ATL@@UAEPAXI@Z 10009170 f i StdAfx.obj
 0001:00008170       ??_GCAtlStringMgr@ATL@@UAEPAXI@Z 10009170 f i StdAfx.obj
 0001:000081a0       ??_ECWin32Heap@ATL@@UAEPAXI@Z 100091a0 f i StdAfx.obj
 0001:000081a0       ??_GCWin32Heap@ATL@@UAEPAXI@Z 100091a0 f i StdAfx.obj
 0001:000081d0       ??_H@YGXPAXIIP6EPAX0@Z@Z   100091d0 f i StdAfx.obj
 0001:00008200       ?AddRef@CStringData@ATL@@QAEXXZ 10009200 f i StdAfx.obj
 0001:00008250       ?Allocate@?$CHeapPtr@DVCCRTAllocator@ATL@@@ATL@@QAE_NI@Z 10009250 f i StdAfx.obj
 0001:00008290       ?Allocate@?$CHeapPtr@_WVCCRTAllocator@ATL@@@ATL@@QAE_NI@Z 10009290 f i StdAfx.obj
 0001:000082d0       ?Allocate@CAtlStringMgr@ATL@@UAEPAUCStringData@2@HH@Z 100092d0 f i StdAfx.obj
 0001:00008440       ?Allocate@CCRTAllocator@ATL@@SAPAXI@Z 10009440 f i StdAfx.obj
 0001:00008460       ?Allocate@CWin32Heap@ATL@@UAEPAXI@Z 10009460 f i StdAfx.obj
 0001:00008480       ?AllocateBytes@?$CHeapPtrBase@DVCCRTAllocator@ATL@@@ATL@@QAE_NI@Z 10009480 f i StdAfx.obj
 0001:000084e0       ?AllocateBytes@?$CHeapPtrBase@_WVCCRTAllocator@ATL@@@ATL@@QAE_NI@Z 100094e0 f i StdAfx.obj
 0001:00008540       ?AtlThrowImpl@ATL@@YGXJ@Z  10009540 f i StdAfx.obj
 0001:000085a0       ?AtlWinModuleInit@ATL@@YGJPAU_ATL_WIN_MODULE70@1@@Z 100095a0 f i StdAfx.obj
 0001:00008650       ?AtlWinModuleTerm@ATL@@YGJPAU_ATL_WIN_MODULE70@1@PAUHINSTANCE__@@@Z 10009650 f i StdAfx.obj
 0001:000086f0       ?Clone@CAtlStringMgr@ATL@@UAEPAUIAtlStringMgr@2@XZ 100096f0 f i StdAfx.obj
 0001:00008700       ?EnsureLinked@CAtlStringMgrStaticInitializer@ATLImplementationDetails@ATL@@QAEPAXXZ 10009700 f i StdAfx.obj
 0001:00008710       ?Free@?$CHeapPtrBase@DVCCRTAllocator@ATL@@@ATL@@QAEXXZ 10009710 f i StdAfx.obj
 0001:00008740       ?Free@?$CHeapPtrBase@_WVCCRTAllocator@ATL@@@ATL@@QAEXXZ 10009740 f i StdAfx.obj
 0001:00008770       ?Free@CAtlStringMgr@ATL@@UAEXPAUCStringData@2@@Z 10009770 f i StdAfx.obj
 0001:00008800       ?Free@CCRTAllocator@ATL@@SAXPAX@Z 10009800 f i StdAfx.obj
 0001:00008820       ?Free@CWin32Heap@ATL@@UAEXPAX@Z 10009820 f i StdAfx.obj
 0001:00008880       ?GetCategoryName@CTrace@ATL@@CAPA_WI@Z 10009880 f i StdAfx.obj
 0001:000088d0       ?GetInstance@CAtlStringMgr@ATL@@SAPAUIAtlStringMgr@2@XZ 100098d0 f i StdAfx.obj
 0001:000089a0       ?GetModuleInstance@CAtlBaseModule@ATL@@QAEPAUHINSTANCE__@@XZ 100099a0 f i StdAfx.obj
 0001:000089c0       ?GetNilString@CAtlStringMgr@ATL@@UAEPAUCStringData@2@XZ 100099c0 f i StdAfx.obj
 0001:000089e0       ?GetSize@?$CSimpleArray@GV?$CSimpleArrayEqualHelper@G@ATL@@@ATL@@QBEHXZ 100099e0 f i StdAfx.obj
 0001:00008a00       ?GetSize@CWin32Heap@ATL@@UAEIPAX@Z 10009a00 f i StdAfx.obj
 0001:00008a20       ?Init@CComCriticalSection@ATL@@QAEJXZ 10009a20 f i StdAfx.obj
 0001:00008a60       ?Reallocate@CAtlStringMgr@ATL@@UAEPAUCStringData@2@PAU32@HH@Z 10009a60 f i StdAfx.obj
 0001:00008be0       ?Reallocate@CWin32Heap@ATL@@UAEPAXPAXI@Z 10009be0 f i StdAfx.obj
 0001:00008c40       ?RegisterCategory@CTrace@ATL@@SAXPBDI@Z 10009c40 f i StdAfx.obj
 0001:00008d20       ?RemoveAll@?$CSimpleArray@GV?$CSimpleArrayEqualHelper@G@ATL@@@ATL@@QAEXXZ 10009d20 f i StdAfx.obj
 0001:00008d80       ?SetManager@CNilStringData@ATL@@QAEXPAUIAtlStringMgr@2@@Z 10009d80 f i StdAfx.obj
 0001:00008dd0       ?Term@CAtlComModule@ATL@@QAEXXZ 10009dd0 f i StdAfx.obj
 0001:00008e60       ?Term@CAtlWinModule@ATL@@QAEXXZ 10009e60 f i StdAfx.obj
 0001:00008e80       ?Term@CComCriticalSection@ATL@@QAEJXZ 10009e80 f i StdAfx.obj
 0001:00008ea0       ?TraceV@CTrace@ATL@@CAXPBDHIIPB_W@Z 10009ea0 f i StdAfx.obj
 0001:000090b0       ?TraceV@CTrace@ATL@@SAXPBDHII0PAD@Z 1000a0b0 f i StdAfx.obj
 0001:00009270       ?_AtlInitializeCriticalSectionEx@ATL@@YAHPAU_RTL_CRITICAL_SECTION@@KK@Z 1000a270 f i StdAfx.obj
 0001:00009290       _HRESULT_FROM_WIN32        1000a290 f i StdAfx.obj
 0001:000092d0       ___local_stdio_printf_options 1000a2d0 f i StdAfx.obj
 0001:000092e0       __vscprintf                1000a2e0 f i StdAfx.obj
 0001:00009300       __vscprintf_l              1000a300 f i StdAfx.obj
 0001:00009350       __vsnprintf_s              1000a350 f i StdAfx.obj
 0001:00009380       __vsnprintf_s_l            1000a380 f i StdAfx.obj
 0001:000093e0       __vswprintf_s_l            1000a3e0 f i StdAfx.obj
 0001:00009430       _swprintf_s                1000a430 f i StdAfx.obj
 0001:00009470       ?Frame_Rect@@YAXPAEABUtagRECT@@KH@Z 1000a470 f   Utils.obj
 0001:00009650       ?Draw_Vert_Line@@YAXPAEHHHKH@Z 1000a650 f   Utils.obj
 0001:000096e0       ?Draw_Horz_Line@@YAXPAEHHHKH@Z 1000a6e0 f   Utils.obj
 0001:00009780       ?Draw_Sunken_Rect@@YAXPAEABUtagRECT@@H@Z 1000a780 f   Utils.obj
 0001:00009860       ?Draw_Raised_Rect@@YAXPAEABUtagRECT@@H@Z 1000a860 f   Utils.obj
 0001:00009940       _ExtRawDllMain@12          1000a940 f   WWCtrl.obj
 0001:000099a0       _Initialize_WWCtrl         1000a9a0 f   WWCtrl.obj
 0001:000099b0       _DllMain@12                1000a9b0 f   WWCtrl.obj
 0001:00009aa0       ??B?$CTraceCategoryEx@$00$0A@@ATL@@QAEIXZ 1000aaa0 f i WWCtrl.obj
 0001:00009ab0       ??B?$CTypedSimpleList@PAUCRuntimeClass@@@@QAEPAUCRuntimeClass@@XZ 1000aab0 f i WWCtrl.obj
 0001:00009ad0       ??B?$CTypedSimpleList@PAVCOleObjectFactory@@@@QAEPAVCOleObjectFactory@@XZ 1000aad0 f i WWCtrl.obj
 0001:00009af0       ??RCTraceFileAndLineInfo@ATL@@QBAXPBDZZ 1000aaf0 f i WWCtrl.obj
 0001:00009b80       ?GetHead@CSimpleList@@QBEPAXXZ 1000ab80 f i WWCtrl.obj
 0001:00009b90       ??3@YAXPAX@Z               1000ab90 f   mfc140d:mfc140d.dll
 0001:00009b96       ??_V@YAXPAX@Z              1000ab96 f   mfc140d:mfc140d.dll
 0001:00009b9c       ??3CObject@@SGXPAX@Z       1000ab9c f   mfc140d:mfc140d.dll
 0001:00009ba2       ??2CObject@@SGPAXIPBDH@Z   1000aba2 f   mfc140d:mfc140d.dll
 0001:00009ba8       ??3CObject@@SGXPAXPBDH@Z   1000aba8 f   mfc140d:mfc140d.dll
 0001:00009bae       ?Serialize@CObject@@UAEXAAVCArchive@@@Z 1000abae f   mfc140d:mfc140d.dll
 0001:00009bb4       ??BCDC@@QBEPAUHDC__@@XZ    1000abb4 f   mfc140d:mfc140d.dll
 0001:00009bba       ??0CPaintDC@@QAE@PAVCWnd@@@Z 1000abba f   mfc140d:mfc140d.dll
 0001:00009bc0       ??1CPaintDC@@UAE@XZ        1000abc0 f   mfc140d:mfc140d.dll
 0001:00009bc6       ?OnCmdMsg@CCmdTarget@@UAEHIHPAXPAUAFX_CMDHANDLERINFO@@@Z 1000abc6 f   mfc140d:mfc140d.dll
 0001:00009bcc       ?IsInvokeAllowed@CCmdTarget@@UAEHJ@Z 1000abcc f   mfc140d:mfc140d.dll
 0001:00009bd2       ?GetDispatchIID@CCmdTarget@@UAEHPAU_GUID@@@Z 1000abd2 f   mfc140d:mfc140d.dll
 0001:00009bd8       ?GetTypeInfoCount@CCmdTarget@@UAEIXZ 1000abd8 f   mfc140d:mfc140d.dll
 0001:00009bde       ?GetTypeLibCache@CCmdTarget@@UAEPAVCTypeLibCache@@XZ 1000abde f   mfc140d:mfc140d.dll
 0001:00009be4       ?GetTypeLib@CCmdTarget@@UAEJKPAPAUITypeLib@@@Z 1000abe4 f   mfc140d:mfc140d.dll
 0001:00009bea       ?GetCommandMap@CCmdTarget@@MBEPBUAFX_OLECMDMAP@@XZ 1000abea f   mfc140d:mfc140d.dll
 0001:00009bf0       ?GetDispatchMap@CCmdTarget@@MBEPBUAFX_DISPMAP@@XZ 1000abf0 f   mfc140d:mfc140d.dll
 0001:00009bf6       ?GetConnectionMap@CCmdTarget@@MBEPBUAFX_CONNECTIONMAP@@XZ 1000abf6 f   mfc140d:mfc140d.dll
 0001:00009bfc       ?GetEventSinkMap@CCmdTarget@@MBEPBUAFX_EVENTSINKMAP@@XZ 1000abfc f   mfc140d:mfc140d.dll
 0001:00009c02       ?OnCreateAggregates@CCmdTarget@@UAEHXZ 1000ac02 f   mfc140d:mfc140d.dll
 0001:00009c08       ?GetInterfaceHook@CCmdTarget@@UAEPAUIUnknown@@PBX@Z 1000ac08 f   mfc140d:mfc140d.dll
 0001:00009c0e       ?GetExtraConnectionPoints@CCmdTarget@@MAEHPAVCPtrArray@@@Z 1000ac0e f   mfc140d:mfc140d.dll
 0001:00009c14       ?GetConnectionHook@CCmdTarget@@MAEPAUIConnectionPoint@@ABU_GUID@@@Z 1000ac14 f   mfc140d:mfc140d.dll
 0001:00009c1a       ?GetRuntimeClass@CWnd@@UBEPAUCRuntimeClass@@XZ 1000ac1a f   mfc140d:mfc140d.dll
 0001:00009c20       ??0CWnd@@QAE@XZ            1000ac20 f   mfc140d:mfc140d.dll
 0001:00009c26       ?Attach@CWnd@@QAEHPAUHWND__@@@Z 1000ac26 f   mfc140d:mfc140d.dll
 0001:00009c2c       ?Detach@CWnd@@QAEPAUHWND__@@XZ 1000ac2c f   mfc140d:mfc140d.dll
 0001:00009c32       ?PreSubclassWindow@CWnd@@UAEXXZ 1000ac32 f   mfc140d:mfc140d.dll
 0001:00009c38       ?CreateEx@CWnd@@UAEHKPBD0KHHHHPAUHWND__@@PAUHMENU__@@PAX@Z 1000ac38 f   mfc140d:mfc140d.dll
 0001:00009c3e       ?CreateEx@CWnd@@UAEHKPBD0KABUtagRECT@@PAV1@IPAX@Z 1000ac3e f   mfc140d:mfc140d.dll
 0001:00009c44       ?DestroyWindow@CWnd@@UAEHXZ 1000ac44 f   mfc140d:mfc140d.dll
 0001:00009c4a       ?PreCreateWindow@CWnd@@UAEHAAUtagCREATESTRUCTA@@@Z 1000ac4a f   mfc140d:mfc140d.dll
 0001:00009c50       ?CalcWindowRect@CWnd@@UAEXPAUtagRECT@@I@Z 1000ac50 f   mfc140d:mfc140d.dll
 0001:00009c56       ?GetMenu@CWnd@@UBEPAVCMenu@@XZ 1000ac56 f   mfc140d:mfc140d.dll
 0001:00009c5c       ?SetMenu@CWnd@@UAEHPAVCMenu@@@Z 1000ac5c f   mfc140d:mfc140d.dll
 0001:00009c62       ?GetClientRect@CWnd@@QBEXPAUtagRECT@@@Z 1000ac62 f   mfc140d:mfc140d.dll
 0001:00009c68       ?UpdateWindow@CWnd@@QAEXXZ 1000ac68 f   mfc140d:mfc140d.dll
 0001:00009c6e       ?InvalidateRect@CWnd@@QAEXPBUtagRECT@@H@Z 1000ac6e f   mfc140d:mfc140d.dll
 0001:00009c74       ?OnToolHitTest@CWnd@@UBEHVCPoint@@PAUtagTOOLINFOA@@@Z 1000ac74 f   mfc140d:mfc140d.dll
 0001:00009c7a       ?GetScrollBarCtrl@CWnd@@UBEPAVCScrollBar@@H@Z 1000ac7a f   mfc140d:mfc140d.dll
 0001:00009c80       ?WinHelpA@CWnd@@UAEXKI@Z   1000ac80 f   mfc140d:mfc140d.dll
 0001:00009c86       ?HtmlHelpA@CWnd@@UAEXKI@Z  1000ac86 f   mfc140d:mfc140d.dll
 0001:00009c8c       ?WinHelpInternal@CWnd@@UAEXKI@Z 1000ac8c f   mfc140d:mfc140d.dll
 0001:00009c92       ?ContinueModal@CWnd@@UAEHXZ 1000ac92 f   mfc140d:mfc140d.dll
 0001:00009c98       ?EndModalLoop@CWnd@@UAEXH@Z 1000ac98 f   mfc140d:mfc140d.dll
 0001:00009c9e       ?OnDrawIconicThumbnailOrLivePreview@CWnd@@UAEXAAVCDC@@VCRect@@VCSize@@HAAH@Z 1000ac9e f   mfc140d:mfc140d.dll
 0001:00009ca4       ?GetInterfaceMap@CWnd@@MBEPBUAFX_INTERFACEMAP@@XZ 1000aca4 f   mfc140d:mfc140d.dll
 0001:00009caa       ?EnsureStdObj@CWnd@@UAEJXZ 1000acaa f   mfc140d:mfc140d.dll
 0001:00009cb0       ?get_accParent@CWnd@@UAEJPAPAUIDispatch@@@Z 1000acb0 f   mfc140d:mfc140d.dll
 0001:00009cb6       ?get_accChildCount@CWnd@@UAEJPAJ@Z 1000acb6 f   mfc140d:mfc140d.dll
 0001:00009cbc       ?get_accChild@CWnd@@UAEJUtagVARIANT@@PAPAUIDispatch@@@Z 1000acbc f   mfc140d:mfc140d.dll
 0001:00009cc2       ?get_accName@CWnd@@UAEJUtagVARIANT@@PAPA_W@Z 1000acc2 f   mfc140d:mfc140d.dll
 0001:00009cc8       ?get_accValue@CWnd@@UAEJUtagVARIANT@@PAPA_W@Z 1000acc8 f   mfc140d:mfc140d.dll
 0001:00009cce       ?get_accDescription@CWnd@@UAEJUtagVARIANT@@PAPA_W@Z 1000acce f   mfc140d:mfc140d.dll
 0001:00009cd4       ?get_accRole@CWnd@@UAEJUtagVARIANT@@PAU2@@Z 1000acd4 f   mfc140d:mfc140d.dll
 0001:00009cda       ?get_accState@CWnd@@UAEJUtagVARIANT@@PAU2@@Z 1000acda f   mfc140d:mfc140d.dll
 0001:00009ce0       ?get_accHelp@CWnd@@UAEJUtagVARIANT@@PAPA_W@Z 1000ace0 f   mfc140d:mfc140d.dll
 0001:00009ce6       ?get_accHelpTopic@CWnd@@UAEJPAPA_WUtagVARIANT@@PAJ@Z 1000ace6 f   mfc140d:mfc140d.dll
 0001:00009cec       ?get_accKeyboardShortcut@CWnd@@UAEJUtagVARIANT@@PAPA_W@Z 1000acec f   mfc140d:mfc140d.dll
 0001:00009cf2       ?get_accFocus@CWnd@@UAEJPAUtagVARIANT@@@Z 1000acf2 f   mfc140d:mfc140d.dll
 0001:00009cf8       ?get_accSelection@CWnd@@UAEJPAUtagVARIANT@@@Z 1000acf8 f   mfc140d:mfc140d.dll
 0001:00009cfe       ?get_accDefaultAction@CWnd@@UAEJUtagVARIANT@@PAPA_W@Z 1000acfe f   mfc140d:mfc140d.dll
 0001:00009d04       ?accSelect@CWnd@@UAEJJUtagVARIANT@@@Z 1000ad04 f   mfc140d:mfc140d.dll
 0001:00009d0a       ?accLocation@CWnd@@UAEJPAJ000UtagVARIANT@@@Z 1000ad0a f   mfc140d:mfc140d.dll
 0001:00009d10       ?accNavigate@CWnd@@UAEJJUtagVARIANT@@PAU2@@Z 1000ad10 f   mfc140d:mfc140d.dll
 0001:00009d16       ?accHitTest@CWnd@@UAEJJJPAUtagVARIANT@@@Z 1000ad16 f   mfc140d:mfc140d.dll
 0001:00009d1c       ?accDoDefaultAction@CWnd@@UAEJUtagVARIANT@@@Z 1000ad1c f   mfc140d:mfc140d.dll
 0001:00009d22       ?put_accName@CWnd@@UAEJUtagVARIANT@@PA_W@Z 1000ad22 f   mfc140d:mfc140d.dll
 0001:00009d28       ?put_accValue@CWnd@@UAEJUtagVARIANT@@PA_W@Z 1000ad28 f   mfc140d:mfc140d.dll
 0001:00009d2e       ?SetProxy@CWnd@@UAEJPAUIAccessibleProxy@@@Z 1000ad2e f   mfc140d:mfc140d.dll
 0001:00009d34       ?CreateAccessibleProxy@CWnd@@UAEJIJPAJ@Z 1000ad34 f   mfc140d:mfc140d.dll
 0001:00009d3a       ?OnCommand@CWnd@@MAEHIJ@Z  1000ad3a f   mfc140d:mfc140d.dll
 0001:00009d40       ?OnNotify@CWnd@@MAEHIJPAJ@Z 1000ad40 f   mfc140d:mfc140d.dll
 0001:00009d46       ?OnCreate@CWnd@@IAEHPAUtagCREATESTRUCTA@@@Z 1000ad46 f   mfc140d:mfc140d.dll
 0001:00009d4c       ?OnKillFocus@CWnd@@IAEXPAV1@@Z 1000ad4c f   mfc140d:mfc140d.dll
 0001:00009d52       ?OnSetFocus@CWnd@@IAEXPAV1@@Z 1000ad52 f   mfc140d:mfc140d.dll
 0001:00009d58       ?OnSize@CWnd@@IAEXIHH@Z    1000ad58 f   mfc140d:mfc140d.dll
 0001:00009d5e       ?OnKeyDown@CWnd@@IAEXIII@Z 1000ad5e f   mfc140d:mfc140d.dll
 0001:00009d64       ?OnLButtonDblClk@CWnd@@IAEXIVCPoint@@@Z 1000ad64 f   mfc140d:mfc140d.dll
 0001:00009d6a       ?OnLButtonDown@CWnd@@IAEXIVCPoint@@@Z 1000ad6a f   mfc140d:mfc140d.dll
 0001:00009d70       ?OnLButtonUp@CWnd@@IAEXIVCPoint@@@Z 1000ad70 f   mfc140d:mfc140d.dll
 0001:00009d76       ?OnMouseMove@CWnd@@IAEXIVCPoint@@@Z 1000ad76 f   mfc140d:mfc140d.dll
 0001:00009d7c       ?GetSuperWndProcAddr@CWnd@@MAEPAP6GJPAUHWND__@@IIJ@ZXZ 1000ad7c f   mfc140d:mfc140d.dll
 0001:00009d82       ?DoDataExchange@CWnd@@MAEXPAVCDataExchange@@@Z 1000ad82 f   mfc140d:mfc140d.dll
 0001:00009d88       ?BeginModalState@CWnd@@UAEXXZ 1000ad88 f   mfc140d:mfc140d.dll
 0001:00009d8e       ?EndModalState@CWnd@@UAEXXZ 1000ad8e f   mfc140d:mfc140d.dll
 0001:00009d94       ?PreTranslateMessage@CWnd@@UAEHPAUtagMSG@@@Z 1000ad94 f   mfc140d:mfc140d.dll
 0001:00009d9a       ?OnAmbientProperty@CWnd@@UAEHPAVCOleControlSite@@JPAUtagVARIANT@@@Z 1000ad9a f   mfc140d:mfc140d.dll
 0001:00009da0       ?WindowProc@CWnd@@MAEJIIJ@Z 1000ada0 f   mfc140d:mfc140d.dll
 0001:00009da6       ?OnWndMsg@CWnd@@MAEHIIJPAJ@Z 1000ada6 f   mfc140d:mfc140d.dll
 0001:00009dac       ?DefWindowProcA@CWnd@@MAEJIIJ@Z 1000adac f   mfc140d:mfc140d.dll
 0001:00009db2       ?PostNcDestroy@CWnd@@MAEXXZ 1000adb2 f   mfc140d:mfc140d.dll
 0001:00009db8       ?OnChildNotify@CWnd@@MAEHIIJPAJ@Z 1000adb8 f   mfc140d:mfc140d.dll
 0001:00009dbe       ?OnTouchInputs@CWnd@@MAEHIPAUtagTOUCHINPUT@@@Z 1000adbe f   mfc140d:mfc140d.dll
 0001:00009dc4       ?OnTouchInput@CWnd@@MAEHVCPoint@@HHPAUtagTOUCHINPUT@@@Z 1000adc4 f   mfc140d:mfc140d.dll
 0001:00009dca       ?GetGestureStatus@CWnd@@MAEKVCPoint@@@Z 1000adca f   mfc140d:mfc140d.dll
 0001:00009dd0       ?OnGestureZoom@CWnd@@MAEHVCPoint@@J@Z 1000add0 f   mfc140d:mfc140d.dll
 0001:00009dd6       ?OnGesturePan@CWnd@@MAEHVCPoint@@0@Z 1000add6 f   mfc140d:mfc140d.dll
 0001:00009ddc       ?OnGestureRotate@CWnd@@MAEHVCPoint@@N@Z 1000addc f   mfc140d:mfc140d.dll
 0001:00009de2       ?OnGestureTwoFingerTap@CWnd@@MAEHVCPoint@@@Z 1000ade2 f   mfc140d:mfc140d.dll
 0001:00009de8       ?OnGesturePressAndTap@CWnd@@MAEHVCPoint@@J@Z 1000ade8 f   mfc140d:mfc140d.dll
 0001:00009dee       ?ResizeDynamicLayout@CWnd@@MAEXXZ 1000adee f   mfc140d:mfc140d.dll
 0001:00009df4       ??1CWnd@@UAE@XZ            1000adf4 f   mfc140d:mfc140d.dll
 0001:00009dfa       ?CheckAutoCenter@CWnd@@UAEHXZ 1000adfa f   mfc140d:mfc140d.dll
 0001:00009e00       ?AssertValid@CWnd@@UBEXXZ  1000ae00 f   mfc140d:mfc140d.dll
 0001:00009e06       ?Dump@CWnd@@UBEXAAVCDumpContext@@@Z 1000ae06 f   mfc140d:mfc140d.dll
 0001:00009e0c       ?IsFrameWnd@CWnd@@UBEHXZ   1000ae0c f   mfc140d:mfc140d.dll
 0001:00009e12       ?OnFinalRelease@CWnd@@UAEXXZ 1000ae12 f   mfc140d:mfc140d.dll
 0001:00009e18       ?CreateControlContainer@CWnd@@MAEHPAPAVCOleControlContainer@@@Z 1000ae18 f   mfc140d:mfc140d.dll
 0001:00009e1e       ?CreateControlSite@CWnd@@MAEHPAVCOleControlContainer@@PAPAVCOleControlSite@@IABU_GUID@@@Z 1000ae1e f   mfc140d:mfc140d.dll
 0001:00009e24       ?SetOccDialogInfo@CWnd@@MAEHPAU_AFX_OCC_DIALOG_INFO@@@Z 1000ae24 f   mfc140d:mfc140d.dll
 0001:00009e2a       ?GetOccDialogInfo@CWnd@@MAEPAU_AFX_OCC_DIALOG_INFO@@XZ 1000ae2a f   mfc140d:mfc140d.dll
 0001:00009e30       ?GetThisMessageMap@CWnd@@KGPBUAFX_MSGMAP@@XZ 1000ae30 f   mfc140d:mfc140d.dll
 0001:00009e36       ?AfxGetAfxWndProc@@YGP6GJPAUHWND__@@IIJ@ZXZ 1000ae36 f   mfc140d:mfc140d.dll
 0001:00009e3c       ?ClientToScreen@CWnd@@QBEXPAUtagRECT@@@Z 1000ae3c f   mfc140d:mfc140d.dll
 0001:00009e42       ?SetCapture@CWnd@@QAEPAV1@XZ 1000ae42 f   mfc140d:mfc140d.dll
 0001:00009e48       ?AfxGetResourceHandle@@YGPAUHINSTANCE__@@XZ 1000ae48 f   mfc140d:mfc140d.dll
 0001:00009e4e       ?DDX_Control@@YGXPAVCDataExchange@@HAAVCWnd@@@Z 1000ae4e f   mfc140d:mfc140d.dll
 0001:00009e54       ?FromHandle@CWnd@@SGPAV1@PAUHWND__@@@Z 1000ae54 f   mfc140d:mfc140d.dll
 0001:00009e5a       ?Create@CWnd@@UAEHPBD0KABUtagRECT@@PAV1@IPAUCCreateContext@@@Z 1000ae5a f   mfc140d:mfc140d.dll
 0001:00009e60       ?GetDlgItemInt@CWnd@@QBEIHPAHH@Z 1000ae60 f   mfc140d:mfc140d.dll
 0001:00009e66       ?GetRuntimeClass@CDialog@@UBEPAUCRuntimeClass@@XZ 1000ae66 f   mfc140d:mfc140d.dll
 0001:00009e6c       ?Create@CDialog@@UAEHPBDPAVCWnd@@@Z 1000ae6c f   mfc140d:mfc140d.dll
 0001:00009e72       ?Create@CDialog@@UAEHIPAVCWnd@@@Z 1000ae72 f   mfc140d:mfc140d.dll
 0001:00009e78       ?CreateIndirect@CDialog@@UAEHPBUDLGTEMPLATE@@PAVCWnd@@PAX@Z 1000ae78 f   mfc140d:mfc140d.dll
 0001:00009e7e       ?CreateIndirect@CDialog@@UAEHPAXPAVCWnd@@@Z 1000ae7e f   mfc140d:mfc140d.dll
 0001:00009e84       ??0CDialog@@QAE@IPAVCWnd@@@Z 1000ae84 f   mfc140d:mfc140d.dll
 0001:00009e8a       ?DoModal@CDialog@@UAEHXZ   1000ae8a f   mfc140d:mfc140d.dll
 0001:00009e90       ?OnInitDialog@CDialog@@UAEHXZ 1000ae90 f   mfc140d:mfc140d.dll
 0001:00009e96       ?OnSetFont@CDialog@@UAEXPAVCFont@@@Z 1000ae96 f   mfc140d:mfc140d.dll
 0001:00009e9c       ?OnOK@CDialog@@MAEXXZ      1000ae9c f   mfc140d:mfc140d.dll
 0001:00009ea2       ?OnCancel@CDialog@@MAEXXZ  1000aea2 f   mfc140d:mfc140d.dll
 0001:00009ea8       ??1CDialog@@UAE@XZ         1000aea8 f   mfc140d:mfc140d.dll
 0001:00009eae       ?AssertValid@CDialog@@UBEXXZ 1000aeae f   mfc140d:mfc140d.dll
 0001:00009eb4       ?Dump@CDialog@@UBEXAAVCDumpContext@@@Z 1000aeb4 f   mfc140d:mfc140d.dll
 0001:00009eba       ?PreTranslateMessage@CDialog@@UAEHPAUtagMSG@@@Z 1000aeba f   mfc140d:mfc140d.dll
 0001:00009ec0       ?OnCmdMsg@CDialog@@UAEHIHPAXPAUAFX_CMDHANDLERINFO@@@Z 1000aec0 f   mfc140d:mfc140d.dll
 0001:00009ec6       ?CheckAutoCenter@CDialog@@UAEHXZ 1000aec6 f   mfc140d:mfc140d.dll
 0001:00009ecc       ?SetOccDialogInfo@CDialog@@MAEHPAU_AFX_OCC_DIALOG_INFO@@@Z 1000aecc f   mfc140d:mfc140d.dll
 0001:00009ed2       ?GetOccDialogInfo@CDialog@@MAEPAU_AFX_OCC_DIALOG_INFO@@XZ 1000aed2 f   mfc140d:mfc140d.dll
 0001:00009ed8       ?PreInitDialog@CDialog@@MAEXXZ 1000aed8 f   mfc140d:mfc140d.dll
 0001:00009ede       ?GetThisMessageMap@CDialog@@KGPBUAFX_MSGMAP@@XZ 1000aede f   mfc140d:mfc140d.dll
 0001:00009ee4       ?AfxSetResourceHandle@@YGXPAUHINSTANCE__@@@Z 1000aee4 f   mfc140d:mfc140d.dll
 0001:00009eea       ??0CSpinButtonCtrl@@QAE@XZ 1000aeea f   mfc140d:mfc140d.dll
 0001:00009ef0       ?SetPos@CSpinButtonCtrl@@QAEHH@Z 1000aef0 f   mfc140d:mfc140d.dll
 0001:00009ef6       ?GetPos@CSpinButtonCtrl@@QBEHXZ 1000aef6 f   mfc140d:mfc140d.dll
 0001:00009efc       ?SetRange@CSpinButtonCtrl@@QAEXFF@Z 1000aefc f   mfc140d:mfc140d.dll
 0001:00009f02       ??1CSpinButtonCtrl@@UAE@XZ 1000af02 f   mfc140d:mfc140d.dll
 0001:00009f08       ?AfxThrowMemoryException@@YGXXZ 1000af08 f   mfc140d:mfc140d.dll
 0001:00009f0e       ?AfxThrowOleException@@YGXJ@Z 1000af0e f   mfc140d:mfc140d.dll
 0001:00009f14       ?AfxGetModuleState@@YGPAVAFX_MODULE_STATE@@XZ 1000af14 f   mfc140d:mfc140d.dll
 0001:00009f1a       ??0CDynLinkLibrary@@QAE@AAUAFX_EXTENSION_MODULE@@H@Z 1000af1a f   mfc140d:mfc140d.dll
 0001:00009f20       ?AfxInitExtensionModule@@YGHAAUAFX_EXTENSION_MODULE@@PAUHINSTANCE__@@@Z 1000af20 f   mfc140d:mfc140d.dll
 0001:00009f26       ?AfxTermExtensionModule@@YGXAAUAFX_EXTENSION_MODULE@@H@Z 1000af26 f   mfc140d:mfc140d.dll
 0001:00009f30       ??1CComBSTR@ATL@@QAE@XZ    1000af30 f i mfcs140d:nolib.obj
 0001:00009f70       ??1stringdispid@CComTypeInfoHolder@ATL@@QAE@XZ 1000af70 f i mfcs140d:nolib.obj
 0001:00009fa0       ??_Estringdispid@CComTypeInfoHolder@ATL@@QAEPAXI@Z 1000afa0 f i mfcs140d:nolib.obj
 0001:0000a060       _IsolationAwareActivateActCtx@8 1000b060 f i mfcs140d:nolib.obj
 0001:0000a100       _IsolationAwareCreateActCtxW@4 1000b100 f i mfcs140d:nolib.obj
 0001:0000a1a0       _IsolationAwareDeactivateActCtx@8 1000b1a0 f i mfcs140d:nolib.obj
 0001:0000a240       _IsolationAwareFindActCtxSectionStringW@20 1000b240 f i mfcs140d:nolib.obj
 0001:0000a2f0       _IsolationAwarePrivatenPgViNgRzlnPgpgk@4 1000b2f0 f i mfcs140d:nolib.obj
 0001:0000a3d0       _IsolationAwarePrivatezltRgCebPnQQeRff@12 1000b3d0 f i mfcs140d:nolib.obj
 0001:0000a480       _IsolationAwarePrivatezltRgzbQhYRuNaQYRJ@4 1000b480 f i mfcs140d:nolib.obj
 0001:0000a4b0       _IsolationAwarePrivatezltRgzbQhYRuNaQYRn@4 1000b4b0 f i mfcs140d:nolib.obj
 0001:0000a4e0       _IsolationAwareQueryActCtxW@28 1000b4e0 f i mfcs140d:nolib.obj
 0001:0000a590       _IsolationAwareUnregisterClassA@8 1000b590 f i mfcs140d:nolib.obj
 0001:0000a740       _WinbaseIsolationAwarePrivatetRgCebPnQQeRff_xReaRYQP_QYY@4 1000b740 f i mfcs140d:nolib.obj
 0001:0000a770       _WinbaseIsolationAwarePrivatetRgzlnPgpgk@0 1000b770 f i mfcs140d:nolib.obj
 0001:0000aae0       ??_M@YGXPAXIHP6EX0@Z@Z     1000bae0 f   msvcrtd:ehvecdtr.obj
 0001:0000ab00       ??_M@YGXPAXIIP6EX0@Z@Z     1000bb00 f   msvcrtd:ehvecdtr.obj
 0001:0000ac20       ?__ArrayUnwind@@YGXPAXIIP6EX0@Z@Z 1000bc20 f   msvcrtd:ehvecdtr.obj
 0001:0000acd0       ??3@YAXPAXI@Z              1000bcd0 f   msvcrtd:delete_scalar_size.obj
 0001:0000acf0       ??_V@YAXPAXI@Z             1000bcf0 f   msvcrtd:delete_array_size.obj
 0001:0000ad10       @__security_check_cookie@4 1000bd10 f   msvcrtd:secchk.obj
 0001:0000ad20       ??1type_info@@UAE@XZ       1000bd20 f   msvcrtd:std_type_info_static.obj
 0001:0000ad40       ??_Etype_info@@UAEPAXI@Z   1000bd40 f i msvcrtd:std_type_info_static.obj
 0001:0000ad40       ??_Gtype_info@@UAEPAXI@Z   1000bd40 f i msvcrtd:std_type_info_static.obj
 0001:0000ad70       ?configure_argv@__scrt_narrow_argv_policy@@SAHXZ 1000bd70 f i msvcrtd:utility.obj
 0001:0000ae20       ?initialize_environment@__scrt_narrow_environment_policy@@SAHXZ 1000be20 f i msvcrtd:utility.obj
 0001:0000aea0       _NtCurrentTeb              1000bea0 f i msvcrtd:utility.obj
 0001:0000aeb0       ___scrt_acquire_startup_lock 1000beb0 f   msvcrtd:utility.obj
 0001:0000af00       ___scrt_dllmain_after_initialize_c 1000bf00 f   msvcrtd:utility.obj
 0001:0000af30       ___scrt_dllmain_before_initialize_c 1000bf30 f   msvcrtd:utility.obj
 0001:0000af50       ___scrt_dllmain_crt_thread_attach 1000bf50 f   msvcrtd:utility.obj
 0001:0000af80       ___scrt_dllmain_crt_thread_detach 1000bf80 f   msvcrtd:utility.obj
 0001:0000afa0       ___scrt_dllmain_exception_filter 1000bfa0 f   msvcrtd:utility.obj
 0001:0000b000       ___scrt_dllmain_uninitialize_c 1000c000 f   msvcrtd:utility.obj
 0001:0000b030       ___scrt_dllmain_uninitialize_critical 1000c030 f   msvcrtd:utility.obj
 0001:0000b050       ___scrt_initialize_crt     1000c050 f   msvcrtd:utility.obj
 0001:0000b0a0       ___scrt_initialize_onexit_tables 1000c0a0 f   msvcrtd:utility.obj
 0001:0000b180       ___scrt_is_nonwritable_in_current_image 1000c180 f   msvcrtd:utility.obj
 0001:0000b2b0       ___scrt_release_startup_lock 1000c2b0 f   msvcrtd:utility.obj
 0001:0000b2e0       ___scrt_uninitialize_crt   1000c2e0 f   msvcrtd:utility.obj
 0001:0000b320       __onexit                   1000c320 f   msvcrtd:utility.obj
 0001:0000b390       _at_quick_exit             1000c390 f   msvcrtd:utility.obj
 0001:0000b3d0       _atexit                    1000c3d0 f   msvcrtd:utility.obj
 0001:0000b400       __Init_thread_abort        1000c400 f   msvcrtd:thread_safe_statics.obj
 0001:0000b420       __Init_thread_footer       1000c420 f   msvcrtd:thread_safe_statics.obj
 0001:0000b470       __Init_thread_header       1000c470 f   msvcrtd:thread_safe_statics.obj
 0001:0000b4e0       __Init_thread_lock         1000c4e0 f   msvcrtd:thread_safe_statics.obj
 0001:0000b500       __Init_thread_notify       1000c500 f   msvcrtd:thread_safe_statics.obj
 0001:0000b520       __Init_thread_unlock       1000c520 f   msvcrtd:thread_safe_statics.obj
 0001:0000b540       __Init_thread_wait_v2      1000c540 f   msvcrtd:thread_safe_statics.obj
 0001:0000ba30       __CRT_INIT@12              1000ca30 f   msvcrtd:dll_dllmain.obj
 0001:0000ba50       __DllMainCRTStartup@12     1000ca50 f   msvcrtd:dll_dllmain.obj
 0001:0000ba80       @_RTC_AllocaHelper@12      1000ca80 f   msvcrtd:stack.obj
 0001:0000bac0       @_RTC_CheckStackVars2@12   1000cac0 f   msvcrtd:stack.obj
 0001:0000bba0       @_RTC_CheckStackVars@8     1000cba0 f   msvcrtd:stack.obj
 0001:0000bc00       __RTC_CheckEsp             1000cc00 f   msvcrtd:stack.obj
 0001:0000bc30       __CRT_RTC_INIT             1000cc30 f   msvcrtd:init.obj
 0001:0000bc40       __CRT_RTC_INITW            1000cc40 f   msvcrtd:init.obj
 0001:0000bc50       __RTC_InitBase             1000cc50 f   msvcrtd:init.obj
 0001:0000bc80       __RTC_Shutdown             1000cc80 f   msvcrtd:init.obj
 0001:0000bca0       __except_handler4          1000cca0 f   msvcrtd:chandler4gs.obj
 0001:0000bce0       @_guard_check_icall_nop@4  1000cce0 f i msvcrtd:guard_support.obj
 0001:0000bcf0       _ReadNoFence               1000ccf0 f i msvcrtd:guard_support.obj
 0001:0000bd10       _ReadPointerNoFence        1000cd10 f i msvcrtd:guard_support.obj
 0001:0000bd30       __InlineInterlockedExchangePointer 1000cd30 f i msvcrtd:guard_support.obj
 0001:0000bd40       ___castguard_check_failure_debugbreak 1000cd40 f i msvcrtd:guard_support.obj
 0001:0000bd60       ___castguard_check_failure_fastfail 1000cd60 f i msvcrtd:guard_support.obj
 0001:0000bd80       ___castguard_check_failure_nop 1000cd80 f i msvcrtd:guard_support.obj
 0001:0000bd90       ___castguard_check_failure_os_handled 1000cd90 f i msvcrtd:guard_support.obj
 0001:0000bdf0       ___castguard_check_failure_user_handled 1000cdf0 f i msvcrtd:guard_support.obj
 0001:0000bea0       ___castguard_set_user_handler 1000cea0 f i msvcrtd:guard_support.obj
 0001:0000bec0       ___castguard_slow_path_check_debugbreak 1000cec0 f i msvcrtd:guard_support.obj
 0001:0000bef0       ___castguard_slow_path_check_fastfail 1000cef0 f i msvcrtd:guard_support.obj
 0001:0000bf30       ___castguard_slow_path_check_nop 1000cf30 f i msvcrtd:guard_support.obj
 0001:0000bf40       ___castguard_slow_path_check_os_handled 1000cf40 f i msvcrtd:guard_support.obj
 0001:0000bf80       ___castguard_slow_path_check_user_handled 1000cf80 f i msvcrtd:guard_support.obj
 0001:0000c000       __guard_icall_checks_enforced 1000d000 f i msvcrtd:guard_support.obj
 0001:0000c030       ___raise_securityfailure   1000d030 f   msvcrtd:gs_report.obj
 0001:0000c060       ___report_gsfailure        1000d060 f   msvcrtd:gs_report.obj
 0001:0000c170       ___report_rangecheckfailure 1000d170 f   msvcrtd:gs_report.obj
 0001:0000c180       ___report_securityfailure  1000d180 f   msvcrtd:gs_report.obj
 0001:0000c260       ___report_securityfailureEx 1000d260 f   msvcrtd:gs_report.obj
 0001:0000c390       ___isa_available_init      1000d390 f   msvcrtd:cpu_disp.obj
 0001:0000c820       __get_startup_argv_mode    1000d820 f   msvcrtd:argv_mode.obj
 0001:0000c830       ___scrt_is_ucrt_dll_in_use 1000d830 f   msvcrtd:ucrt_detection.obj
 0001:0000c860       ___scrt_fastfail           1000d860 f   msvcrtd:utility_desktop.obj
 0001:0000c9a0       ___scrt_get_show_window_mode 1000d9a0 f   msvcrtd:utility_desktop.obj
 0001:0000c9e0       ___scrt_initialize_mta     1000d9e0 f   msvcrtd:utility_desktop.obj
 0001:0000c9f0       ___scrt_initialize_winrt   1000d9f0 f   msvcrtd:utility_desktop.obj
 0001:0000ca00       ___scrt_is_managed_app     1000da00 f   msvcrtd:utility_desktop.obj
 0001:0000ca90       ___scrt_set_unhandled_exception_filter 1000da90 f   msvcrtd:utility_desktop.obj
 0001:0000cab0       ___scrt_exe_initialize_mta 1000dab0 f   msvcrtd:utility_desktop.obj
 0001:0000cab0       ___scrt_stub_for_initialize_mta 1000dab0 f   msvcrtd:utility_desktop.obj
 0001:0000cac0       ___scrt_unhandled_exception_filter@4 1000dac0 f   msvcrtd:utility_desktop.obj
 0001:0000cb40       __crt_debugger_hook        1000db40 f   msvcrtd:utility_desktop.obj
 0001:0000cbc0       ___security_init_cookie    1000dbc0 f   msvcrtd:gs_support.obj
 0001:0000cc40       ?__scrt_initialize_type_info@@YAXXZ 1000dc40 f   msvcrtd:tncleanup.obj
 0001:0000cc60       ?__scrt_uninitialize_type_info@@YAXXZ 1000dc60 f   msvcrtd:tncleanup.obj
 0001:0000cc80       ___local_stdio_scanf_options 1000dc80 f i msvcrtd:default_local_stdio_options.obj
 0001:0000cc90       ___scrt_initialize_default_local_stdio_options 1000dc90 f   msvcrtd:default_local_stdio_options.obj
 0001:0000ccd0       ___scrt_get_dyn_tls_init_callback 1000dcd0 f   msvcrtd:dyn_tls_init.obj
 0001:0000cce0       __RTC_Initialize           1000dce0 f   msvcrtd:initsect.obj
 0001:0000cd10       __RTC_Terminate            1000dd10 f   msvcrtd:initsect.obj
 0001:0000cdd0       ?_RTC_AllocaFailure@@YAXPAXPAU_RTC_ALLOCA_NODE@@H@Z 1000ddd0 f   msvcrtd:error.obj
 0001:0000cec0       ?_RTC_Failure@@YAXPAXH@Z   1000dec0 f   msvcrtd:error.obj
 0001:0000cf10       ?_RTC_StackFailure@@YAXPAXPBD@Z 1000df10 f   msvcrtd:error.obj
 0001:0000d310       __RTC_UninitUse            1000e310 f   msvcrtd:error.obj
 0001:0000d3c0       __vsprintf_s_l             1000e3c0 f i msvcrtd:error.obj
 0001:0000d3f0       _sprintf_s                 1000e3f0 f i msvcrtd:error.obj
 0001:0000d410       ?_RTC_GetErrorFunc@@YAP6AHHPBDH00ZZPBX@Z 1000e410 f   msvcrtd:userapi.obj
 0001:0000d420       ?_RTC_GetErrorFuncW@@YAP6AHHPB_WH00ZZPBX@Z 1000e420 f   msvcrtd:userapi.obj
 0001:0000d430       __RTC_GetErrDesc           1000e430 f   msvcrtd:userapi.obj
 0001:0000d450       __RTC_NumErrors            1000e450 f   msvcrtd:userapi.obj
 0001:0000d460       __RTC_SetErrorFunc         1000e460 f   msvcrtd:userapi.obj
 0001:0000d480       __RTC_SetErrorFuncW        1000e480 f   msvcrtd:userapi.obj
 0001:0000d4a0       __RTC_SetErrorType         1000e4a0 f   msvcrtd:userapi.obj
 0001:0000d920       ?_RTC_GetSrcLine@@YAHPAEPA_WKPAH1K@Z 1000e920 f   msvcrtd:pdblkup.obj
 0001:0000dca0       __except_handler4_noexcept 1000eca0 f   msvcrtd:chandler4_noexcept.obj
 0001:0000dcfc       _DecodePointer@4           1000ecfc f   kernel32:KERNEL32.dll
 0001:0000dd02       _GetLastError@0            1000ed02 f   kernel32:KERNEL32.dll
 0001:0000dd08       _SetLastError@4            1000ed08 f   kernel32:KERNEL32.dll
 0001:0000dd0e       _HeapDestroy@4             1000ed0e f   kernel32:KERNEL32.dll
 0001:0000dd14       _HeapAlloc@12              1000ed14 f   kernel32:KERNEL32.dll
 0001:0000dd1a       _HeapReAlloc@16            1000ed1a f   kernel32:KERNEL32.dll
 0001:0000dd20       _HeapFree@12               1000ed20 f   kernel32:KERNEL32.dll
 0001:0000dd26       _HeapSize@12               1000ed26 f   kernel32:KERNEL32.dll
 0001:0000dd2c       _GetProcessHeap@0          1000ed2c f   kernel32:KERNEL32.dll
 0001:0000dd32       _InitializeCriticalSectionEx@12 1000ed32 f   kernel32:KERNEL32.dll
 0001:0000dd38       _DeleteCriticalSection@4   1000ed38 f   kernel32:KERNEL32.dll
 0001:0000dd3e       _MultiByteToWideChar@24    1000ed3e f   kernel32:KERNEL32.dll
 0001:0000dd44       _OutputDebugStringA@4      1000ed44 f   kernel32:KERNEL32.dll
 0001:0000dd4a       _InitializeCriticalSectionAndSpinCount@8 1000ed4a f   kernel32:KERNEL32.dll
 0001:0000dd50       _GetModuleFileNameW@12     1000ed50 f   kernel32:KERNEL32.dll
 0001:0000dd56       _GetModuleHandleA@4        1000ed56 f   kernel32:KERNEL32.dll
 0001:0000dd5c       _GetModuleHandleW@4        1000ed5c f   kernel32:KERNEL32.dll
 0001:0000dd62       _GetProcAddress@8          1000ed62 f   kernel32:KERNEL32.dll
 0001:0000dd68       _LoadLibraryW@4            1000ed68 f   kernel32:KERNEL32.dll
 0001:0000dd6e       _ReleaseSRWLockExclusive@4 1000ed6e f   kernel32:KERNEL32.dll
 0001:0000dd74       _AcquireSRWLockExclusive@4 1000ed74 f   kernel32:KERNEL32.dll
 0001:0000dd7a       _WakeAllConditionVariable@4 1000ed7a f   kernel32:KERNEL32.dll
 0001:0000dd80       _SleepConditionVariableSRW@16 1000ed80 f   kernel32:KERNEL32.dll
 0001:0000dd86       _UnhandledExceptionFilter@4 1000ed86 f   kernel32:KERNEL32.dll
 0001:0000dd8c       _SetUnhandledExceptionFilter@4 1000ed8c f   kernel32:KERNEL32.dll
 0001:0000dd92       _GetCurrentProcess@0       1000ed92 f   kernel32:KERNEL32.dll
 0001:0000dd98       _TerminateProcess@8        1000ed98 f   kernel32:KERNEL32.dll
 0001:0000dd9e       _IsProcessorFeaturePresent@4 1000ed9e f   kernel32:KERNEL32.dll
 0001:0000dda4       _IsDebuggerPresent@0       1000eda4 f   kernel32:KERNEL32.dll
 0001:0000ddaa       _GetStartupInfoW@4         1000edaa f   kernel32:KERNEL32.dll
 0001:0000ddb0       _QueryPerformanceCounter@4 1000edb0 f   kernel32:KERNEL32.dll
 0001:0000ddb6       _GetCurrentProcessId@0     1000edb6 f   kernel32:KERNEL32.dll
 0001:0000ddbc       _GetCurrentThreadId@0      1000edbc f   kernel32:KERNEL32.dll
 0001:0000ddc2       _GetSystemTimeAsFileTime@4 1000edc2 f   kernel32:KERNEL32.dll
 0001:0000ddc8       _InitializeSListHead@4     1000edc8 f   kernel32:KERNEL32.dll
 0001:0000ddce       _RaiseException@16         1000edce f   kernel32:KERNEL32.dll
 0001:0000ddd4       _WideCharToMultiByte@32    1000edd4 f   kernel32:KERNEL32.dll
 0001:0000ddda       _VirtualQuery@12           1000edda f   kernel32:KERNEL32.dll
 0001:0000dde0       _FreeLibrary@4             1000ede0 f   kernel32:KERNEL32.dll
 0001:0000dde6       _PeekMessageA@20           1000ede6 f   user32:USER32.dll
 0001:0000ddec       _SendMessageA@16           1000edec f   user32:USER32.dll
 0001:0000ddf2       _DefWindowProcA@16         1000edf2 f   user32:USER32.dll
 0001:0000ddf8       _PostQuitMessage@4         1000edf8 f   user32:USER32.dll
 0001:0000ddfe       _RegisterClassA@4          1000edfe f   user32:USER32.dll
 0001:0000de04       _GetClassInfoA@12          1000ee04 f   user32:USER32.dll
 0001:0000de0a       _CreateWindowExA@48        1000ee0a f   user32:USER32.dll
 0001:0000de10       _SetFocus@4                1000ee10 f   user32:USER32.dll
 0001:0000de16       _GetFocus@0                1000ee16 f   user32:USER32.dll
 0001:0000de1c       _GetAsyncKeyState@4        1000ee1c f   user32:USER32.dll
 0001:0000de22       _SetCapture@4              1000ee22 f   user32:USER32.dll
 0001:0000de28       _ReleaseCapture@0          1000ee28 f   user32:USER32.dll
 0001:0000de2e       _GetDC@4                   1000ee2e f   user32:USER32.dll
 0001:0000de34       _ReleaseDC@8               1000ee34 f   user32:USER32.dll
 0001:0000de3a       _SetPropA@12               1000ee3a f   user32:USER32.dll
 0001:0000de40       _GetPropA@8                1000ee40 f   user32:USER32.dll
 0001:0000de46       _DrawFocusRect@8           1000ee46 f   user32:USER32.dll
 0001:0000de4c       _FillRect@12               1000ee4c f   user32:USER32.dll
 0001:0000de52       _InflateRect@12            1000ee52 f   user32:USER32.dll
 0001:0000de58       _GetWindowLongA@8          1000ee58 f   user32:USER32.dll
 0001:0000de5e       _SetWindowLongA@12         1000ee5e f   user32:USER32.dll
 0001:0000de64       _GetParent@4               1000ee64 f   user32:USER32.dll
 0001:0000de6a       _LoadBitmapA@8             1000ee6a f   user32:USER32.dll
 0001:0000de70       _LoadCursorA@8             1000ee70 f   user32:USER32.dll
 0001:0000de76       _ClipCursor@4              1000ee76 f   user32:USER32.dll
 0001:0000de7c       _GetDlgItem@8              1000ee7c f   user32:USER32.dll
 0001:0000de82       _UpdateWindow@4            1000ee82 f   user32:USER32.dll
 0001:0000de88       _UnregisterClassA@8        1000ee88 f   user32:USER32.dll
 0001:0000de8e       _GetSysColor@4             1000ee8e f   user32:USER32.dll
 0001:0000de94       _BitBlt@36                 1000ee94 f   gdi32:GDI32.dll
 0001:0000de9a       _CreateCompatibleDC@4      1000ee9a f   gdi32:GDI32.dll
 0001:0000dea0       _DeleteDC@4                1000eea0 f   gdi32:GDI32.dll
 0001:0000dea6       _DeleteObject@4            1000eea6 f   gdi32:GDI32.dll
 0001:0000deac       _SelectObject@8            1000eeac f   gdi32:GDI32.dll
 0001:0000deb2       _CreateDIBSection@24       1000eeb2 f   gdi32:GDI32.dll
 0001:0000deb8       _GetObjectA@12             1000eeb8 f   gdi32:GDI32.dll
 0001:0000debe       ??$?2PAUHINSTANCE__@@@Wrapper@?$CSimpleArray@PAUHINSTANCE__@@V?$CSimpleArrayEqualHelper@PAUHINSTANCE__@@@ATL@@@ATL@@SAPAXIPAPAUHINSTANCE__@@@Z 1000eebe f i atls:atlbase.obj
 0001:0000dec6       ??0?$CComCritSecLock@VCComCriticalSection@ATL@@@ATL@@QAE@AAVCComCriticalSection@1@_N@Z 1000eec6 f i atls:atlbase.obj
 0001:0000deed       ??0?$CSimpleArray@PAUHINSTANCE__@@V?$CSimpleArrayEqualHelper@PAUHINSTANCE__@@@ATL@@@ATL@@QAE@XZ 1000eeed f i atls:atlbase.obj
 0001:0000defa       ??0CAtlBaseModule@ATL@@QAE@XZ 1000eefa f   atls:atlbase.obj
 0001:0000df4d       ??0Wrapper@?$CSimpleArray@PAUHINSTANCE__@@V?$CSimpleArrayEqualHelper@PAUHINSTANCE__@@@ATL@@@ATL@@QAE@ABQAUHINSTANCE__@@@Z 1000ef4d f i atls:atlbase.obj
 0001:0000df5d       ??0_ATL_BASE_MODULE70@ATL@@QAE@XZ 1000ef5d f i atls:atlbase.obj
 0001:0000df80       ??1?$CComCritSecLock@VCComCriticalSection@ATL@@@ATL@@QAE@XZ 1000ef80 f i atls:atlbase.obj
 0001:0000df97       ??1?$CSimpleArray@PAUHINSTANCE__@@V?$CSimpleArrayEqualHelper@PAUHINSTANCE__@@@ATL@@@ATL@@QAE@XZ 1000ef97 f i atls:atlbase.obj
 0001:0000df9c       ??1CAtlBaseModule@ATL@@QAE@XZ 1000ef9c f   atls:atlbase.obj
 0001:0000dfb2       ??1_ATL_BASE_MODULE70@ATL@@QAE@XZ 1000efb2 f i atls:atlbase.obj
 0001:0000dfba       ??A?$CSimpleArray@PAUHINSTANCE__@@V?$CSimpleArrayEqualHelper@PAUHINSTANCE__@@@ATL@@@ATL@@QAEAAPAUHINSTANCE__@@H@Z 1000efba f i atls:atlbase.obj
 0001:0000dfdd       ?Add@?$CSimpleArray@PAUHINSTANCE__@@V?$CSimpleArrayEqualHelper@PAUHINSTANCE__@@@ATL@@@ATL@@QAEHABQAUHINSTANCE__@@@Z 1000efdd f i atls:atlbase.obj
 0001:0000e05f       ?AddResourceInstance@CAtlBaseModule@ATL@@QAE_NPAUHINSTANCE__@@@Z 1000f05f f   atls:atlbase.obj
 0001:0000e092       ?AtlCrtErrorCheck@ATL@@YAHH@Z 1000f092 f i atls:atlbase.obj
 0001:0000e0cd       ?GetHInstanceAt@CAtlBaseModule@ATL@@QAEPAUHINSTANCE__@@H@Z 1000f0cd f   atls:atlbase.obj
 0001:0000e112       ?GetSize@?$CSimpleArray@PAUHINSTANCE__@@V?$CSimpleArrayEqualHelper@PAUHINSTANCE__@@@ATL@@@ATL@@QBEHXZ 1000f112 f i atls:atlbase.obj
 0001:0000e116       ?InternalSetAtIndex@?$CSimpleArray@PAUHINSTANCE__@@V?$CSimpleArrayEqualHelper@PAUHINSTANCE__@@@ATL@@@ATL@@QAEXHABQAUHINSTANCE__@@@Z 1000f116 f i atls:atlbase.obj
 0001:0000e130       ?Lock@?$CComCritSecLock@VCComCriticalSection@ATL@@@ATL@@QAEJXZ 1000f130 f i atls:atlbase.obj
 0001:0000e143       ?Lock@CComCriticalSection@ATL@@QAEJXZ 1000f143 f i atls:atlbase.obj
 0001:0000e14d       ?RemoveAll@?$CSimpleArray@PAUHINSTANCE__@@V?$CSimpleArrayEqualHelper@PAUHINSTANCE__@@@ATL@@@ATL@@QAEXXZ 1000f14d f i atls:atlbase.obj
 0001:0000e16a       ?RemoveAt@?$CSimpleArray@PAUHINSTANCE__@@V?$CSimpleArrayEqualHelper@PAUHINSTANCE__@@@ATL@@@ATL@@QAEHH@Z 1000f16a f i atls:atlbase.obj
 0001:0000e1b2       ?RemoveResourceInstance@CAtlBaseModule@ATL@@QAE_NPAUHINSTANCE__@@@Z 1000f1b2 f   atls:atlbase.obj
 0001:0000e20f       ?Unlock@?$CComCritSecLock@VCComCriticalSection@ATL@@@ATL@@QAEXXZ 1000f20f f i atls:atlbase.obj
 0001:0000e220       ?Unlock@CComCriticalSection@ATL@@QAEJXZ 1000f220 f i atls:atlbase.obj
 0001:0000e22a       ?_AtlRaiseException@ATL@@YAXKK@Z 1000f22a f i atls:atlbase.obj
 0001:0000e23f       ?memmove_s@Checked@ATL@@YAXPAXIPBXI@Z 1000f23f f i atls:atlbase.obj
 0001:0000e2dc       ??0?$CTraceCategoryEx@$00$0A@@ATL@@QAE@PB_W@Z 1000f2dc f i atls:stdafx.obj
 0001:0000e2e1       ??0?$CTraceCategoryEx@$01$0A@@ATL@@QAE@PB_W@Z 1000f2e1 f i atls:stdafx.obj
 0001:0000e2e6       ??0?$CTraceCategoryEx@$03$0A@@ATL@@QAE@PB_W@Z 1000f2e6 f i atls:stdafx.obj
 0001:0000e2eb       ??0?$CTraceCategoryEx@$07$0A@@ATL@@QAE@PB_W@Z 1000f2eb f i atls:stdafx.obj
 0001:0000e2f0       ??0?$CTraceCategoryEx@$0BA@$0A@@ATL@@QAE@PB_W@Z 1000f2f0 f i atls:stdafx.obj
 0001:0000e2f5       ??0?$CTraceCategoryEx@$0BAA@$0A@@ATL@@QAE@PB_W@Z 1000f2f5 f i atls:stdafx.obj
 0001:0000e2fa       ??0?$CTraceCategoryEx@$0BAAA@$0A@@ATL@@QAE@PB_W@Z 1000f2fa f i atls:stdafx.obj
 0001:0000e2ff       ??0?$CTraceCategoryEx@$0BAAAA@$0A@@ATL@@QAE@PB_W@Z 1000f2ff f i atls:stdafx.obj
 0001:0000e304       ??0?$CTraceCategoryEx@$0BAAAAA@$0A@@ATL@@QAE@PB_W@Z 1000f304 f i atls:stdafx.obj
 0001:0000e309       ??0?$CTraceCategoryEx@$0CA@$0A@@ATL@@QAE@PB_W@Z 1000f309 f i atls:stdafx.obj
 0001:0000e30e       ??0?$CTraceCategoryEx@$0CAA@$0A@@ATL@@QAE@PB_W@Z 1000f30e f i atls:stdafx.obj
 0001:0000e313       ??0?$CTraceCategoryEx@$0CAAA@$0A@@ATL@@QAE@PB_W@Z 1000f313 f i atls:stdafx.obj
 0001:0000e318       ??0?$CTraceCategoryEx@$0CAAAA@$0A@@ATL@@QAE@PB_W@Z 1000f318 f i atls:stdafx.obj
 0001:0000e31d       ??0?$CTraceCategoryEx@$0CAAAAA@$0A@@ATL@@QAE@PB_W@Z 1000f31d f i atls:stdafx.obj
 0001:0000e322       ??0?$CTraceCategoryEx@$0EA@$0A@@ATL@@QAE@PB_W@Z 1000f322 f i atls:stdafx.obj
 0001:0000e327       ??0?$CTraceCategoryEx@$0EAA@$0A@@ATL@@QAE@PB_W@Z 1000f327 f i atls:stdafx.obj
 0001:0000e32c       ??0?$CTraceCategoryEx@$0EAAA@$0A@@ATL@@QAE@PB_W@Z 1000f32c f i atls:stdafx.obj
 0001:0000e331       ??0?$CTraceCategoryEx@$0EAAAA@$0A@@ATL@@QAE@PB_W@Z 1000f331 f i atls:stdafx.obj
 0001:0000e336       ??0?$CTraceCategoryEx@$0EAAAAA@$0A@@ATL@@QAE@PB_W@Z 1000f336 f i atls:stdafx.obj
 0001:0000e33b       ??0?$CTraceCategoryEx@$0IA@$0A@@ATL@@QAE@PB_W@Z 1000f33b f i atls:stdafx.obj
 0001:0000e340       ??0?$CTraceCategoryEx@$0IAA@$0A@@ATL@@QAE@PB_W@Z 1000f340 f i atls:stdafx.obj
 0001:0000e345       ??0?$CTraceCategoryEx@$0IAAA@$0A@@ATL@@QAE@PB_W@Z 1000f345 f i atls:stdafx.obj
 0001:0000e34a       ??0?$CTraceCategoryEx@$0IAAAA@$0A@@ATL@@QAE@PB_W@Z 1000f34a f i atls:stdafx.obj
 0001:0000e34f       ??_I@YGXPAXIIP6EX0@Z@Z     1000f34f f i atls:stdafx.obj
 0001:0000e382       _SysFreeString@4           1000f382 f   oleaut32:OLEAUT32.dll
 0001:0000e388       _memmove                   1000f388 f   vcruntimed:VCRUNTIME140D.dll
 0001:0000e38e       _memset                    1000f38e f   vcruntimed:VCRUNTIME140D.dll
 0001:0000e394       ___CxxFrameHandler3        1000f394 f   vcruntimed:VCRUNTIME140D.dll
 0001:0000e39a       ___current_exception       1000f39a f   vcruntimed:VCRUNTIME140D.dll
 0001:0000e3a0       ___current_exception_context 1000f3a0 f   vcruntimed:VCRUNTIME140D.dll
 0001:0000e3a6       __except_handler4_common   1000f3a6 f   vcruntimed:VCRUNTIME140D.dll
 0001:0000e3ac       ___std_type_info_destroy_list 1000f3ac f   vcruntimed:VCRUNTIME140D.dll
 0001:0000e3b2       ___vcrt_GetModuleFileNameW 1000f3b2 f   vcruntimed:VCRUNTIME140D.dll
 0001:0000e3b8       ___vcrt_GetModuleHandleW   1000f3b8 f   vcruntimed:VCRUNTIME140D.dll
 0001:0000e3be       ___vcrt_LoadLibraryExW     1000f3be f   vcruntimed:VCRUNTIME140D.dll
 0001:0000e3c4       _abs                       1000f3c4 f   ucrtd:ucrtbased.dll
 0001:0000e3ca       __CrtDbgReport             1000f3ca f   ucrtd:ucrtbased.dll
 0001:0000e3d0       _atan2                     1000f3d0 f   ucrtd:ucrtbased.dll
 0001:0000e3d6       _cos                       1000f3d6 f   ucrtd:ucrtbased.dll
 0001:0000e3dc       _fabs                      1000f3dc f   ucrtd:ucrtbased.dll
 0001:0000e3e2       _sin                       1000f3e2 f   ucrtd:ucrtbased.dll
 0001:0000e3e8       _sqrt                      1000f3e8 f   ucrtd:ucrtbased.dll
 0001:0000e3ee       _wcscpy_s                  1000f3ee f   ucrtd:ucrtbased.dll
 0001:0000e3f4       _wcslen                    1000f3f4 f   ucrtd:ucrtbased.dll
 0001:0000e3fa       ___stdio_common_vswprintf_s 1000f3fa f   ucrtd:ucrtbased.dll
 0001:0000e400       ___stdio_common_vsprintf   1000f400 f   ucrtd:ucrtbased.dll
 0001:0000e406       ___stdio_common_vsnprintf_s 1000f406 f   ucrtd:ucrtbased.dll
 0001:0000e40c       _free                      1000f40c f   ucrtd:ucrtbased.dll
 0001:0000e412       _malloc                    1000f412 f   ucrtd:ucrtbased.dll
 0001:0000e418       __CrtDbgReportW            1000f418 f   ucrtd:ucrtbased.dll
 0001:0000e41e       _terminate                 1000f41e f   ucrtd:ucrtbased.dll
 0001:0000e424       __seh_filter_dll           1000f424 f   ucrtd:ucrtbased.dll
 0001:0000e42a       __configure_narrow_argv    1000f42a f   ucrtd:ucrtbased.dll
 0001:0000e430       __initialize_narrow_environment 1000f430 f   ucrtd:ucrtbased.dll
 0001:0000e436       __initialize_onexit_table  1000f436 f   ucrtd:ucrtbased.dll
 0001:0000e43c       __register_onexit_function 1000f43c f   ucrtd:ucrtbased.dll
 0001:0000e442       __execute_onexit_table     1000f442 f   ucrtd:ucrtbased.dll
 0001:0000e448       __crt_atexit               1000f448 f   ucrtd:ucrtbased.dll
 0001:0000e44e       __crt_at_quick_exit        1000f44e f   ucrtd:ucrtbased.dll
 0001:0000e454       __cexit                    1000f454 f   ucrtd:ucrtbased.dll
 0001:0000e45a       __initterm                 1000f45a f   ucrtd:ucrtbased.dll
 0001:0000e460       __initterm_e               1000f460 f   ucrtd:ucrtbased.dll
 0001:0000e466       _strcpy_s                  1000f466 f   ucrtd:ucrtbased.dll
 0001:0000e46c       _strcat_s                  1000f46c f   ucrtd:ucrtbased.dll
 0001:0000e472       ___stdio_common_vsprintf_s 1000f472 f   ucrtd:ucrtbased.dll
 0001:0000e478       __wmakepath_s              1000f478 f   ucrtd:ucrtbased.dll
 0001:0000e47e       __wsplitpath_s             1000f47e f   ucrtd:ucrtbased.dll
 0001:0000e484       __invalid_parameter_noinfo 1000f484 f   ucrtd:ucrtbased.dll
 0001:0000e48a       __errno                    1000f48a f   ucrtd:ucrtbased.dll
 0001:0000e490       __recalloc                 1000f490 f   ucrtd:ucrtbased.dll
 0001:0000e496       _OutputDebugStringW@4      1000f496 f   kernel32:KERNEL32.dll
 0001:0000e49c       _EnterCriticalSection@4    1000f49c f   kernel32:KERNEL32.dll
 0001:0000e4a2       _LeaveCriticalSection@4    1000f4a2 f   kernel32:KERNEL32.dll
 0001:0000e4b0       ___acrt_initialize         1000f4b0 f   msvcrtd:ucrt_stubs.obj
 0001:0000e4b0       ___scrt_stub_for_acrt_initialize 1000f4b0 f   msvcrtd:ucrt_stubs.obj
 0001:0000e4b0       ___vcrt_initialize         1000f4b0 f   msvcrtd:ucrt_stubs.obj
 0001:0000e4c0       ___acrt_thread_attach      1000f4c0 f   msvcrtd:ucrt_stubs.obj
 0001:0000e4c0       ___scrt_stub_for_acrt_thread_attach 1000f4c0 f   msvcrtd:ucrt_stubs.obj
 0001:0000e4c0       ___vcrt_thread_attach      1000f4c0 f   msvcrtd:ucrt_stubs.obj
 0001:0000e4d0       ___acrt_thread_detach      1000f4d0 f   msvcrtd:ucrt_stubs.obj
 0001:0000e4d0       ___scrt_stub_for_acrt_thread_detach 1000f4d0 f   msvcrtd:ucrt_stubs.obj
 0001:0000e4d0       ___vcrt_thread_detach      1000f4d0 f   msvcrtd:ucrt_stubs.obj
 0001:0000e4e0       ___acrt_uninitialize       1000f4e0 f   msvcrtd:ucrt_stubs.obj
 0001:0000e4e0       ___scrt_stub_for_acrt_uninitialize 1000f4e0 f   msvcrtd:ucrt_stubs.obj
 0001:0000e4e0       ___vcrt_uninitialize       1000f4e0 f   msvcrtd:ucrt_stubs.obj
 0001:0000e4f0       ___acrt_uninitialize_critical 1000f4f0 f   msvcrtd:ucrt_stubs.obj
 0001:0000e4f0       ___scrt_stub_for_acrt_uninitialize_critical 1000f4f0 f   msvcrtd:ucrt_stubs.obj
 0001:0000e4f0       ___vcrt_uninitialize_critical 1000f4f0 f   msvcrtd:ucrt_stubs.obj
 0001:0000e500       ___scrt_stub_for_is_c_termination_complete 1000f500 f   msvcrtd:ucrt_stubs.obj
 0001:0000e500       __is_c_termination_complete 1000f500 f   msvcrtd:ucrt_stubs.obj
 0001:0000e510       __filter_x86_sse2_floating_point_exception 1000f510 f   msvcrtd:x86_exception_filter.obj
 0001:0000e510       __filter_x86_sse2_floating_point_exception_default 1000f510 f   msvcrtd:x86_exception_filter.obj
 0001:0000e990       ??__FstrHeap@?1??GetInstance@CAtlStringMgr@ATL@@SAPAUIAtlStringMgr@2@XZ@YAXXZ 1000f990 f i StdAfx.obj
 0001:0000e9a0       ??__FstrMgr@?1??GetInstance@CAtlStringMgr@ATL@@SAPAUIAtlStringMgr@2@XZ@YAXXZ 1000f9a0 f i StdAfx.obj
 0002:00000000       __imp__SelectObject@8      10010000     gdi32:GDI32.dll
 0002:00000004       __imp__CreateCompatibleDC@4 10010004     gdi32:GDI32.dll
 0002:00000008       __imp__GetObjectA@12       10010008     gdi32:GDI32.dll
 0002:0000000c       __imp__CreateDIBSection@24 1001000c     gdi32:GDI32.dll
 0002:00000010       __imp__BitBlt@36           10010010     gdi32:GDI32.dll
 0002:00000014       __imp__DeleteObject@4      10010014     gdi32:GDI32.dll
 0002:00000018       __imp__DeleteDC@4          10010018     gdi32:GDI32.dll
 0002:0000001c       \177GDI32_NULL_THUNK_DATA  1001001c     gdi32:GDI32.dll
 0002:00000020       __imp__LeaveCriticalSection@4 10010020     kernel32:KERNEL32.dll
 0002:00000024       __imp__FreeLibrary@4       10010024     kernel32:KERNEL32.dll
 0002:00000028       __imp__VirtualQuery@12     10010028     kernel32:KERNEL32.dll
 0002:0000002c       __imp__WideCharToMultiByte@32 1001002c     kernel32:KERNEL32.dll
 0002:00000030       __imp__RaiseException@16   10010030     kernel32:KERNEL32.dll
 0002:00000034       __imp__InitializeSListHead@4 10010034     kernel32:KERNEL32.dll
 0002:00000038       __imp__GetSystemTimeAsFileTime@4 10010038     kernel32:KERNEL32.dll
 0002:0000003c       __imp__GetCurrentThreadId@0 1001003c     kernel32:KERNEL32.dll
 0002:00000040       __imp__GetCurrentProcessId@0 10010040     kernel32:KERNEL32.dll
 0002:00000044       __imp__QueryPerformanceCounter@4 10010044     kernel32:KERNEL32.dll
 0002:00000048       __imp__GetStartupInfoW@4   10010048     kernel32:KERNEL32.dll
 0002:0000004c       __imp__IsDebuggerPresent@0 1001004c     kernel32:KERNEL32.dll
 0002:00000050       __imp__IsProcessorFeaturePresent@4 10010050     kernel32:KERNEL32.dll
 0002:00000054       __imp__TerminateProcess@8  10010054     kernel32:KERNEL32.dll
 0002:00000058       __imp__GetCurrentProcess@0 10010058     kernel32:KERNEL32.dll
 0002:0000005c       __imp__SetUnhandledExceptionFilter@4 1001005c     kernel32:KERNEL32.dll
 0002:00000060       __imp__UnhandledExceptionFilter@4 10010060     kernel32:KERNEL32.dll
 0002:00000064       __imp__SleepConditionVariableSRW@16 10010064     kernel32:KERNEL32.dll
 0002:00000068       __imp__WakeAllConditionVariable@4 10010068     kernel32:KERNEL32.dll
 0002:0000006c       __imp__AcquireSRWLockExclusive@4 1001006c     kernel32:KERNEL32.dll
 0002:00000070       __imp__ReleaseSRWLockExclusive@4 10010070     kernel32:KERNEL32.dll
 0002:00000074       __imp__LoadLibraryW@4      10010074     kernel32:KERNEL32.dll
 0002:00000078       __imp__GetProcAddress@8    10010078     kernel32:KERNEL32.dll
 0002:0000007c       __imp__GetModuleHandleW@4  1001007c     kernel32:KERNEL32.dll
 0002:00000080       __imp__GetModuleHandleA@4  10010080     kernel32:KERNEL32.dll
 0002:00000084       __imp__GetModuleFileNameW@12 10010084     kernel32:KERNEL32.dll
 0002:00000088       __imp__InitializeCriticalSectionAndSpinCount@8 10010088     kernel32:KERNEL32.dll
 0002:0000008c       __imp__OutputDebugStringA@4 1001008c     kernel32:KERNEL32.dll
 0002:00000090       __imp__MultiByteToWideChar@24 10010090     kernel32:KERNEL32.dll
 0002:00000094       __imp__DeleteCriticalSection@4 10010094     kernel32:KERNEL32.dll
 0002:00000098       __imp__InitializeCriticalSectionEx@12 10010098     kernel32:KERNEL32.dll
 0002:0000009c       __imp__GetProcessHeap@0    1001009c     kernel32:KERNEL32.dll
 0002:000000a0       __imp__HeapSize@12         100100a0     kernel32:KERNEL32.dll
 0002:000000a4       __imp__HeapFree@12         100100a4     kernel32:KERNEL32.dll
 0002:000000a8       __imp__HeapReAlloc@16      100100a8     kernel32:KERNEL32.dll
 0002:000000ac       __imp__HeapAlloc@12        100100ac     kernel32:KERNEL32.dll
 0002:000000b0       __imp__HeapDestroy@4       100100b0     kernel32:KERNEL32.dll
 0002:000000b4       __imp__SetLastError@4      100100b4     kernel32:KERNEL32.dll
 0002:000000b8       __imp__GetLastError@0      100100b8     kernel32:KERNEL32.dll
 0002:000000bc       __imp__DecodePointer@4     100100bc     kernel32:KERNEL32.dll
 0002:000000c0       __imp__EnterCriticalSection@4 100100c0     kernel32:KERNEL32.dll
 0002:000000c4       __imp__OutputDebugStringW@4 100100c4     kernel32:KERNEL32.dll
 0002:000000c8       \177KERNEL32_NULL_THUNK_DATA 100100c8     kernel32:KERNEL32.dll
 0002:000000cc       __imp__SysFreeString@4     100100cc     oleaut32:OLEAUT32.dll
 0002:000000d0       \177OLEAUT32_NULL_THUNK_DATA 100100d0     oleaut32:OLEAUT32.dll
 0002:000000d4       __imp__DefWindowProcA@16   100100d4     user32:USER32.dll
 0002:000000d8       __imp__PostQuitMessage@4   100100d8     user32:USER32.dll
 0002:000000dc       __imp__RegisterClassA@4    100100dc     user32:USER32.dll
 0002:000000e0       __imp__PeekMessageA@20     100100e0     user32:USER32.dll
 0002:000000e4       __imp__CreateWindowExA@48  100100e4     user32:USER32.dll
 0002:000000e8       __imp__SetFocus@4          100100e8     user32:USER32.dll
 0002:000000ec       __imp__GetFocus@0          100100ec     user32:USER32.dll
 0002:000000f0       __imp__SendMessageA@16     100100f0     user32:USER32.dll
 0002:000000f4       __imp__GetClassInfoA@12    100100f4     user32:USER32.dll
 0002:000000f8       __imp__GetAsyncKeyState@4  100100f8     user32:USER32.dll
 0002:000000fc       __imp__GetSysColor@4       100100fc     user32:USER32.dll
 0002:00000100       __imp__UnregisterClassA@8  10010100     user32:USER32.dll
 0002:00000104       __imp__UpdateWindow@4      10010104     user32:USER32.dll
 0002:00000108       __imp__GetDlgItem@8        10010108     user32:USER32.dll
 0002:0000010c       __imp__ClipCursor@4        1001010c     user32:USER32.dll
 0002:00000110       __imp__LoadCursorA@8       10010110     user32:USER32.dll
 0002:00000114       __imp__LoadBitmapA@8       10010114     user32:USER32.dll
 0002:00000118       __imp__GetParent@4         10010118     user32:USER32.dll
 0002:0000011c       __imp__SetWindowLongA@12   1001011c     user32:USER32.dll
 0002:00000120       __imp__GetWindowLongA@8    10010120     user32:USER32.dll
 0002:00000124       __imp__InflateRect@12      10010124     user32:USER32.dll
 0002:00000128       __imp__FillRect@12         10010128     user32:USER32.dll
 0002:0000012c       __imp__DrawFocusRect@8     1001012c     user32:USER32.dll
 0002:00000130       __imp__GetPropA@8          10010130     user32:USER32.dll
 0002:00000134       __imp__SetPropA@12         10010134     user32:USER32.dll
 0002:00000138       __imp__ReleaseDC@8         10010138     user32:USER32.dll
 0002:0000013c       __imp__GetDC@4             1001013c     user32:USER32.dll
 0002:00000140       __imp__ReleaseCapture@0    10010140     user32:USER32.dll
 0002:00000144       __imp__SetCapture@4        10010144     user32:USER32.dll
 0002:00000148       \177USER32_NULL_THUNK_DATA 10010148     user32:USER32.dll
 0002:0000014c       __imp__memmove             1001014c     vcruntimed:VCRUNTIME140D.dll
 0002:00000150       __imp__memset              10010150     vcruntimed:VCRUNTIME140D.dll
 0002:00000154       __imp____CxxFrameHandler3  10010154     vcruntimed:VCRUNTIME140D.dll
 0002:00000158       __imp____current_exception 10010158     vcruntimed:VCRUNTIME140D.dll
 0002:0000015c       __imp____current_exception_context 1001015c     vcruntimed:VCRUNTIME140D.dll
 0002:00000160       __imp___except_handler4_common 10010160     vcruntimed:VCRUNTIME140D.dll
 0002:00000164       __imp____std_type_info_destroy_list 10010164     vcruntimed:VCRUNTIME140D.dll
 0002:00000168       __imp____vcrt_GetModuleFileNameW 10010168     vcruntimed:VCRUNTIME140D.dll
 0002:0000016c       __imp____vcrt_GetModuleHandleW 1001016c     vcruntimed:VCRUNTIME140D.dll
 0002:00000170       __imp____vcrt_LoadLibraryExW 10010170     vcruntimed:VCRUNTIME140D.dll
 0002:00000174       \177VCRUNTIME140D_NULL_THUNK_DATA 10010174     vcruntimed:VCRUNTIME140D.dll
 0002:00000178       __imp_?OnTouchInput@CWnd@@MAEHVCPoint@@HHPAUtagTOUCHINPUT@@@Z 10010178     mfc140d:mfc140d.dll
 0002:0000017c       __imp_?GetGestureStatus@CWnd@@MAEKVCPoint@@@Z 1001017c     mfc140d:mfc140d.dll
 0002:00000180       __imp_?OnGestureZoom@CWnd@@MAEHVCPoint@@J@Z 10010180     mfc140d:mfc140d.dll
 0002:00000184       __imp_?OnGesturePan@CWnd@@MAEHVCPoint@@0@Z 10010184     mfc140d:mfc140d.dll
 0002:00000188       __imp_?OnGestureRotate@CWnd@@MAEHVCPoint@@N@Z 10010188     mfc140d:mfc140d.dll
[...]
 0002:00002270       $SG242421                  10012270     StdAfx.obj
 0002:000022e0       $SG242525                  100122e0     StdAfx.obj
 0002:00002350       $SG242526                  10012350     StdAfx.obj
 0002:000023c0       $SG242534                  100123c0     StdAfx.obj
 0002:00002430       $SG242535                  10012430     StdAfx.obj
 0002:000024a0       $SG242544                  100124a0     StdAfx.obj
 0002:00002510       $SG242546                  10012510     StdAfx.obj
 0002:00002580       $SG242547                  10012580     StdAfx.obj
 0002:000025f0       $SG242548                  100125f0     StdAfx.obj
 0002:00002660       $SG242557                  10012660     StdAfx.obj
 0002:000026d0       $SG242569                  100126d0     StdAfx.obj
 0002:00002740       $SG242595                  10012740     StdAfx.obj
 0002:000027b0       $SG242607                  100127b0     StdAfx.obj
 0002:00002820       $SG242633                  10012820     StdAfx.obj
 0002:00002890       $SG242645                  10012890     StdAfx.obj
 0002:00002900       $SG242708                  10012900     StdAfx.obj
 0002:00002970       $SG242710                  10012970     StdAfx.obj
 0002:000029e0       $SG242722                  100129e0     StdAfx.obj
 0002:00002a50       $SG242724                  10012a50     StdAfx.obj
 0002:00002ac0       $SG242750                  10012ac0     StdAfx.obj
 0002:00002b30       $SG242752                  10012b30     StdAfx.obj
 0002:00002ba0       $SG242764                  10012ba0     StdAfx.obj
 0002:00002c10       $SG242766                  10012c10     StdAfx.obj
 0002:00002c80       $SG242792                  10012c80     StdAfx.obj
 0002:00002cf0       $SG242794                  10012cf0     StdAfx.obj
 0002:00002d60       $SG242806                  10012d60     StdAfx.obj
 0002:00002dd0       $SG242808                  10012dd0     StdAfx.obj
 0002:00002e40       $SG242834                  10012e40     StdAfx.obj
 0002:00002eb0       $SG242836                  10012eb0     StdAfx.obj
 0002:00002f20       $SG242848                  10012f20     StdAfx.obj
 0002:00002f90       $SG242850                  10012f90     StdAfx.obj
 0002:00003000       $SG242876                  10013000     StdAfx.obj
 0002:00003070       $SG242878                  10013070     StdAfx.obj
 0002:000030e0       $SG242890                  100130e0     StdAfx.obj
 0002:00003150       $SG242892                  10013150     StdAfx.obj
 0002:000031c0       $SG242921                  100131c0     StdAfx.obj
 0002:00003230       $SG242923                  10013230     StdAfx.obj
 0002:000032a0       $SG242952                  100132a0     StdAfx.obj
 0002:00003310       $SG242954                  10013310     StdAfx.obj
 0002:00003380       $SG242983                  10013380     StdAfx.obj
 0002:000033f0       $SG242985                  100133f0     StdAfx.obj
 0002:00003460       $SG243014                  10013460     StdAfx.obj
 0002:000034d0       $SG243016                  100134d0     StdAfx.obj
 0002:0000353c       $SG153455                  1001353c     StdAfx.obj
 0002:00003560       $SG153456                  10013560     StdAfx.obj
 0002:00003568       $SG153457                  10013568     StdAfx.obj
 0002:00003640       $SG72556                   10013640     StdAfx.obj
 0002:00003650       $SG72629                   10013650     StdAfx.obj
 0002:0000365c       $SG72678                   1001365c     StdAfx.obj
 0002:00003668       $SG72727                   10013668     StdAfx.obj
 0002:0000367c       $SG72776                   1001367c     StdAfx.obj
 0002:00003690       $SG72825                   10013690     StdAfx.obj
 0002:000036a4       $SG72874                   100136a4     StdAfx.obj
 0002:000036b8       $SG72923                   100136b8     StdAfx.obj
 0002:000036c8       $SG72972                   100136c8     StdAfx.obj
 0002:000036dc       $SG73021                   100136dc     StdAfx.obj
 0002:000036f0       $SG73070                   100136f0     StdAfx.obj
 0002:00003700       $SG73119                   10013700     StdAfx.obj
 0002:00003710       $SG73168                   10013710     StdAfx.obj
 0002:00003724       $SG73217                   10013724     StdAfx.obj
 0002:00003738       $SG73266                   10013738     StdAfx.obj
 0002:00003748       $SG73315                   10013748     StdAfx.obj
 0002:00003758       $SG73364                   10013758     StdAfx.obj
 0002:00003768       $SG73413                   10013768     StdAfx.obj
 0002:00003778       $SG73462                   10013778     StdAfx.obj
 0002:00003784       $SG73467                   10013784     StdAfx.obj
 0002:00003794       $SG73516                   10013794     StdAfx.obj
 0002:000037a8       $SG73565                   100137a8     StdAfx.obj
 0002:000037b8       $SG73614                   100137b8     StdAfx.obj
 0002:000037c8       $SG122845                  100137c8     StdAfx.obj
 0002:000037dc       $SG122847                  100137dc     StdAfx.obj
 0002:00004230       $SG243574                  10014230     WWCtrl.obj
 0002:00004260       $SG243575                  10014260     WWCtrl.obj
 0002:0000427c       $SG243576                  1001427c     WWCtrl.obj
 0002:00004280       $SG243580                  10014280     WWCtrl.obj
 0002:000042b0       $SG243581                  100142b0     WWCtrl.obj
 0002:000042cc       $SG243582                  100142cc     WWCtrl.obj
 0002:000042d0       $SG72556                   100142d0     WWCtrl.obj
 0002:00006ad0       _GS_ExceptionPointers      10016ad0     msvcrtd:gs_report.obj
 0002:00006ad8       ?_RTC_ErrorMessages@@3QBQBDB 10016ad8     msvcrtd:error.obj
 0002:00006af0       ?_RTC_NoFalsePositives@@3QBHB 10016af0     msvcrtd:error.obj
 0002:00006b08       ?stack_premsg@@3QBDB       10016b08     msvcrtd:error.obj
 0002:00006b24       ?stack_postmsg@@3QBDB      10016b24     msvcrtd:error.obj
 0002:00006b38       ?uninit_premsg@@3QBDB      10016b38     msvcrtd:error.obj
 0002:00006b48       ?uninit_postmsg@@3QBDB     10016b48     msvcrtd:error.obj
 0002:00007088       ?_RTC_errlist@@3QBQBDB     10017088     msvcrtd:userapi.obj
 0002:00007148       ?mspdbName@@3QB_WB         10017148     msvcrtd:pdblkup.obj
 0002:0000716c       ?debugCrtFileName@@3QB_WB  1001716c     msvcrtd:pdblkup.obj
 0002:000072b4       ?dllExt@?1??GetPdbDllPathFromFilePath@@YAHPB_WPA_WI@Z@4QB_WB 100172b4     msvcrtd:pdblkup.obj
 0002:000072bc       ?mspdbFilename@?1??GetPdbDllPathFromFilePath@@YAHPB_WPA_WI@Z@4QB_WB 100172bc     msvcrtd:pdblkup.obj
 0002:000081ec       __RTC_InitBase.rtc$IMZ     100181ec     mfcs140d:nolib.obj
 0002:000081f0       __RTC_InitBase.rtc$IMZ     100181f0     mfcs140d:stdafx.obj
 0002:000081fc       __RTC_Shutdown.rtc$TMZ     100181fc     mfcs140d:nolib.obj
 0002:00008200       __RTC_Shutdown.rtc$TMZ     10018200     mfcs140d:stdafx.obj
 0002:00008218       __unwindtable$?fnColorBarProc@@YGJPAUHWND__@@IIJ@Z 10018218     ColorBar.obj
 0002:00008220       __unwindtable$?OnPaint@ColorBarClass@@IAEXXZ 10018220     ColorBar.obj
 0002:00008228       __ehfuncinfo$?fnColorBarProc@@YGJPAUHWND__@@IIJ@Z 10018228     ColorBar.obj
 0002:0000824c       __ehfuncinfo$?OnPaint@ColorBarClass@@IAEXXZ 1001824c     ColorBar.obj
 0002:00008270       __ehfuncinfo$??1ColorBarClass@@UAE@XZ 10018270     ColorBar.obj
 0002:00008294       __ehfuncinfo$??_EColorBarClass@@UAEPAXI@Z 10018294     ColorBar.obj
 0002:000082b8       __unwindtable$?fnColorPickerProc@@YGJPAUHWND__@@IIJ@Z 100182b8     ColorPicker.obj
 0002:000082c0       __unwindtable$?OnPaint@ColorPickerClass@@IAEXXZ 100182c0     ColorPicker.obj
 0002:000082c8       __ehfuncinfo$?fnColorPickerProc@@YGJPAUHWND__@@IIJ@Z 100182c8     ColorPicker.obj
 0002:000082ec       __ehfuncinfo$?OnPaint@ColorPickerClass@@IAEXXZ 100182ec     ColorPicker.obj
 0002:00008310       __ehfuncinfo$??1ColorPickerClass@@UAE@XZ 10018310     ColorPicker.obj
 0002:00008334       __ehfuncinfo$??_EColorPickerClass@@UAEPAXI@Z 10018334     ColorPicker.obj
 0002:00008358       __unwindtable$??0ColorPickerDialogClass@@QAE@HHHPAVCWnd@@I@Z 10018358     ColorPickerDialogClass.obj
 0002:00008370       __ehfuncinfo$??0ColorPickerDialogClass@@QAE@HHHPAVCWnd@@I@Z 10018370     ColorPickerDialogClass.obj
 0002:00008394       __ehfuncinfo$??1MyManageStateClass@@QAE@XZ 10018394     ColorPickerDialogClass.obj
 0002:000083b8       __unwindtable$?TraceV@CTrace@ATL@@SAXPBDHII0PAD@Z 100183b8     StdAfx.obj
 0002:000083c8       __ehfuncinfo$?TraceV@CTrace@ATL@@SAXPBDHII0PAD@Z 100183c8     StdAfx.obj
 0002:000083ec       __unwindtable$??RCTraceFileAndLineInfo@ATL@@QBAXHIPBDZZ 100183ec     StdAfx.obj
 0002:000083f4       __ehfuncinfo$??RCTraceFileAndLineInfo@ATL@@QBAXHIPBDZZ 100183f4     StdAfx.obj
 0002:00008418       __ehfuncinfo$??1?$CSimpleArray@GV?$CSimpleArrayEqualHelper@G@ATL@@@ATL@@QAE@XZ 10018418     StdAfx.obj
 0002:0000843c       __unwindtable$??0_ATL_WIN_MODULE70@ATL@@QAE@XZ 1001843c     StdAfx.obj
 0002:00008444       __ehfuncinfo$??0_ATL_WIN_MODULE70@ATL@@QAE@XZ 10018444     StdAfx.obj
 0002:00008468       __ehfuncinfo$??1CAtlComModule@ATL@@QAE@XZ 10018468     StdAfx.obj
 0002:0000848c       __ehfuncinfo$??1CAtlWinModule@ATL@@QAE@XZ 1001848c     StdAfx.obj
 0002:000084b0       __unwindtable$??RCTraceFileAndLineInfo@ATL@@QBAXPBDZZ 100184b0     WWCtrl.obj
 0002:000084b8       __ehfuncinfo$??RCTraceFileAndLineInfo@ATL@@QBAXPBDZZ 100184b8     WWCtrl.obj
 0002:000084e0       __sehtable$_WinbaseIsolationAwarePrivatetRgzlnPgpgk@0 100184e0     mfcs140d:nolib.obj
 0002:00008500       __sehtable$_IsolationAwareUnregisterClassA@8 10018500     mfcs140d:nolib.obj
 0002:0000851c       __ehfuncinfo$??_Estringdispid@CComTypeInfoHolder@ATL@@QAEPAXI@Z 1001851c     mfcs140d:nolib.obj
 0002:00008540       __sehtable$??_M@YGXPAXIIP6EX0@Z@Z 10018540     msvcrtd:ehvecdtr.obj
 0002:00008560       __sehtable$?__ArrayUnwind@@YGXPAXIIP6EX0@Z@Z 10018560     msvcrtd:ehvecdtr.obj
 0002:00008580       __sehtable$___scrt_is_nonwritable_in_current_image 10018580     msvcrtd:utility.obj
 0002:000085a0       __sehtable$?dllmain_crt_process_attach@@YAHQAUHINSTANCE__@@QAX@Z 100185a0     msvcrtd:dll_dllmain.obj
 0002:000085c0       __sehtable$?dllmain_crt_process_detach@@YAH_N@Z 100185c0     msvcrtd:dll_dllmain.obj
 0002:000085e8       __sehtable$?dllmain_dispatch@@YAHQAUHINSTANCE__@@KQAX@Z 100185e8     msvcrtd:dll_dllmain.obj
 0002:00008608       __sehtable$?notify_debugger@@YAXABUtagEXCEPTION_VISUALCPP_DEBUG_INFO@@@Z 10018608     msvcrtd:error.obj
 0002:00008630       .edata                     10018630     WWCtrlD.exp
 0002:00008658       rgpv                       10018658     WWCtrlD.exp
 0002:000087a0       rgszName                   100187a0     WWCtrlD.exp
 0002:000088e8       rgwOrd                     100188e8     WWCtrlD.exp
 0002:0000898c       szName                     1001898c     WWCtrlD.exp
 0002:00008998       $N00006                    10018998     WWCtrlD.exp
 0002:000089b1       $N00007                    100189b1     WWCtrlD.exp
 0002:000089cd       $N00008                    100189cd     WWCtrlD.exp
 0002:000089e6       $N00009                    100189e6     WWCtrlD.exp
 0002:00008a02       $N00010                    10018a02     WWCtrlD.exp
 0002:00008a19       $N00011                    10018a19     WWCtrlD.exp
 0002:00008a33       $N00012                    10018a33     WWCtrlD.exp
 0002:00008a6b       $N00013                    10018a6b     WWCtrlD.exp
 0002:00008a8f       $N00014                    10018a8f     WWCtrlD.exp
 0002:00008abc       $N00015                    10018abc     WWCtrlD.exp
 0002:00008b08       $N00016                    10018b08     WWCtrlD.exp
 0002:00008b57       $N00017                    10018b57     WWCtrlD.exp
 0002:00008b7c       $N00018                    10018b7c     WWCtrlD.exp
 0002:00008ba4       $N00019                    10018ba4     WWCtrlD.exp
 0002:00008bca       $N00020                    10018bca     WWCtrlD.exp
 0002:00008bf1       $N00021                    10018bf1     WWCtrlD.exp
 0002:00008c26       $N00022                    10018c26     WWCtrlD.exp
 0002:00008c49       $N00023                    10018c49     WWCtrlD.exp
 0002:00008c6f       $N00024                    10018c6f     WWCtrlD.exp
 0002:00008c99       $N00025                    10018c99     WWCtrlD.exp
 0002:00008ccc       $N00026                    10018ccc     WWCtrlD.exp
 0002:00008d02       $N00027                    10018d02     WWCtrlD.exp
 0002:00008d38       $N00028                    10018d38     WWCtrlD.exp
 0002:00008d71       $N00029                    10018d71     WWCtrlD.exp
 0002:00008d98       $N00030                    10018d98     WWCtrlD.exp
 0002:00008dcb       $N00031                    10018dcb     WWCtrlD.exp
 0002:00008e04       $N00032                    10018e04     WWCtrlD.exp
 0002:00008e35       $N00033                    10018e35     WWCtrlD.exp
 0002:00008e5f       $N00034                    10018e5f     WWCtrlD.exp
 0002:00008e88       $N00035                    10018e88     WWCtrlD.exp
 0002:00008eaf       $N00036                    10018eaf     WWCtrlD.exp
 0002:00008ed4       $N00037                    10018ed4     WWCtrlD.exp
 0002:00008efd       $N00038                    10018efd     WWCtrlD.exp
 0002:00008f36       $N00039                    10018f36     WWCtrlD.exp
 0002:00008f5c       $N00040                    10018f5c     WWCtrlD.exp
 0002:00008f87       $N00041                    10018f87     WWCtrlD.exp
 0002:00008fb6       $N00042                    10018fb6     WWCtrlD.exp
 0002:00008fe0       $N00043                    10018fe0     WWCtrlD.exp
 0002:00009012       $N00044                    10019012     WWCtrlD.exp
 0002:0000903d       $N00045                    1001903d     WWCtrlD.exp
 0002:00009066       $N00046                    10019066     WWCtrlD.exp
 0002:00009097       $N00047                    10019097     WWCtrlD.exp
 0002:000090cc       $N00048                    100190cc     WWCtrlD.exp
 0002:00009104       $N00049                    10019104     WWCtrlD.exp
 0002:00009133       $N00050                    10019133     WWCtrlD.exp
 0002:00009157       $N00051                    10019157     WWCtrlD.exp
 0002:00009183       $N00052                    10019183     WWCtrlD.exp
 0002:000091b4       $N00053                    100191b4     WWCtrlD.exp
 0002:000091e3       $N00054                    100191e3     WWCtrlD.exp
 0002:00009215       $N00055                    10019215     WWCtrlD.exp
 0002:00009242       $N00056                    10019242     WWCtrlD.exp
 0002:00009272       $N00057                    10019272     WWCtrlD.exp
 0002:0000929f       $N00058                    1001929f     WWCtrlD.exp
 0002:000092cf       $N00059                    100192cf     WWCtrlD.exp
 0002:000092ee       $N00060                    100192ee     WWCtrlD.exp
 0002:00009310       $N00061                    10019310     WWCtrlD.exp
 0002:0000933b       $N00062                    1001933b     WWCtrlD.exp
 0002:0000935c       $N00063                    1001935c     WWCtrlD.exp
 0002:00009380       $N00064                    10019380     WWCtrlD.exp
 0002:000093ad       $N00065                    100193ad     WWCtrlD.exp
 0002:000093da       $N00066                    100193da     WWCtrlD.exp
 0002:000093fb       $N00067                    100193fb     WWCtrlD.exp
 0002:00009424       $N00068                    10019424     WWCtrlD.exp
 0002:0000944d       $N00069                    1001944d     WWCtrlD.exp
 0002:00009474       $N00070                    10019474     WWCtrlD.exp
 0002:000094a2       $N00071                    100194a2     WWCtrlD.exp
 0002:000094d8       $N00072                    100194d8     WWCtrlD.exp
 0002:000094f7       $N00073                    100194f7     WWCtrlD.exp
 0002:00009521       $N00074                    10019521     WWCtrlD.exp
 0002:0000954c       $N00075                    1001954c     WWCtrlD.exp
 0002:00009578       $N00076                    10019578     WWCtrlD.exp
 0002:0000959b       $N00077                    1001959b     WWCtrlD.exp
 0002:000095bf       $N00078                    100195bf     WWCtrlD.exp
 0002:000095e9       $N00079                    100195e9     WWCtrlD.exp
 0002:00009611       $N00080                    10019611     WWCtrlD.exp
 0002:0000963a       $N00004                    1001963a     WWCtrlD.exp
 0002:00009653       $N00003                    10019653     WWCtrlD.exp
 0002:00009662       $N00081                    10019662     WWCtrlD.exp
 0002:00009674       $N00005                    10019674     WWCtrlD.exp
 0002:00009683       $N00082                    10019683     WWCtrlD.exp
 0002:0000969b       $N00083                    1001969b     WWCtrlD.exp
 0002:000096af       $N00002                    100196af     WWCtrlD.exp
 0002:00009bd8       .idata$6                   10019bd8     mfc140d:mfc140d.dll
 0002:00009f1c       .idata$6                   10019f1c     kernel32:KERNEL32.dll
 0002:0000a0de       .idata$6                   1001a0de     user32:USER32.dll
 0002:0000a158       .idata$6                   1001a158     gdi32:GDI32.dll
 0002:0000a162       .idata$6                   1001a162     oleaut32:OLEAUT32.dll
 0002:0000a256       .idata$6                   1001a256     vcruntimed:VCRUNTIME140D.dll
 0002:0000a4aa       .idata$6                   1001a4aa     ucrtd:ucrtbased.dll
 0003:00000000       ?THIS_FILE@@3PADA          1001b000     ColorBar.obj
 0003:00000030       ?THIS_FILE@@3PADA          1001b030     ColorPicker.obj
 0003:00000064       ?THIS_FILE@@3PADA          1001b064     ColorPickerDialogClass.obj
 0003:000000ac       ?THIS_FILE@@3PADA          1001b0ac     WWCtrl.obj
 0003:00002478       ?WWCtrlDLL@@3UAFX_EXTENSION_MODULE@@A 1001d478     WWCtrl.obj
 0003:000024c8       ?is_initialized_as_dll@@3_NA 1001d4c8     msvcrtd:utility.obj
 0003:000024c9       ?module_local_atexit_table_initialized@@3_NA 1001d4c9     msvcrtd:utility.obj
 0003:000024cc       ?module_local_atexit_table@@3U_onexit_table_t@@A 1001d4cc     msvcrtd:utility.obj
 0003:000024d8       ?module_local_at_quick_exit_table@@3U_onexit_table_t@@A 1001d4d8     msvcrtd:utility.obj
 0003:000024e4       ?g_tss_cv@@3U_RTL_CONDITION_VARIABLE@@A 1001d4e4     msvcrtd:thread_safe_statics.obj
 0003:000024e8       ?g_tss_srw@@3U_RTL_SRWLOCK@@A 1001d4e8     msvcrtd:thread_safe_statics.obj
 0003:000024f0       ?__proc_attached@@3HA      1001d4f0     msvcrtd:dll_dllmain.obj
 0003:000024f4       ?init@?1??_RTC_InitBase@@9@4_NA 1001d4f4     msvcrtd:init.obj
 0003:00002500       _GS_ExceptionRecord        1001d500     msvcrtd:gs_report.obj
 0003:00002550       _GS_ContextRecord          1001d550     msvcrtd:gs_report.obj
 0003:00002840       ?_RTC_ErrorReportFunc@@3P6AHHPBDH00ZZA 1001d840     msvcrtd:userapi.obj
 0003:00002844       ?_RTC_ErrorReportFuncW@@3P6AHHPB_WH00ZZA 1001d844     msvcrtd:userapi.obj
 0003:00002848       ?mspdb@@3PAUHINSTANCE__@@A 1001d848     msvcrtd:pdblkup.obj
 0003:0000284c       ?alreadyTried@?1??GetPdbDll@@YAPAUHINSTANCE__@@XZ@4_NA 1001d84c     msvcrtd:pdblkup.obj
 0003:0000284d       ?PDBOK@?1??_RTC_GetSrcLine@@YAHPAEPA_WKPAH1K@Z@4_NA 1001d84d     msvcrtd:pdblkup.obj
 0004:000001f0       $R000000                   1001e1f0     WWCtrl.res
 0004:00000538       $R000348                   1001e538     WWCtrl.res
 0004:00000948       $R000758                   1001e948     WWCtrl.res
 0004:00000cf8       $R000B08                   1001ecf8     WWCtrl.res
 0004:00000d78       $R000B88                   1001ed78     WWCtrl.res
 0004:00000e38       $R000C48                   1001ee38     WWCtrl.res
 0004:00000f18       $R000D28                   1001ef18     WWCtrl.res
 0004:00000fc8       $R000DD8                   1001efc8     WWCtrl.res
