 WWCtrlD

 Timestamp is 67c4e6a7 (Sun Mar  2 23:15:51 2025)

 Preferred load address is 10000000

 Start         Length     Name                   Class
 0001:00000000 00000b20H .text$di                CODE
 0001:00000b20 0000e3f0H .text$mn                CODE
 0001:0000ef10 00000340H .text$x                 CODE
 0001:0000f250 00000101H .text$yd                CODE
 0002:00000000 00000474H .idata$5                DATA
 0002:00000474 0000000cH .00cfg                  DATA
 0002:00000480 00000004H .CRT$XCA                DATA
 0002:00000484 00000004H .CRT$XCL                DATA
 0002:00000488 0000006cH .CRT$XCU                DATA
 0002:000004f4 00000004H .CRT$XCZ                DATA
 0002:000004f8 00000004H .CRT$XIA                DATA
 0002:000004fc 00000004H .CRT$XIZ                DATA
 0002:00000500 00000004H .CRT$XLA                DATA
 0002:00000504 00000004H .CRT$XLZ                DATA
 0002:00000508 00000004H .CRT$XPA                DATA
 0002:0000050c 00000004H .CRT$XPZ                DATA
 0002:00000510 00000004H .CRT$XTA                DATA
 0002:00000514 0000000cH .CRT$XTZ                DATA
 0002:00000518 00000000H .gfids$y                DATA
 0002:00000520 00004760H .rdata                  DATA
 0002:00004c80 00000040H .rdata$CastGuardVftablesA DATA
 0002:00004cc0 00000040H .rdata$CastGuardVftablesC DATA
 0002:00004d00 00000018H .rdata$T                DATA
 0002:00004d18 00000330H .rdata$r                DATA
 0002:00005048 00000050H .rdata$sxdata           DATA
 0002:00005098 0000013cH .rdata$voltmd           DATA
 0002:000051d4 00000414H .rdata$zzzdbg           DATA
 0002:000055e8 00000004H .rtc$IAA                DATA
 0002:000055ec 00000008H .rtc$IMZ                DATA
 0002:000055f4 00000004H .rtc$IZZ                DATA
 0002:000055f8 00000004H .rtc$TAA                DATA
 0002:000055fc 00000008H .rtc$TMZ                DATA
 0002:00005604 00000004H .rtc$TZZ                DATA
 0002:00005608 00000004H .tls                    DATA
 0002:0000560c 00000004H .tls$                   DATA
 0002:00005610 00000008H .tls$ZZZ                DATA
 0002:00005618 0000040cH .xdata$x                DATA
 0002:00005a24 00000004H ATL$__a                 DATA
 0002:00005a28 00000008H ATL$__z                 DATA
 0002:00005a30 00001094H .edata                  DATA
 0002:00006ac4 0000008cH .idata$2                DATA
 0002:00006b50 00000014H .idata$3                DATA
 0002:00006b64 00000474H .idata$4                DATA
 0002:00006fd8 00000926H .idata$6                DATA
 0003:00000000 00000174H .data                   DATA
 0003:00000174 0000015cH .data$rs                DATA
 0003:000002d0 000025c0H .bss                    DATA
 0004:00000000 000001f0H .rsrc$01                DATA
 0004:000001f0 00001000H .rsrc$02                DATA

  Address         Publics by Value              Rva+Base       Lib:Object

 0000:00000000       ___AbsoluteZero            00000000     <absolute>
 0000:00000000       ___arm64x_extra_rfe_table  00000000     <absolute>
 0000:00000000       ___arm64x_extra_rfe_table_size 00000000     <absolute>
 0000:00000000       ___arm64x_native_entrypoint 00000000     <absolute>
 0000:00000000       ___arm64x_redirection_metadata 00000000     <absolute>
 0000:00000000       ___arm64x_redirection_metadata_count 00000000     <absolute>
 0000:00000000       ___dynamic_value_reloc_table 00000000     <absolute>
 0000:00000000       ___enclave_config          00000000     <absolute>
 0000:00000000       ___guard_check_icall_a64n_fptr 00000000     <absolute>
 0000:00000000       ___guard_eh_cont_count     00000000     <absolute>
 0000:00000000       ___guard_eh_cont_table     00000000     <absolute>
 0000:00000000       ___guard_fids_count        00000000     <absolute>
 0000:00000000       ___guard_fids_table        00000000     <absolute>
 0000:00000000       ___guard_iat_count         00000000     <absolute>
 0000:00000000       ___guard_iat_table         00000000     <absolute>
 0000:00000000       ___guard_longjmp_count     00000000     <absolute>
 0000:00000000       ___guard_longjmp_table     00000000     <absolute>
 0000:00000000       ___hybrid_auxiliary_delayload_iat 00000000     <absolute>
 0000:00000000       ___hybrid_auxiliary_delayload_iat_copy 00000000     <absolute>
 0000:00000000       ___hybrid_auxiliary_iat    00000000     <absolute>
 0000:00000000       ___hybrid_auxiliary_iat_copy 00000000     <absolute>
 0000:00000000       ___hybrid_code_map         00000000     <absolute>
 0000:00000000       ___hybrid_code_map_count   00000000     <absolute>
 0000:00000000       ___hybrid_image_info_bitfield 00000000     <absolute>
 0000:00000000       ___x64_code_ranges_to_entry_points 00000000     <absolute>
 0000:00000000       ___x64_code_ranges_to_entry_points_count 00000000     <absolute>
 0000:00000014       ___safe_se_handler_count   00000014     <absolute>
 0000:0000002c       __tls_array                0000002c     <absolute>
 0000:00000100       ___guard_flags             00000100     <absolute>
 0000:00000000       ___ImageBase               10000000     <linker-defined>
 0001:00000b20       ?OnCreate@ColorBarClass@@IAEHPAUtagCREATESTRUCTA@@@Z 10001b20 f   ColorBar.obj
 0001:00000b70       ?OnSize@ColorBarClass@@IAEXIHH@Z 10001b70 f   ColorBar.obj
 0001:00000bb0       ?OnPaint@ColorBarClass@@IAEXXZ 10001bb0 f   ColorBar.obj
 0001:00000c40       ?OnLButtonDown@ColorBarClass@@IAEXIVCPoint@@@Z 10001c40 f   ColorBar.obj
 0001:00000db0       ?OnLButtonUp@ColorBarClass@@IAEXIVCPoint@@@Z 10001db0 f   ColorBar.obj
 0001:00000e20       ?OnMouseMove@ColorBarClass@@IAEXIVCPoint@@@Z 10001e20 f   ColorBar.obj
 0001:00001080       ?OnKillFocus@ColorBarClass@@IAEXPAVCWnd@@@Z 10002080 f   ColorBar.obj
 0001:000010b0       ?OnSetFocus@ColorBarClass@@IAEXPAVCWnd@@@Z 100020b0 f   ColorBar.obj
 0001:000010e0       ?OnKeyDown@ColorBarClass@@IAEXIII@Z 100020e0 f   ColorBar.obj
 0001:00001160       ?OnLButtonDblClk@ColorBarClass@@IAEXIVCPoint@@@Z 10002160 f   ColorBar.obj
 0001:000011c0       ??0CRect@@QAE@HHHH@Z       100021c0 f i ColorBar.obj
 0001:00001200       ??0CRect@@QAE@XZ           10002200 f i ColorBar.obj
 0001:00001240       ??0ColorBarClass@@QAE@XZ   10002240 f   ColorBar.obj
 0001:00001400       ??1ColorBarClass@@UAE@XZ   10002400 f   ColorBar.obj
 0001:00001490       ??BCRect@@QAEPAUtagRECT@@XZ 10002490 f i ColorBar.obj
 0001:000014b0       ??_EColorBarClass@@UAEPAXI@Z 100024b0 f i ColorBar.obj
 0001:00001580       ??_GColorBarClass@@UAEPAXI@Z 10002580 f i ColorBar.obj
 0001:000015d0       ?AfxAssertFailedLine@@YGHPBDH@Z 100025d0 f i ColorBar.obj
 0001:00001630       ?Clear_Points@ColorBarClass@@QAEXXZ 10002630 f   ColorBar.obj
 0001:00001670       ?Create@ColorBarClass@@UAEHPBD0KABUtagRECT@@PAVCWnd@@IPAUCCreateContext@@@Z 10002670 f   ColorBar.obj
 0001:00001710       ?Create_Bitmap@ColorBarClass@@IAEXXZ 10002710 f   ColorBar.obj
 0001:00001a40       ?Delete_Point@ColorBarClass@@QAE_NH@Z 10002a40 f   ColorBar.obj
 0001:00001b10       ?Free_Bitmap@ColorBarClass@@IAEXXZ 10002b10 f   ColorBar.obj
 0001:00001b80       ?Free_Marker_Bitmap@ColorBarClass@@IAEXXZ 10002b80 f   ColorBar.obj
 0001:00001bd0       ?GetMessageMap@ColorBarClass@@MBEPBUAFX_MSGMAP@@XZ 10002bd0 f   ColorBar.obj
 0001:00001bf0       ?GetThisMessageMap@ColorBarClass@@KGPBUAFX_MSGMAP@@XZ 10002bf0 f   ColorBar.obj
 0001:00001c10       ?Get_Color@ColorBarClass@@QAEXMPAM00@Z 10002c10 f   ColorBar.obj
 0001:00001e80       ?Get_Color_Bar@ColorBarClass@@SAPAV1@PAUHWND__@@@Z 10002e80 f i ColorBar.obj
 0001:00001ea0       ?Get_Graph_Percent@ColorBarClass@@QAEMH@Z 10002ea0 f   ColorBar.obj
 0001:00001ef0       ?Get_Point@ColorBarClass@@QAE_NHPAM000@Z 10002ef0 f   ColorBar.obj
 0001:00001fc0       ?Get_Point_Count@ColorBarClass@@QBEHXZ 10002fc0 f i ColorBar.obj
 0001:00001fe0       ?Get_Range@ColorBarClass@@QBEXAAM0@Z 10002fe0 f i ColorBar.obj
 0001:00002020       ?Get_Selection_Pos@ColorBarClass@@QBEMXZ 10003020 f i ColorBar.obj
 0001:00002040       ?Get_Selection_Rectangle@ColorBarClass@@IAEXAAVCRect@@@Z 10003040 f   ColorBar.obj
 0001:000021a0       ?Get_User_Data@ColorBarClass@@QAEKH@Z 100031a0 f   ColorBar.obj
 0001:000021f0       ?Height@CRect@@QBEHXZ      100031f0 f i ColorBar.obj
 0001:00002210       ?InflateRect@CRect@@QAEXHH@Z 10003210 f i ColorBar.obj
 0001:00002240       ?Insert_Point@ColorBarClass@@QAE_NHMMMMK@Z 10003240 f   ColorBar.obj
 0001:00002320       ?Insert_Point@ColorBarClass@@QAE_NVCPoint@@K@Z 10003320 f   ColorBar.obj
 0001:000026d0       ?Load_Key_Frame_BMP@ColorBarClass@@IAEXXZ 100036d0 f   ColorBar.obj
 0001:000028f0       ?Marker_From_Point@ColorBarClass@@QAEHVCPoint@@@Z 100038f0 f   ColorBar.obj
 0001:000029e0       ?Modify_Point@ColorBarClass@@QAE_NHMMMMK@Z 100039e0 f   ColorBar.obj
 0001:00002b40       ?Move_Selection@ColorBarClass@@IAEXM_N@Z 10003b40 f   ColorBar.obj
 0001:00002c60       ?Move_Selection@ColorBarClass@@IAEXVCPoint@@_N@Z 10003c60 f   ColorBar.obj
 0001:00002dc0       ?Paint_Bar_Horz@ColorBarClass@@IAEXHHHHPAE@Z 10003dc0 f   ColorBar.obj
 0001:000031e0       ?Paint_Bar_Vert@ColorBarClass@@IAEXHHHHPAE@Z 100041e0 f   ColorBar.obj
 0001:000033b0       ?Paint_DIB@ColorBarClass@@IAEXXZ 100043b0 f   ColorBar.obj
 0001:00003710       ?Paint_Key_Frame@ColorBarClass@@IAEXHH@Z 10004710 f   ColorBar.obj
 0001:00003900       ?Paint_Screen@ColorBarClass@@IAEXPAUHDC__@@@Z 10004900 f   ColorBar.obj
 0001:00003ae0       ?RegisterColorBar@@YAXPAUHINSTANCE__@@@Z 10004ae0 f   ColorBar.obj
 0001:00003b70       ?Repaint@ColorBarClass@@IAEXXZ 10004b70 f   ColorBar.obj
 0001:00003bb0       ?Send_Notification@ColorBarClass@@QAEJHH@Z 10004bb0 f   ColorBar.obj
 0001:00003cb0       ?Set_Graph_Percent@ColorBarClass@@QAE_NHM@Z 10004cb0 f   ColorBar.obj
 0001:00003d10       ?Set_Range@ColorBarClass@@QAEXMM@Z 10004d10 f   ColorBar.obj
 0001:00003d60       ?Set_Redraw@ColorBarClass@@QAEX_N@Z 10004d60 f   ColorBar.obj
 0001:00003da0       ?Set_Selection_Pos@ColorBarClass@@QAEXM@Z 10004da0 f   ColorBar.obj
 0001:00003e40       ?Set_User_Data@ColorBarClass@@QAE_NHK@Z 10004e40 f   ColorBar.obj
 0001:00003e90       ?Update_Point_Info@ColorBarClass@@IAEXXZ 10004e90 f   ColorBar.obj
 0001:00004300       ?Width@CRect@@QBEHXZ       10005300 f i ColorBar.obj
 0001:00004320       ?__empty_global_delete@@YAXPAX@Z 10005320 f i ColorBar.obj
 0001:00004330       ?__empty_global_delete@@YAXPAXI@Z 10005330 f i ColorBar.obj
 0001:00004340       ?__global_array_delete@@YAXPAX@Z 10005340 f i ColorBar.obj
 0001:00004360       ?__global_array_delete@@YAXPAXI@Z 10005360 f i ColorBar.obj
 0001:00004380       ?__global_delete@@YAXPAX@Z 10005380 f i ColorBar.obj
 0001:000043a0       ?__global_delete@@YAXPAXI@Z 100053a0 f i ColorBar.obj
 0001:000043c0       ?fnColorBarProc@@YGJPAUHWND__@@IIJ@Z 100053c0 f   ColorBar.obj
 0001:000045e0       ?OnPaint@ColorPickerClass@@IAEXXZ 100055e0 f   ColorPicker.obj
 0001:000046f0       ?OnCreate@ColorPickerClass@@IAEHPAUtagCREATESTRUCTA@@@Z 100056f0 f   ColorPicker.obj
 0001:00004740       ?OnSize@ColorPickerClass@@IAEXIHH@Z 10005740 f   ColorPicker.obj
 0001:00004780       ?OnEraseBkgnd@ColorPickerClass@@IAEHPAVCDC@@@Z 10005780 f   ColorPicker.obj
 0001:000047a0       ?OnLButtonDown@ColorPickerClass@@IAEXIVCPoint@@@Z 100057a0 f   ColorPicker.obj
 0001:00004920       ?OnLButtonUp@ColorPickerClass@@IAEXIVCPoint@@@Z 10005920 f   ColorPicker.obj
 0001:00004980       ?OnMouseMove@ColorPickerClass@@IAEXIVCPoint@@@Z 10005980 f   ColorPicker.obj
 0001:00004ad0       ??0CPoint@@QAE@HH@Z        10005ad0 f i ColorPicker.obj
 0001:00004b00       ??0ColorPickerClass@@QAE@XZ 10005b00 f   ColorPicker.obj
 0001:00004bb0       ??1ColorPickerClass@@UAE@XZ 10005bb0 f   ColorPicker.obj
 0001:00004c40       ??_EColorPickerClass@@UAEPAXI@Z 10005c40 f i ColorPicker.obj
 0001:00004d10       ??_GColorPickerClass@@UAEPAXI@Z 10005d10 f i ColorPicker.obj
 0001:00004d60       ?Calc_Display_Rect@ColorPickerClass@@IAEXAAUtagRECT@@@Z 10005d60 f   ColorPicker.obj
 0001:00004df0       ?Color_From_Point@ColorPickerClass@@IAEKHH@Z 10005df0 f   ColorPicker.obj
 0001:00004f40       ?Create@ColorPickerClass@@UAEHPBD0KABUtagRECT@@PAVCWnd@@IPAUCCreateContext@@@Z 10005f40 f   ColorPicker.obj
 0001:00004fe0       ?Create_Bitmap@ColorPickerClass@@IAEXXZ 10005fe0 f   ColorPicker.obj
 0001:00005120       ?DeflateRect@CRect@@QAEXHH@Z 10006120 f i ColorPicker.obj
 0001:00005150       ?Erase_Marker@ColorPickerClass@@IAEXXZ 10006150 f   ColorPicker.obj
 0001:00005250       ?Fill_Rect@ColorPickerClass@@IAEXPAEABUtagRECT@@KH@Z 10006250 f   ColorPicker.obj
 0001:00005320       ?Free_Bitmap@ColorPickerClass@@IAEXXZ 10006320 f   ColorPicker.obj
 0001:00005390       ?GetMessageMap@ColorPickerClass@@MBEPBUAFX_MSGMAP@@XZ 10006390 f   ColorPicker.obj
 0001:000053b0       ?GetThisMessageMap@ColorPickerClass@@KGPBUAFX_MSGMAP@@XZ 100063b0 f   ColorPicker.obj
 0001:000053d0       ?Get_Color_Picker@ColorPickerClass@@SAPAV1@PAUHWND__@@@Z 100063d0 f i ColorPicker.obj
 0001:000053f0       ?Get_Current_Color@ColorPickerClass@@QAEXPAH00@Z 100063f0 f   ColorPicker.obj
 0001:00005460       ?Paint_DIB@ColorPickerClass@@IAEXHHPAE@Z 10006460 f   ColorPicker.obj
 0001:00005860       ?Paint_Marker@ColorPickerClass@@IAEXXZ 10006860 f   ColorPicker.obj
 0001:00005960       ?Point_From_Color@ColorPickerClass@@IAE?AVCPoint@@K@Z 10006960 f   ColorPicker.obj
 0001:00005c20       ?Polar_To_Rect@@YAXMMAAM0@Z 10006c20 f   ColorPicker.obj
 0001:00005c90       ?RGB_to_Hue@@YAXHHHAAM0@Z  10006c90 f   ColorPicker.obj
 0001:00005e60       ?Rect_To_Polar@@YAXMMAAM0@Z 10006e60 f   ColorPicker.obj
 0001:00005f10       ?RegisterColorPicker@@YAXPAUHINSTANCE__@@@Z 10006f10 f   ColorPicker.obj
 0001:00005fa0       ?Select_Color@ColorPickerClass@@QAEXHHH@Z 10006fa0 f   ColorPicker.obj
 0001:00006040       ?fnColorPickerProc@@YGJPAUHWND__@@IIJ@Z 10007040 f   ColorPicker.obj
 0001:00006260       ?OnReset@ColorPickerDialogClass@@IAEXXZ 10007260 f   ColorPickerDialogClass.obj
 0001:000062c0       ??0ColorPickerDialogClass@@QAE@HHHPAVCWnd@@I@Z 100072c0 f   ColorPickerDialogClass.obj
 0001:00006430       ??0MyManageStateClass@@QAE@XZ 10007430 f i ColorPickerDialogClass.obj
 0001:00006460       ??1ColorPickerDialogClass@@UAE@XZ 10007460 f i ColorPickerDialogClass.obj
 0001:000064b0       ??1MyManageStateClass@@QAE@XZ 100074b0 f i ColorPickerDialogClass.obj
 0001:00006500       ??_EColorPickerDialogClass@@UAEPAXI@Z 10007500 f i ColorPickerDialogClass.obj
 0001:00006500       ??_GColorPickerDialogClass@@UAEPAXI@Z 10007500 f i ColorPickerDialogClass.obj
 0001:00006550       ?Create_Form@ColorPickerDialogClass@@QAEXPAVCWnd@@@Z 10007550 f   ColorPickerDialogClass.obj
 0001:000065a0       ?DoDataExchange@ColorPickerDialogClass@@MAEXPAVCDataExchange@@@Z 100075a0 f   ColorPickerDialogClass.obj
 0001:00006610       ?GetMessageMap@ColorPickerDialogClass@@MBEPBUAFX_MSGMAP@@XZ 10007610 f   ColorPickerDialogClass.obj
 0001:00006630       ?GetThisMessageMap@ColorPickerDialogClass@@KGPBUAFX_MSGMAP@@XZ 10007630 f   ColorPickerDialogClass.obj
 0001:00006650       ?Get_Blue@ColorPickerDialogClass@@QBEHXZ 10007650 f i ColorPickerDialogClass.obj
 0001:00006670       ?Get_Green@ColorPickerDialogClass@@QBEHXZ 10007670 f i ColorPickerDialogClass.obj
 0001:00006690       ?Get_Red@ColorPickerDialogClass@@QBEHXZ 10007690 f i ColorPickerDialogClass.obj
 0001:000066b0       ?OnCommand@ColorPickerDialogClass@@MAEHIJ@Z 100076b0 f   ColorPickerDialogClass.obj
 0001:000067f0       ?OnInitDialog@ColorPickerDialogClass@@MAEHXZ 100077f0 f   ColorPickerDialogClass.obj
 0001:00006b40       ?OnNotify@ColorPickerDialogClass@@MAEHIJPAJ@Z 10007b40 f   ColorPickerDialogClass.obj
 0001:00006ed0       ?PostNcDestroy@ColorPickerDialogClass@@MAEXXZ 10007ed0 f   ColorPickerDialogClass.obj
 0001:00006f30       ?Set_Color@ColorPickerDialogClass@@QAEXHHH@Z 10007f30 f i ColorPickerDialogClass.obj
 0001:00006f80       ?Set_Original_Color@ColorPickerDialogClass@@QAEXHHH@Z 10007f80 f   ColorPickerDialogClass.obj
 0001:00007020       ?Set_Update_Callback@ColorPickerDialogClass@@QAEXP6AXHHHPAX@Z0@Z 10008020 f i ColorPickerDialogClass.obj
 0001:00007050       ?Update_Blue_Bar@ColorPickerDialogClass@@IAEXXZ 10008050 f   ColorPickerDialogClass.obj
 0001:00007120       ?Update_Color@ColorPickerDialogClass@@IAEXMMMK@Z 10008120 f   ColorPickerDialogClass.obj
 0001:000072e0       ?Update_Current_Color_Bar@ColorPickerDialogClass@@IAEXXZ 100082e0 f   ColorPickerDialogClass.obj
 0001:00007350       ?Update_Green_Bar@ColorPickerDialogClass@@IAEXXZ 10008350 f   ColorPickerDialogClass.obj
 0001:00007420       ?Update_Red_Bar@ColorPickerDialogClass@@IAEXXZ 10008420 f   ColorPickerDialogClass.obj
 0001:000074f0       ?Update_Whiteness_Bar@ColorPickerDialogClass@@IAEXXZ 100084f0 f   ColorPickerDialogClass.obj
 0001:00007620       ?WindowProc@ColorPickerDialogClass@@MAEJIIJ@Z 10008620 f   ColorPickerDialogClass.obj
 0001:00007650       _Create_Color_Picker_Form  10008650 f   ColorPickerDialogClass.obj
 0001:00007700       _Get_Form_Color            10008700 f   ColorPickerDialogClass.obj
 0001:00007780       _Set_Form_Color            10008780 f   ColorPickerDialogClass.obj
 0001:000077f0       _Set_Form_Original_Color   100087f0 f   ColorPickerDialogClass.obj
 0001:00007860       _Set_Update_Callback       10008860 f   ColorPickerDialogClass.obj
 0001:000078d0       _Show_Color_Picker         100088d0 f   ColorPickerDialogClass.obj
 0001:00007990       ?_AfxInitManaged@@YAHXZ    10008990 f i StdAfx.obj
 0001:000079b0       ??$AtlAdd@H@ATL@@YAJPAHHH@Z 100089b0 f i StdAfx.obj
 0001:000079f0       ??$AtlAdd@I@ATL@@YAJPAIII@Z 100089f0 f i StdAfx.obj
 0001:00007a30       ??$AtlAdd@K@ATL@@YAJPAKKK@Z 10008a30 f i StdAfx.obj
 0001:00007a70       ??$AtlAlignUp@H@ATL@@YGHHK@Z 10008a70 f i StdAfx.obj
 0001:00007aa0       ??$AtlMultiply@I@ATL@@YAJPAIII@Z 10008aa0 f i StdAfx.obj
 0001:00007af0       ??$AtlMultiply@K@ATL@@YAJPAKKK@Z 10008af0 f i StdAfx.obj
 0001:00007b40       ??0?$CHeapPtr@DVCCRTAllocator@ATL@@@ATL@@QAE@XZ 10008b40 f i StdAfx.obj
 0001:00007b60       ??0?$CHeapPtr@_WVCCRTAllocator@ATL@@@ATL@@QAE@XZ 10008b60 f i StdAfx.obj
 0001:00007b80       ??0?$CHeapPtrBase@DVCCRTAllocator@ATL@@@ATL@@IAE@XZ 10008b80 f i StdAfx.obj
 0001:00007ba0       ??0?$CHeapPtrBase@_WVCCRTAllocator@ATL@@@ATL@@IAE@XZ 10008ba0 f i StdAfx.obj
 0001:00007bc0       ??0?$CSimpleArray@GV?$CSimpleArrayEqualHelper@G@ATL@@@ATL@@QAE@XZ 10008bc0 f i StdAfx.obj
 0001:00007c00       ??0?$CTraceCategoryEx@$00$0A@@ATL@@QAE@PBD@Z 10008c00 f i StdAfx.obj
 0001:00007c30       ??0?$CTraceCategoryEx@$01$0A@@ATL@@QAE@PBD@Z 10008c30 f i StdAfx.obj
 0001:00007c60       ??0?$CTraceCategoryEx@$03$0A@@ATL@@QAE@PBD@Z 10008c60 f i StdAfx.obj
 0001:00007c90       ??0?$CTraceCategoryEx@$07$0A@@ATL@@QAE@PBD@Z 10008c90 f i StdAfx.obj
 0001:00007cc0       ??0?$CTraceCategoryEx@$0BA@$0A@@ATL@@QAE@PBD@Z 10008cc0 f i StdAfx.obj
 0001:00007cf0       ??0?$CTraceCategoryEx@$0BAA@$0A@@ATL@@QAE@PBD@Z 10008cf0 f i StdAfx.obj
 0001:00007d20       ??0?$CTraceCategoryEx@$0BAAA@$0A@@ATL@@QAE@PBD@Z 10008d20 f i StdAfx.obj
 0001:00007d50       ??0?$CTraceCategoryEx@$0BAAAA@$0A@@ATL@@QAE@PBD@Z 10008d50 f i StdAfx.obj
 0001:00007d80       ??0?$CTraceCategoryEx@$0BAAAAA@$0A@@ATL@@QAE@PBD@Z 10008d80 f i StdAfx.obj
 0001:00007db0       ??0?$CTraceCategoryEx@$0CA@$0A@@ATL@@QAE@PBD@Z 10008db0 f i StdAfx.obj
 0001:00007de0       ??0?$CTraceCategoryEx@$0CAA@$0A@@ATL@@QAE@PBD@Z 10008de0 f i StdAfx.obj
 0001:00007e10       ??0?$CTraceCategoryEx@$0CAAA@$0A@@ATL@@QAE@PBD@Z 10008e10 f i StdAfx.obj
 0001:00007e40       ??0?$CTraceCategoryEx@$0CAAAA@$0A@@ATL@@QAE@PBD@Z 10008e40 f i StdAfx.obj
 0001:00007e70       ??0?$CTraceCategoryEx@$0CAAAAA@$0A@@ATL@@QAE@PBD@Z 10008e70 f i StdAfx.obj
 0001:00007ea0       ??0?$CTraceCategoryEx@$0EA@$0A@@ATL@@QAE@PBD@Z 10008ea0 f i StdAfx.obj
 0001:00007ed0       ??0?$CTraceCategoryEx@$0EAA@$0A@@ATL@@QAE@PBD@Z 10008ed0 f i StdAfx.obj
 0001:00007f00       ??0?$CTraceCategoryEx@$0EAAA@$0A@@ATL@@QAE@PBD@Z 10008f00 f i StdAfx.obj
 0001:00007f30       ??0?$CTraceCategoryEx@$0EAAAA@$0A@@ATL@@QAE@PBD@Z 10008f30 f i StdAfx.obj
 0001:00007f60       ??0?$CTraceCategoryEx@$0EAAAAA@$0A@@ATL@@QAE@PBD@Z 10008f60 f i StdAfx.obj
 0001:00007f90       ??0?$CTraceCategoryEx@$0IA@$0A@@ATL@@QAE@PBD@Z 10008f90 f i StdAfx.obj
 0001:00007fc0       ??0?$CTraceCategoryEx@$0IAA@$0A@@ATL@@QAE@PBD@Z 10008fc0 f i StdAfx.obj
 0001:00007ff0       ??0?$CTraceCategoryEx@$0IAAA@$0A@@ATL@@QAE@PBD@Z 10008ff0 f i StdAfx.obj
 0001:00008020       ??0?$CTraceCategoryEx@$0IAAAA@$0A@@ATL@@QAE@PBD@Z 10009020 f i StdAfx.obj
 0001:00008050       ??0CAtlComModule@ATL@@QAE@XZ 10009050 f i StdAfx.obj
 0001:00008110       ??0CAtlStringMgr@ATL@@QAE@PAUIAtlMemMgr@1@@Z 10009110 f i StdAfx.obj
 0001:00008160       ??0CAtlStringMgrStaticInitializer@ATLImplementationDetails@ATL@@QAE@XZ 10009160 f i StdAfx.obj
 0001:00008180       ??0CAtlWinModule@ATL@@QAE@XZ 10009180 f i StdAfx.obj
 0001:00008200       ??0CComCriticalSection@ATL@@QAE@XZ 10009200 f i StdAfx.obj
 0001:00008230       ??0CNilStringData@ATL@@QAE@XZ 10009230 f i StdAfx.obj
 0001:000082a0       ??0CPreserveLastError@ATL@@QAE@XZ 100092a0 f i StdAfx.obj
 0001:000082d0       ??0CTraceFileAndLineInfo@ATL@@QAE@PBDH@Z 100092d0 f i StdAfx.obj
 0001:00008300       ??0CWin32Heap@ATL@@QAE@PAX@Z 10009300 f i StdAfx.obj
 0001:00008360       ??0_ATL_COM_MODULE70@ATL@@QAE@XZ 10009360 f i StdAfx.obj
 0001:00008390       ??0_ATL_WIN_MODULE70@ATL@@QAE@XZ 10009390 f i StdAfx.obj
 0001:00008400       ??1?$CHeapPtr@DVCCRTAllocator@ATL@@@ATL@@QAE@XZ 10009400 f i StdAfx.obj
 0001:00008420       ??1?$CHeapPtr@_WVCCRTAllocator@ATL@@@ATL@@QAE@XZ 10009420 f i StdAfx.obj
 0001:00008440       ??1?$CHeapPtrBase@DVCCRTAllocator@ATL@@@ATL@@QAE@XZ 10009440 f i StdAfx.obj
 0001:00008460       ??1?$CHeapPtrBase@_WVCCRTAllocator@ATL@@@ATL@@QAE@XZ 10009460 f i StdAfx.obj
 0001:00008480       ??1?$CSimpleArray@GV?$CSimpleArrayEqualHelper@G@ATL@@@ATL@@QAE@XZ 10009480 f i StdAfx.obj
 0001:000084d0       ??1CAtlComModule@ATL@@QAE@XZ 100094d0 f i StdAfx.obj
 0001:00008530       ??1CAtlStringMgr@ATL@@UAE@XZ 10009530 f i StdAfx.obj
 0001:00008560       ??1CAtlWinModule@ATL@@QAE@XZ 10009560 f i StdAfx.obj
 0001:000085c0       ??1CComCriticalSection@ATL@@QAE@XZ 100095c0 f i StdAfx.obj
 0001:000085e0       ??1CPreserveLastError@ATL@@QAE@XZ 100095e0 f i StdAfx.obj
 0001:00008600       ??1CWin32Heap@ATL@@UAE@XZ  10009600 f i StdAfx.obj
 0001:00008670       ??1_ATL_COM_MODULE70@ATL@@QAE@XZ 10009670 f i StdAfx.obj
 0001:00008690       ??1_ATL_WIN_MODULE70@ATL@@QAE@XZ 10009690 f i StdAfx.obj
 0001:000086c0       ??A?$CSimpleArray@GV?$CSimpleArrayEqualHelper@G@ATL@@@ATL@@QAEAAGH@Z 100096c0 f i StdAfx.obj
 0001:00008740       ??B?$CHeapPtrBase@DVCCRTAllocator@ATL@@@ATL@@QBEPADXZ 10009740 f i StdAfx.obj
 0001:00008760       ??B?$CHeapPtrBase@_WVCCRTAllocator@ATL@@@ATL@@QBEPA_WXZ 10009760 f i StdAfx.obj
 0001:00008780       ??B?$CTraceCategoryEx@$01$0A@@ATL@@QAEIXZ 10009780 f i StdAfx.obj
 0001:000087a0       ??B?$CTraceCategoryEx@$0CA@$0A@@ATL@@QAEIXZ 100097a0 f i StdAfx.obj
 0001:000087c0       ??B?$CTraceCategoryEx@$0CAAA@$0A@@ATL@@QAEIXZ 100097c0 f i StdAfx.obj
 0001:000087e0       ??RCTraceFileAndLineInfo@ATL@@QBAXHIPBDZZ 100097e0 f i StdAfx.obj
 0001:00008870       ??_ECAtlStringMgr@ATL@@UAEPAXI@Z 10009870 f i StdAfx.obj
 0001:00008870       ??_GCAtlStringMgr@ATL@@UAEPAXI@Z 10009870 f i StdAfx.obj
 0001:000088b0       ??_ECWin32Heap@ATL@@UAEPAXI@Z 100098b0 f i StdAfx.obj
 0001:000088b0       ??_GCWin32Heap@ATL@@UAEPAXI@Z 100098b0 f i StdAfx.obj
 0001:000088f0       ??_H@YGXPAXIIP6EPAX0@Z@Z   100098f0 f i StdAfx.obj
 0001:00008930       ?AddRef@CStringData@ATL@@QAEXXZ 10009930 f i StdAfx.obj
 0001:00008980       ?Allocate@?$CHeapPtr@DVCCRTAllocator@ATL@@@ATL@@QAE_NI@Z 10009980 f i StdAfx.obj
 0001:000089d0       ?Allocate@?$CHeapPtr@_WVCCRTAllocator@ATL@@@ATL@@QAE_NI@Z 100099d0 f i StdAfx.obj
 0001:00008a20       ?Allocate@CAtlStringMgr@ATL@@UAEPAUCStringData@2@HH@Z 10009a20 f i StdAfx.obj
 0001:00008b90       ?Allocate@CCRTAllocator@ATL@@SAPAXI@Z 10009b90 f i StdAfx.obj
 0001:00008bb0       ?Allocate@CWin32Heap@ATL@@UAEPAXI@Z 10009bb0 f i StdAfx.obj
 0001:00008be0       ?AllocateBytes@?$CHeapPtrBase@DVCCRTAllocator@ATL@@@ATL@@QAE_NI@Z 10009be0 f i StdAfx.obj
 0001:00008c50       ?AllocateBytes@?$CHeapPtrBase@_WVCCRTAllocator@ATL@@@ATL@@QAE_NI@Z 10009c50 f i StdAfx.obj
 0001:00008cc0       ?AtlThrowImpl@ATL@@YGXJ@Z  10009cc0 f i StdAfx.obj
 0001:00008d30       ?AtlWinModuleInit@ATL@@YGJPAU_ATL_WIN_MODULE70@1@@Z 10009d30 f i StdAfx.obj
 0001:00008df0       ?AtlWinModuleTerm@ATL@@YGJPAU_ATL_WIN_MODULE70@1@PAUHINSTANCE__@@@Z 10009df0 f i StdAfx.obj
 0001:00008ea0       ?Clone@CAtlStringMgr@ATL@@UAEPAUIAtlStringMgr@2@XZ 10009ea0 f i StdAfx.obj
 0001:00008ec0       ?EnsureLinked@CAtlStringMgrStaticInitializer@ATLImplementationDetails@ATL@@QAEPAXXZ 10009ec0 f i StdAfx.obj
 0001:00008ee0       ?Free@?$CHeapPtrBase@DVCCRTAllocator@ATL@@@ATL@@QAEXXZ 10009ee0 f i StdAfx.obj
 0001:00008f10       ?Free@?$CHeapPtrBase@_WVCCRTAllocator@ATL@@@ATL@@QAEXXZ 10009f10 f i StdAfx.obj
 0001:00008f40       ?Free@CAtlStringMgr@ATL@@UAEXPAUCStringData@2@@Z 10009f40 f i StdAfx.obj
 0001:00008fd0       ?Free@CCRTAllocator@ATL@@SAXPAX@Z 10009fd0 f i StdAfx.obj
 0001:00008ff0       ?Free@CWin32Heap@ATL@@UAEXPAX@Z 10009ff0 f i StdAfx.obj
 0001:00009050       ?GetCategoryName@CTrace@ATL@@CAPA_WI@Z 1000a050 f i StdAfx.obj
 0001:000090b0       ?GetInstance@CAtlStringMgr@ATL@@SAPAUIAtlStringMgr@2@XZ 1000a0b0 f i StdAfx.obj
 0001:00009180       ?GetModuleInstance@CAtlBaseModule@ATL@@QAEPAUHINSTANCE__@@XZ 1000a180 f i StdAfx.obj
 0001:000091a0       ?GetNilString@CAtlStringMgr@ATL@@UAEPAUCStringData@2@XZ 1000a1a0 f i StdAfx.obj
 0001:000091d0       ?GetSize@?$CSimpleArray@GV?$CSimpleArrayEqualHelper@G@ATL@@@ATL@@QBEHXZ 1000a1d0 f i StdAfx.obj
 0001:000091f0       ?GetSize@CWin32Heap@ATL@@UAEIPAX@Z 1000a1f0 f i StdAfx.obj
 0001:00009220       ?Init@CComCriticalSection@ATL@@QAEJXZ 1000a220 f i StdAfx.obj
 0001:00009270       ?Reallocate@CAtlStringMgr@ATL@@UAEPAUCStringData@2@PAU32@HH@Z 1000a270 f i StdAfx.obj
 0001:00009400       ?Reallocate@CWin32Heap@ATL@@UAEPAXPAXI@Z 1000a400 f i StdAfx.obj
 0001:00009460       ?RegisterCategory@CTrace@ATL@@SAXPBDI@Z 1000a460 f i StdAfx.obj
 0001:00009540       ?RemoveAll@?$CSimpleArray@GV?$CSimpleArrayEqualHelper@G@ATL@@@ATL@@QAEXXZ 1000a540 f i StdAfx.obj
 0001:000095b0       ?SetManager@CNilStringData@ATL@@QAEXPAUIAtlStringMgr@2@@Z 1000a5b0 f i StdAfx.obj
 0001:00009600       ?Term@CAtlComModule@ATL@@QAEXXZ 1000a600 f i StdAfx.obj
 0001:000096a0       ?Term@CAtlWinModule@ATL@@QAEXXZ 1000a6a0 f i StdAfx.obj
 0001:000096d0       ?Term@CComCriticalSection@ATL@@QAEJXZ 1000a6d0 f i StdAfx.obj
 0001:000096f0       ?TraceV@CTrace@ATL@@CAXPBDHIIPB_W@Z 1000a6f0 f i StdAfx.obj
 0001:00009900       ?TraceV@CTrace@ATL@@SAXPBDHII0PAD@Z 1000a900 f i StdAfx.obj
 0001:00009ad0       ?_AtlInitializeCriticalSectionEx@ATL@@YAHPAU_RTL_CRITICAL_SECTION@@KK@Z 1000aad0 f i StdAfx.obj
 0001:00009b00       _HRESULT_FROM_WIN32        1000ab00 f i StdAfx.obj
 0001:00009b40       ___local_stdio_printf_options 1000ab40 f i StdAfx.obj
 0001:00009b60       __vscprintf                1000ab60 f i StdAfx.obj
 0001:00009b90       __vscprintf_l              1000ab90 f i StdAfx.obj
 0001:00009bf0       __vsnprintf_s              1000abf0 f i StdAfx.obj
 0001:00009c20       __vsnprintf_s_l            1000ac20 f i StdAfx.obj
 0001:00009c80       __vswprintf_s_l            1000ac80 f i StdAfx.obj
 0001:00009ce0       _swprintf_s                1000ace0 f i StdAfx.obj
 0001:00009d20       ?Draw_Horz_Line@@YAXPAEHHHKH@Z 1000ad20 f   Utils.obj
 0001:00009dc0       ?Draw_Raised_Rect@@YAXPAEABUtagRECT@@H@Z 1000adc0 f   Utils.obj
 0001:00009ea0       ?Draw_Sunken_Rect@@YAXPAEABUtagRECT@@H@Z 1000aea0 f   Utils.obj
 0001:00009f80       ?Draw_Vert_Line@@YAXPAEHHHKH@Z 1000af80 f   Utils.obj
 0001:0000a010       ?Frame_Rect@@YAXPAEABUtagRECT@@KH@Z 1000b010 f   Utils.obj
 0001:0000a1f0       _ExtRawDllMain@12          1000b1f0 f   WWCtrl.obj
 0001:0000a250       ??B?$CTraceCategoryEx@$00$0A@@ATL@@QAEIXZ 1000b250 f i WWCtrl.obj
 0001:0000a270       ??B?$CTypedSimpleList@PAUCRuntimeClass@@@@QAEPAUCRuntimeClass@@XZ 1000b270 f i WWCtrl.obj
 0001:0000a290       ??B?$CTypedSimpleList@PAVCOleObjectFactory@@@@QAEPAVCOleObjectFactory@@XZ 1000b290 f i WWCtrl.obj
 0001:0000a2b0       ??RCTraceFileAndLineInfo@ATL@@QBAXPBDZZ 1000b2b0 f i WWCtrl.obj
 0001:0000a340       ?GetHead@CSimpleList@@QBEPAXXZ 1000b340 f i WWCtrl.obj
 0001:0000a360       _DllMain@12                1000b360 f   WWCtrl.obj
 0001:0000a460       _Initialize_WWCtrl         1000b460 f   WWCtrl.obj
 0001:0000a470       ?GetThisMessageMap@CWnd@@KGPBUAFX_MSGMAP@@XZ 1000b470 f   mfc140d:mfc140d.dll
 0001:0000a476       ??3@YAXPAX@Z               1000b476 f   mfc140d:mfc140d.dll
 0001:0000a47c       ??_V@YAXPAX@Z              1000b47c f   mfc140d:mfc140d.dll
 0001:0000a482       ??3CObject@@SGXPAX@Z       1000b482 f   mfc140d:mfc140d.dll
 0001:0000a488       ??2CObject@@SGPAXIPBDH@Z   1000b488 f   mfc140d:mfc140d.dll
 0001:0000a48e       ??3CObject@@SGXPAXPBDH@Z   1000b48e f   mfc140d:mfc140d.dll
 0001:0000a494       ?Serialize@CObject@@UAEXAAVCArchive@@@Z 1000b494 f   mfc140d:mfc140d.dll
 0001:0000a49a       ??BCDC@@QBEPAUHDC__@@XZ    1000b49a f   mfc140d:mfc140d.dll
 0001:0000a4a0       ??0CPaintDC@@QAE@PAVCWnd@@@Z 1000b4a0 f   mfc140d:mfc140d.dll
 0001:0000a4a6       ??1CPaintDC@@UAE@XZ        1000b4a6 f   mfc140d:mfc140d.dll
 0001:0000a4ac       ?OnCmdMsg@CCmdTarget@@UAEHIHPAXPAUAFX_CMDHANDLERINFO@@@Z 1000b4ac f   mfc140d:mfc140d.dll
 0001:0000a4b2       ?IsInvokeAllowed@CCmdTarget@@UAEHJ@Z 1000b4b2 f   mfc140d:mfc140d.dll
 0001:0000a4b8       ?GetDispatchIID@CCmdTarget@@UAEHPAU_GUID@@@Z 1000b4b8 f   mfc140d:mfc140d.dll
 0001:0000a4be       ?GetTypeInfoCount@CCmdTarget@@UAEIXZ 1000b4be f   mfc140d:mfc140d.dll
 0001:0000a4c4       ?GetTypeLibCache@CCmdTarget@@UAEPAVCTypeLibCache@@XZ 1000b4c4 f   mfc140d:mfc140d.dll
 0001:0000a4ca       ?GetTypeLib@CCmdTarget@@UAEJKPAPAUITypeLib@@@Z 1000b4ca f   mfc140d:mfc140d.dll
 0001:0000a4d0       ?GetCommandMap@CCmdTarget@@MBEPBUAFX_OLECMDMAP@@XZ 1000b4d0 f   mfc140d:mfc140d.dll
 0001:0000a4d6       ?GetDispatchMap@CCmdTarget@@MBEPBUAFX_DISPMAP@@XZ 1000b4d6 f   mfc140d:mfc140d.dll
 0001:0000a4dc       ?GetConnectionMap@CCmdTarget@@MBEPBUAFX_CONNECTIONMAP@@XZ 1000b4dc f   mfc140d:mfc140d.dll
 0001:0000a4e2       ?GetEventSinkMap@CCmdTarget@@MBEPBUAFX_EVENTSINKMAP@@XZ 1000b4e2 f   mfc140d:mfc140d.dll
 0001:0000a4e8       ?OnCreateAggregates@CCmdTarget@@UAEHXZ 1000b4e8 f   mfc140d:mfc140d.dll
 0001:0000a4ee       ?GetInterfaceHook@CCmdTarget@@UAEPAUIUnknown@@PBX@Z 1000b4ee f   mfc140d:mfc140d.dll
 0001:0000a4f4       ?GetExtraConnectionPoints@CCmdTarget@@MAEHPAVCPtrArray@@@Z 1000b4f4 f   mfc140d:mfc140d.dll
 0001:0000a4fa       ?GetConnectionHook@CCmdTarget@@MAEPAUIConnectionPoint@@ABU_GUID@@@Z 1000b4fa f   mfc140d:mfc140d.dll
 0001:0000a500       ?GetRuntimeClass@CWnd@@UBEPAUCRuntimeClass@@XZ 1000b500 f   mfc140d:mfc140d.dll
 0001:0000a506       ??0CWnd@@QAE@XZ            1000b506 f   mfc140d:mfc140d.dll
 0001:0000a50c       ?Attach@CWnd@@QAEHPAUHWND__@@@Z 1000b50c f   mfc140d:mfc140d.dll
 0001:0000a512       ?Detach@CWnd@@QAEPAUHWND__@@XZ 1000b512 f   mfc140d:mfc140d.dll
 0001:0000a518       ?PreSubclassWindow@CWnd@@UAEXXZ 1000b518 f   mfc140d:mfc140d.dll
 0001:0000a51e       ?CreateEx@CWnd@@UAEHKPBD0KHHHHPAUHWND__@@PAUHMENU__@@PAX@Z 1000b51e f   mfc140d:mfc140d.dll
 0001:0000a524       ?CreateEx@CWnd@@UAEHKPBD0KABUtagRECT@@PAV1@IPAX@Z 1000b524 f   mfc140d:mfc140d.dll
 0001:0000a52a       ?DestroyWindow@CWnd@@UAEHXZ 1000b52a f   mfc140d:mfc140d.dll
 0001:0000a530       ?PreCreateWindow@CWnd@@UAEHAAUtagCREATESTRUCTA@@@Z 1000b530 f   mfc140d:mfc140d.dll
 0001:0000a536       ?CalcWindowRect@CWnd@@UAEXPAUtagRECT@@I@Z 1000b536 f   mfc140d:mfc140d.dll
 0001:0000a53c       ?GetMenu@CWnd@@UBEPAVCMenu@@XZ 1000b53c f   mfc140d:mfc140d.dll
 0001:0000a542       ?SetMenu@CWnd@@UAEHPAVCMenu@@@Z 1000b542 f   mfc140d:mfc140d.dll
 0001:0000a548       ?GetClientRect@CWnd@@QBEXPAUtagRECT@@@Z 1000b548 f   mfc140d:mfc140d.dll
 0001:0000a54e       ?UpdateWindow@CWnd@@QAEXXZ 1000b54e f   mfc140d:mfc140d.dll
 0001:0000a554       ?InvalidateRect@CWnd@@QAEXPBUtagRECT@@H@Z 1000b554 f   mfc140d:mfc140d.dll
 0001:0000a55a       ?OnToolHitTest@CWnd@@UBEHVCPoint@@PAUtagTOOLINFOA@@@Z 1000b55a f   mfc140d:mfc140d.dll
 0001:0000a560       ?GetScrollBarCtrl@CWnd@@UBEPAVCScrollBar@@H@Z 1000b560 f   mfc140d:mfc140d.dll
 0001:0000a566       ?WinHelpA@CWnd@@UAEXKI@Z   1000b566 f   mfc140d:mfc140d.dll
 0001:0000a56c       ?HtmlHelpA@CWnd@@UAEXKI@Z  1000b56c f   mfc140d:mfc140d.dll
 0001:0000a572       ?WinHelpInternal@CWnd@@UAEXKI@Z 1000b572 f   mfc140d:mfc140d.dll
 0001:0000a578       ?ContinueModal@CWnd@@UAEHXZ 1000b578 f   mfc140d:mfc140d.dll
 0001:0000a57e       ?EndModalLoop@CWnd@@UAEXH@Z 1000b57e f   mfc140d:mfc140d.dll
 0001:0000a584       ?OnDrawIconicThumbnailOrLivePreview@CWnd@@UAEXAAVCDC@@VCRect@@VCSize@@HAAH@Z 1000b584 f   mfc140d:mfc140d.dll
 0001:0000a58a       ?GetInterfaceMap@CWnd@@MBEPBUAFX_INTERFACEMAP@@XZ 1000b58a f   mfc140d:mfc140d.dll
 0001:0000a590       ?EnsureStdObj@CWnd@@UAEJXZ 1000b590 f   mfc140d:mfc140d.dll
 0001:0000a596       ?get_accParent@CWnd@@UAEJPAPAUIDispatch@@@Z 1000b596 f   mfc140d:mfc140d.dll
 0001:0000a59c       ?get_accChildCount@CWnd@@UAEJPAJ@Z 1000b59c f   mfc140d:mfc140d.dll
 0001:0000a5a2       ?get_accChild@CWnd@@UAEJUtagVARIANT@@PAPAUIDispatch@@@Z 1000b5a2 f   mfc140d:mfc140d.dll
 0001:0000a5a8       ?get_accName@CWnd@@UAEJUtagVARIANT@@PAPA_W@Z 1000b5a8 f   mfc140d:mfc140d.dll
 0001:0000a5ae       ?get_accValue@CWnd@@UAEJUtagVARIANT@@PAPA_W@Z 1000b5ae f   mfc140d:mfc140d.dll
 0001:0000a5b4       ?get_accDescription@CWnd@@UAEJUtagVARIANT@@PAPA_W@Z 1000b5b4 f   mfc140d:mfc140d.dll
 0001:0000a5ba       ?get_accRole@CWnd@@UAEJUtagVARIANT@@PAU2@@Z 1000b5ba f   mfc140d:mfc140d.dll
 0001:0000a5c0       ?get_accState@CWnd@@UAEJUtagVARIANT@@PAU2@@Z 1000b5c0 f   mfc140d:mfc140d.dll
 0001:0000a5c6       ?get_accHelp@CWnd@@UAEJUtagVARIANT@@PAPA_W@Z 1000b5c6 f   mfc140d:mfc140d.dll
 0001:0000a5cc       ?get_accHelpTopic@CWnd@@UAEJPAPA_WUtagVARIANT@@PAJ@Z 1000b5cc f   mfc140d:mfc140d.dll
 0001:0000a5d2       ?get_accKeyboardShortcut@CWnd@@UAEJUtagVARIANT@@PAPA_W@Z 1000b5d2 f   mfc140d:mfc140d.dll
 0001:0000a5d8       ?get_accFocus@CWnd@@UAEJPAUtagVARIANT@@@Z 1000b5d8 f   mfc140d:mfc140d.dll
 0001:0000a5de       ?get_accSelection@CWnd@@UAEJPAUtagVARIANT@@@Z 1000b5de f   mfc140d:mfc140d.dll
 0001:0000a5e4       ?get_accDefaultAction@CWnd@@UAEJUtagVARIANT@@PAPA_W@Z 1000b5e4 f   mfc140d:mfc140d.dll
 0001:0000a5ea       ?accSelect@CWnd@@UAEJJUtagVARIANT@@@Z 1000b5ea f   mfc140d:mfc140d.dll
 0001:0000a5f0       ?accLocation@CWnd@@UAEJPAJ000UtagVARIANT@@@Z 1000b5f0 f   mfc140d:mfc140d.dll
 0001:0000a5f6       ?accNavigate@CWnd@@UAEJJUtagVARIANT@@PAU2@@Z 1000b5f6 f   mfc140d:mfc140d.dll
 0001:0000a5fc       ?accHitTest@CWnd@@UAEJJJPAUtagVARIANT@@@Z 1000b5fc f   mfc140d:mfc140d.dll
 0001:0000a602       ?accDoDefaultAction@CWnd@@UAEJUtagVARIANT@@@Z 1000b602 f   mfc140d:mfc140d.dll
 0001:0000a608       ?put_accName@CWnd@@UAEJUtagVARIANT@@PA_W@Z 1000b608 f   mfc140d:mfc140d.dll
 0001:0000a60e       ?put_accValue@CWnd@@UAEJUtagVARIANT@@PA_W@Z 1000b60e f   mfc140d:mfc140d.dll
 0001:0000a614       ?SetProxy@CWnd@@UAEJPAUIAccessibleProxy@@@Z 1000b614 f   mfc140d:mfc140d.dll
 0001:0000a61a       ?CreateAccessibleProxy@CWnd@@UAEJIJPAJ@Z 1000b61a f   mfc140d:mfc140d.dll
 0001:0000a620       ?OnCommand@CWnd@@MAEHIJ@Z  1000b620 f   mfc140d:mfc140d.dll
 0001:0000a626       ?OnNotify@CWnd@@MAEHIJPAJ@Z 1000b626 f   mfc140d:mfc140d.dll
 0001:0000a62c       ?OnCreate@CWnd@@IAEHPAUtagCREATESTRUCTA@@@Z 1000b62c f   mfc140d:mfc140d.dll
 0001:0000a632       ?OnKillFocus@CWnd@@IAEXPAV1@@Z 1000b632 f   mfc140d:mfc140d.dll
 0001:0000a638       ?OnSetFocus@CWnd@@IAEXPAV1@@Z 1000b638 f   mfc140d:mfc140d.dll
 0001:0000a63e       ?OnSize@CWnd@@IAEXIHH@Z    1000b63e f   mfc140d:mfc140d.dll
 0001:0000a644       ?OnKeyDown@CWnd@@IAEXIII@Z 1000b644 f   mfc140d:mfc140d.dll
 0001:0000a64a       ?OnLButtonDblClk@CWnd@@IAEXIVCPoint@@@Z 1000b64a f   mfc140d:mfc140d.dll
 0001:0000a650       ?OnLButtonDown@CWnd@@IAEXIVCPoint@@@Z 1000b650 f   mfc140d:mfc140d.dll
 0001:0000a656       ?OnLButtonUp@CWnd@@IAEXIVCPoint@@@Z 1000b656 f   mfc140d:mfc140d.dll
 0001:0000a65c       ?OnMouseMove@CWnd@@IAEXIVCPoint@@@Z 1000b65c f   mfc140d:mfc140d.dll
 0001:0000a662       ?GetSuperWndProcAddr@CWnd@@MAEPAP6GJPAUHWND__@@IIJ@ZXZ 1000b662 f   mfc140d:mfc140d.dll
 0001:0000a668       ?DoDataExchange@CWnd@@MAEXPAVCDataExchange@@@Z 1000b668 f   mfc140d:mfc140d.dll
 0001:0000a66e       ?BeginModalState@CWnd@@UAEXXZ 1000b66e f   mfc140d:mfc140d.dll
 0001:0000a674       ?EndModalState@CWnd@@UAEXXZ 1000b674 f   mfc140d:mfc140d.dll
 0001:0000a67a       ?PreTranslateMessage@CWnd@@UAEHPAUtagMSG@@@Z 1000b67a f   mfc140d:mfc140d.dll
 0001:0000a680       ?OnAmbientProperty@CWnd@@UAEHPAVCOleControlSite@@JPAUtagVARIANT@@@Z 1000b680 f   mfc140d:mfc140d.dll
 0001:0000a686       ?WindowProc@CWnd@@MAEJIIJ@Z 1000b686 f   mfc140d:mfc140d.dll
 0001:0000a68c       ?OnWndMsg@CWnd@@MAEHIIJPAJ@Z 1000b68c f   mfc140d:mfc140d.dll
 0001:0000a692       ?DefWindowProcA@CWnd@@MAEJIIJ@Z 1000b692 f   mfc140d:mfc140d.dll
 0001:0000a698       ?PostNcDestroy@CWnd@@MAEXXZ 1000b698 f   mfc140d:mfc140d.dll
 0001:0000a69e       ?OnChildNotify@CWnd@@MAEHIIJPAJ@Z 1000b69e f   mfc140d:mfc140d.dll
 0001:0000a6a4       ?OnTouchInputs@CWnd@@MAEHIPAUtagTOUCHINPUT@@@Z 1000b6a4 f   mfc140d:mfc140d.dll
 0001:0000a6aa       ?OnTouchInput@CWnd@@MAEHVCPoint@@HHPAUtagTOUCHINPUT@@@Z 1000b6aa f   mfc140d:mfc140d.dll
 0001:0000a6b0       ?GetGestureStatus@CWnd@@MAEKVCPoint@@@Z 1000b6b0 f   mfc140d:mfc140d.dll
 0001:0000a6b6       ?OnGestureZoom@CWnd@@MAEHVCPoint@@J@Z 1000b6b6 f   mfc140d:mfc140d.dll
 0001:0000a6bc       ?OnGesturePan@CWnd@@MAEHVCPoint@@0@Z 1000b6bc f   mfc140d:mfc140d.dll
 0001:0000a6c2       ?OnGestureRotate@CWnd@@MAEHVCPoint@@N@Z 1000b6c2 f   mfc140d:mfc140d.dll
 0001:0000a6c8       ?OnGestureTwoFingerTap@CWnd@@MAEHVCPoint@@@Z 1000b6c8 f   mfc140d:mfc140d.dll
 0001:0000a6ce       ?OnGesturePressAndTap@CWnd@@MAEHVCPoint@@J@Z 1000b6ce f   mfc140d:mfc140d.dll
 0001:0000a6d4       ?ResizeDynamicLayout@CWnd@@MAEXXZ 1000b6d4 f   mfc140d:mfc140d.dll
 0001:0000a6da       ??1CWnd@@UAE@XZ            1000b6da f   mfc140d:mfc140d.dll
 0001:0000a6e0       ?CheckAutoCenter@CWnd@@UAEHXZ 1000b6e0 f   mfc140d:mfc140d.dll
 0001:0000a6e6       ?AssertValid@CWnd@@UBEXXZ  1000b6e6 f   mfc140d:mfc140d.dll
 0001:0000a6ec       ?Dump@CWnd@@UBEXAAVCDumpContext@@@Z 1000b6ec f   mfc140d:mfc140d.dll
 0001:0000a6f2       ?IsFrameWnd@CWnd@@UBEHXZ   1000b6f2 f   mfc140d:mfc140d.dll
 0001:0000a6f8       ?OnFinalRelease@CWnd@@UAEXXZ 1000b6f8 f   mfc140d:mfc140d.dll
 0001:0000a6fe       ?CreateControlContainer@CWnd@@MAEHPAPAVCOleControlContainer@@@Z 1000b6fe f   mfc140d:mfc140d.dll
 0001:0000a704       ?CreateControlSite@CWnd@@MAEHPAVCOleControlContainer@@PAPAVCOleControlSite@@IABU_GUID@@@Z 1000b704 f   mfc140d:mfc140d.dll
 0001:0000a70a       ?SetOccDialogInfo@CWnd@@MAEHPAU_AFX_OCC_DIALOG_INFO@@@Z 1000b70a f   mfc140d:mfc140d.dll
 0001:0000a710       ?GetOccDialogInfo@CWnd@@MAEPAU_AFX_OCC_DIALOG_INFO@@XZ 1000b710 f   mfc140d:mfc140d.dll
 0001:0000a716       ?AfxGetAfxWndProc@@YGP6GJPAUHWND__@@IIJ@ZXZ 1000b716 f   mfc140d:mfc140d.dll
 0001:0000a71c       ?ClientToScreen@CWnd@@QBEXPAUtagRECT@@@Z 1000b71c f   mfc140d:mfc140d.dll
 0001:0000a722       ?SetCapture@CWnd@@QAEPAV1@XZ 1000b722 f   mfc140d:mfc140d.dll
 0001:0000a728       ?GetThisMessageMap@CDialog@@KGPBUAFX_MSGMAP@@XZ 1000b728 f   mfc140d:mfc140d.dll
 0001:0000a72e       ?AfxGetResourceHandle@@YGPAUHINSTANCE__@@XZ 1000b72e f   mfc140d:mfc140d.dll
 0001:0000a734       ?DDX_Control@@YGXPAVCDataExchange@@HAAVCWnd@@@Z 1000b734 f   mfc140d:mfc140d.dll
 0001:0000a73a       ?FromHandle@CWnd@@SGPAV1@PAUHWND__@@@Z 1000b73a f   mfc140d:mfc140d.dll
 0001:0000a740       ?Create@CWnd@@UAEHPBD0KABUtagRECT@@PAV1@IPAUCCreateContext@@@Z 1000b740 f   mfc140d:mfc140d.dll
 0001:0000a746       ?GetDlgItemInt@CWnd@@QBEIHPAHH@Z 1000b746 f   mfc140d:mfc140d.dll
 0001:0000a74c       ?GetRuntimeClass@CDialog@@UBEPAUCRuntimeClass@@XZ 1000b74c f   mfc140d:mfc140d.dll
 0001:0000a752       ?Create@CDialog@@UAEHPBDPAVCWnd@@@Z 1000b752 f   mfc140d:mfc140d.dll
 0001:0000a758       ?Create@CDialog@@UAEHIPAVCWnd@@@Z 1000b758 f   mfc140d:mfc140d.dll
 0001:0000a75e       ?CreateIndirect@CDialog@@UAEHPBUDLGTEMPLATE@@PAVCWnd@@PAX@Z 1000b75e f   mfc140d:mfc140d.dll
 0001:0000a764       ?CreateIndirect@CDialog@@UAEHPAXPAVCWnd@@@Z 1000b764 f   mfc140d:mfc140d.dll
 0001:0000a76a       ??0CDialog@@QAE@IPAVCWnd@@@Z 1000b76a f   mfc140d:mfc140d.dll
 0001:0000a770       ?DoModal@CDialog@@UAEHXZ   1000b770 f   mfc140d:mfc140d.dll
 0001:0000a776       ?OnInitDialog@CDialog@@UAEHXZ 1000b776 f   mfc140d:mfc140d.dll
 0001:0000a77c       ?OnSetFont@CDialog@@UAEXPAVCFont@@@Z 1000b77c f   mfc140d:mfc140d.dll
 0001:0000a782       ?OnOK@CDialog@@MAEXXZ      1000b782 f   mfc140d:mfc140d.dll
 0001:0000a788       ?OnCancel@CDialog@@MAEXXZ  1000b788 f   mfc140d:mfc140d.dll
 0001:0000a78e       ??1CDialog@@UAE@XZ         1000b78e f   mfc140d:mfc140d.dll
 0001:0000a794       ?AssertValid@CDialog@@UBEXXZ 1000b794 f   mfc140d:mfc140d.dll
 0001:0000a79a       ?Dump@CDialog@@UBEXAAVCDumpContext@@@Z 1000b79a f   mfc140d:mfc140d.dll
 0001:0000a7a0       ?PreTranslateMessage@CDialog@@UAEHPAUtagMSG@@@Z 1000b7a0 f   mfc140d:mfc140d.dll
 0001:0000a7a6       ?OnCmdMsg@CDialog@@UAEHIHPAXPAUAFX_CMDHANDLERINFO@@@Z 1000b7a6 f   mfc140d:mfc140d.dll
 0001:0000a7ac       ?CheckAutoCenter@CDialog@@UAEHXZ 1000b7ac f   mfc140d:mfc140d.dll
 0001:0000a7b2       ?SetOccDialogInfo@CDialog@@MAEHPAU_AFX_OCC_DIALOG_INFO@@@Z 1000b7b2 f   mfc140d:mfc140d.dll
 0001:0000a7b8       ?GetOccDialogInfo@CDialog@@MAEPAU_AFX_OCC_DIALOG_INFO@@XZ 1000b7b8 f   mfc140d:mfc140d.dll
 0001:0000a7be       ?PreInitDialog@CDialog@@MAEXXZ 1000b7be f   mfc140d:mfc140d.dll
 0001:0000a7c4       ?AfxSetResourceHandle@@YGXPAUHINSTANCE__@@@Z 1000b7c4 f   mfc140d:mfc140d.dll
 0001:0000a7ca       ??0CSpinButtonCtrl@@QAE@XZ 1000b7ca f   mfc140d:mfc140d.dll
 0001:0000a7d0       ?SetPos@CSpinButtonCtrl@@QAEHH@Z 1000b7d0 f   mfc140d:mfc140d.dll
 0001:0000a7d6       ?GetPos@CSpinButtonCtrl@@QBEHXZ 1000b7d6 f   mfc140d:mfc140d.dll
 0001:0000a7dc       ?SetRange@CSpinButtonCtrl@@QAEXFF@Z 1000b7dc f   mfc140d:mfc140d.dll
 0001:0000a7e2       ??1CSpinButtonCtrl@@UAE@XZ 1000b7e2 f   mfc140d:mfc140d.dll
 0001:0000a7e8       ?AfxThrowMemoryException@@YGXXZ 1000b7e8 f   mfc140d:mfc140d.dll
 0001:0000a7ee       ?AfxThrowOleException@@YGXJ@Z 1000b7ee f   mfc140d:mfc140d.dll
 0001:0000a7f4       ?AfxGetModuleState@@YGPAVAFX_MODULE_STATE@@XZ 1000b7f4 f   mfc140d:mfc140d.dll
 0001:0000a7fa       ??0CDynLinkLibrary@@QAE@AAUAFX_EXTENSION_MODULE@@H@Z 1000b7fa f   mfc140d:mfc140d.dll
 0001:0000a800       ?AfxInitExtensionModule@@YGHAAUAFX_EXTENSION_MODULE@@PAUHINSTANCE__@@@Z 1000b800 f   mfc140d:mfc140d.dll
 0001:0000a806       ?AfxTermExtensionModule@@YGXAAUAFX_EXTENSION_MODULE@@H@Z 1000b806 f   mfc140d:mfc140d.dll
 0001:0000a810       ??1CComBSTR@ATL@@QAE@XZ    1000b810 f i mfcs140d:nolib.obj
 0001:0000a850       ??1stringdispid@CComTypeInfoHolder@ATL@@QAE@XZ 1000b850 f i mfcs140d:nolib.obj
 0001:0000a880       ??_Estringdispid@CComTypeInfoHolder@ATL@@QAEPAXI@Z 1000b880 f i mfcs140d:nolib.obj
 0001:0000a940       _IsolationAwareActivateActCtx@8 1000b940 f i mfcs140d:nolib.obj
 0001:0000a9e0       _IsolationAwareCreateActCtxW@4 1000b9e0 f i mfcs140d:nolib.obj
 0001:0000aa80       _IsolationAwareDeactivateActCtx@8 1000ba80 f i mfcs140d:nolib.obj
 0001:0000ab20       _IsolationAwareFindActCtxSectionStringW@20 1000bb20 f i mfcs140d:nolib.obj
 0001:0000abd0       _IsolationAwarePrivatenPgViNgRzlnPgpgk@4 1000bbd0 f i mfcs140d:nolib.obj
 0001:0000acb0       _IsolationAwarePrivatezltRgCebPnQQeRff@12 1000bcb0 f i mfcs140d:nolib.obj
 0001:0000ad60       _IsolationAwarePrivatezltRgzbQhYRuNaQYRJ@4 1000bd60 f i mfcs140d:nolib.obj
 0001:0000ad90       _IsolationAwarePrivatezltRgzbQhYRuNaQYRn@4 1000bd90 f i mfcs140d:nolib.obj
 0001:0000adc0       _IsolationAwareQueryActCtxW@28 1000bdc0 f i mfcs140d:nolib.obj
 0001:0000ae70       _IsolationAwareUnregisterClassA@8 1000be70 f i mfcs140d:nolib.obj
 0001:0000b020       _WinbaseIsolationAwarePrivatetRgCebPnQQeRff_xReaRYQP_QYY@4 1000c020 f i mfcs140d:nolib.obj
 0001:0000b050       _WinbaseIsolationAwarePrivatetRgzlnPgpgk@0 1000c050 f i mfcs140d:nolib.obj
 0001:0000b3c0       ??_M@YGXPAXIHP6EX0@Z@Z     1000c3c0 f   msvcrtd:ehvecdtr.obj
 0001:0000b3e0       ??_M@YGXPAXIIP6EX0@Z@Z     1000c3e0 f   msvcrtd:ehvecdtr.obj
 0001:0000b500       ?__ArrayUnwind@@YGXPAXIIP6EX0@Z@Z 1000c500 f   msvcrtd:ehvecdtr.obj
 0001:0000b5b0       ??3@YAXPAXI@Z              1000c5b0 f   msvcrtd:delete_scalar_size.obj
 0001:0000b5d0       ??_V@YAXPAXI@Z             1000c5d0 f   msvcrtd:delete_array_size.obj
 0001:0000b5f0       @__security_check_cookie@4 1000c5f0 f   msvcrtd:secchk.obj
 0001:0000b600       ??1type_info@@UAE@XZ       1000c600 f   msvcrtd:std_type_info_static.obj
 0001:0000b620       ??_Etype_info@@UAEPAXI@Z   1000c620 f i msvcrtd:std_type_info_static.obj
 0001:0000b620       ??_Gtype_info@@UAEPAXI@Z   1000c620 f i msvcrtd:std_type_info_static.obj
 0001:0000b650       ?configure_argv@__scrt_narrow_argv_policy@@SAHXZ 1000c650 f i msvcrtd:utility.obj
 0001:0000b700       ?initialize_environment@__scrt_narrow_environment_policy@@SAHXZ 1000c700 f i msvcrtd:utility.obj
 0001:0000b780       _NtCurrentTeb              1000c780 f i msvcrtd:utility.obj
 0001:0000b790       ___scrt_acquire_startup_lock 1000c790 f   msvcrtd:utility.obj
 0001:0000b7e0       ___scrt_dllmain_after_initialize_c 1000c7e0 f   msvcrtd:utility.obj
 0001:0000b810       ___scrt_dllmain_before_initialize_c 1000c810 f   msvcrtd:utility.obj
 0001:0000b830       ___scrt_dllmain_crt_thread_attach 1000c830 f   msvcrtd:utility.obj
 0001:0000b860       ___scrt_dllmain_crt_thread_detach 1000c860 f   msvcrtd:utility.obj
 0001:0000b880       ___scrt_dllmain_exception_filter 1000c880 f   msvcrtd:utility.obj
 0001:0000b8d0       ___scrt_dllmain_uninitialize_c 1000c8d0 f   msvcrtd:utility.obj
 0001:0000b900       ___scrt_dllmain_uninitialize_critical 1000c900 f   msvcrtd:utility.obj
 0001:0000b920       ___scrt_initialize_crt     1000c920 f   msvcrtd:utility.obj
 0001:0000b970       ___scrt_initialize_onexit_tables 1000c970 f   msvcrtd:utility.obj
 0001:0000ba50       ___scrt_is_nonwritable_in_current_image 1000ca50 f   msvcrtd:utility.obj
 0001:0000bb80       ___scrt_release_startup_lock 1000cb80 f   msvcrtd:utility.obj
 0001:0000bbb0       ___scrt_uninitialize_crt   1000cbb0 f   msvcrtd:utility.obj
 0001:0000bbf0       __onexit                   1000cbf0 f   msvcrtd:utility.obj
 0001:0000bc60       _at_quick_exit             1000cc60 f   msvcrtd:utility.obj
 0001:0000bca0       _atexit                    1000cca0 f   msvcrtd:utility.obj
 0001:0000bcd0       __Init_thread_abort        1000ccd0 f   msvcrtd:thread_safe_statics.obj
 0001:0000bcf0       __Init_thread_footer       1000ccf0 f   msvcrtd:thread_safe_statics.obj
 0001:0000bd40       __Init_thread_header       1000cd40 f   msvcrtd:thread_safe_statics.obj
 0001:0000bdb0       __Init_thread_lock         1000cdb0 f   msvcrtd:thread_safe_statics.obj
 0001:0000bdd0       __Init_thread_notify       1000cdd0 f   msvcrtd:thread_safe_statics.obj
 0001:0000bdf0       __Init_thread_unlock       1000cdf0 f   msvcrtd:thread_safe_statics.obj
 0001:0000be10       __Init_thread_wait_v2      1000ce10 f   msvcrtd:thread_safe_statics.obj
 0001:0000c300       __CRT_INIT@12              1000d300 f   msvcrtd:dll_dllmain.obj
 0001:0000c320       __DllMainCRTStartup@12     1000d320 f   msvcrtd:dll_dllmain.obj
 0001:0000c350       @_RTC_AllocaHelper@12      1000d350 f   msvcrtd:stack.obj
 0001:0000c390       @_RTC_CheckStackVars2@12   1000d390 f   msvcrtd:stack.obj
 0001:0000c470       @_RTC_CheckStackVars@8     1000d470 f   msvcrtd:stack.obj
 0001:0000c4d0       __RTC_CheckEsp             1000d4d0 f   msvcrtd:stack.obj
 0001:0000c500       __CRT_RTC_INIT             1000d500 f   msvcrtd:init.obj
 0001:0000c510       __CRT_RTC_INITW            1000d510 f   msvcrtd:init.obj
 0001:0000c520       __RTC_InitBase             1000d520 f   msvcrtd:init.obj
 0001:0000c550       __RTC_Shutdown             1000d550 f   msvcrtd:init.obj
 0001:0000c570       __except_handler4          1000d570 f   msvcrtd:chandler4gs.obj
 0001:0000c5b0       @_guard_check_icall_nop@4  1000d5b0 f i msvcrtd:guard_support.obj
 0001:0000c5c0       _ReadNoFence               1000d5c0 f i msvcrtd:guard_support.obj
 0001:0000c5e0       _ReadPointerNoFence        1000d5e0 f i msvcrtd:guard_support.obj
 0001:0000c600       __InlineInterlockedExchangePointer 1000d600 f i msvcrtd:guard_support.obj
 0001:0000c610       ___castguard_check_failure_debugbreak 1000d610 f i msvcrtd:guard_support.obj
 0001:0000c630       ___castguard_check_failure_fastfail 1000d630 f i msvcrtd:guard_support.obj
 0001:0000c650       ___castguard_check_failure_nop 1000d650 f i msvcrtd:guard_support.obj
 0001:0000c660       ___castguard_check_failure_os_handled 1000d660 f i msvcrtd:guard_support.obj
 0001:0000c6c0       ___castguard_check_failure_user_handled 1000d6c0 f i msvcrtd:guard_support.obj
 0001:0000c770       ___castguard_set_user_handler 1000d770 f i msvcrtd:guard_support.obj
 0001:0000c790       ___castguard_slow_path_check_debugbreak 1000d790 f i msvcrtd:guard_support.obj
 0001:0000c7c0       ___castguard_slow_path_check_fastfail 1000d7c0 f i msvcrtd:guard_support.obj
 0001:0000c800       ___castguard_slow_path_check_nop 1000d800 f i msvcrtd:guard_support.obj
 0001:0000c810       ___castguard_slow_path_check_os_handled 1000d810 f i msvcrtd:guard_support.obj
 0001:0000c850       ___castguard_slow_path_check_user_handled 1000d850 f i msvcrtd:guard_support.obj
 0001:0000c8d0       __guard_icall_checks_enforced 1000d8d0 f i msvcrtd:guard_support.obj
 0001:0000c900       ___raise_securityfailure   1000d900 f   msvcrtd:gs_report.obj
 0001:0000c930       ___report_gsfailure        1000d930 f   msvcrtd:gs_report.obj
 0001:0000ca40       ___report_rangecheckfailure 1000da40 f   msvcrtd:gs_report.obj
 0001:0000ca50       ___report_securityfailure  1000da50 f   msvcrtd:gs_report.obj
 0001:0000cb30       ___report_securityfailureEx 1000db30 f   msvcrtd:gs_report.obj
 0001:0000cc60       ___isa_available_init      1000dc60 f   msvcrtd:cpu_disp.obj
 0001:0000d0f0       __get_startup_argv_mode    1000e0f0 f   msvcrtd:argv_mode.obj
 0001:0000d100       ___scrt_is_ucrt_dll_in_use 1000e100 f   msvcrtd:ucrt_detection.obj
 0001:0000d130       ___scrt_fastfail           1000e130 f   msvcrtd:utility_desktop.obj
 0001:0000d270       ___scrt_get_show_window_mode 1000e270 f   msvcrtd:utility_desktop.obj
 0001:0000d2b0       ___scrt_initialize_mta     1000e2b0 f   msvcrtd:utility_desktop.obj
 0001:0000d2c0       ___scrt_initialize_winrt   1000e2c0 f   msvcrtd:utility_desktop.obj
 0001:0000d2d0       ___scrt_is_managed_app     1000e2d0 f   msvcrtd:utility_desktop.obj
 0001:0000d360       ___scrt_set_unhandled_exception_filter 1000e360 f   msvcrtd:utility_desktop.obj
 0001:0000d380       ___scrt_exe_initialize_mta 1000e380 f   msvcrtd:utility_desktop.obj
 0001:0000d380       ___scrt_stub_for_initialize_mta 1000e380 f   msvcrtd:utility_desktop.obj
 0001:0000d390       ___scrt_unhandled_exception_filter@4 1000e390 f   msvcrtd:utility_desktop.obj
 0001:0000d410       __crt_debugger_hook        1000e410 f   msvcrtd:utility_desktop.obj
 0001:0000d490       ___security_init_cookie    1000e490 f   msvcrtd:gs_support.obj
 0001:0000d510       ?__scrt_initialize_type_info@@YAXXZ 1000e510 f   msvcrtd:tncleanup.obj
 0001:0000d530       ?__scrt_uninitialize_type_info@@YAXXZ 1000e530 f   msvcrtd:tncleanup.obj
 0001:0000d550       ___local_stdio_scanf_options 1000e550 f i msvcrtd:default_local_stdio_options.obj
 0001:0000d560       ___scrt_initialize_default_local_stdio_options 1000e560 f   msvcrtd:default_local_stdio_options.obj
 0001:0000d5a0       ___scrt_get_dyn_tls_init_callback 1000e5a0 f   msvcrtd:dyn_tls_init.obj
 0001:0000d5b0       __RTC_Initialize           1000e5b0 f   msvcrtd:initsect.obj
 0001:0000d5e0       __RTC_Terminate            1000e5e0 f   msvcrtd:initsect.obj
 0001:0000d6a0       ?_RTC_AllocaFailure@@YAXPAXPAU_RTC_ALLOCA_NODE@@H@Z 1000e6a0 f   msvcrtd:error.obj
 0001:0000d790       ?_RTC_Failure@@YAXPAXH@Z   1000e790 f   msvcrtd:error.obj
 0001:0000d7e0       ?_RTC_StackFailure@@YAXPAXPBD@Z 1000e7e0 f   msvcrtd:error.obj
 0001:0000dbd0       __RTC_UninitUse            1000ebd0 f   msvcrtd:error.obj
 0001:0000dc80       __vsprintf_s_l             1000ec80 f i msvcrtd:error.obj
 0001:0000dcb0       _sprintf_s                 1000ecb0 f i msvcrtd:error.obj
 0001:0000dcd0       ?_RTC_GetErrorFunc@@YAP6AHHPBDH00ZZPBX@Z 1000ecd0 f   msvcrtd:userapi.obj
 0001:0000dce0       ?_RTC_GetErrorFuncW@@YAP6AHHPB_WH00ZZPBX@Z 1000ece0 f   msvcrtd:userapi.obj
 0001:0000dcf0       __RTC_GetErrDesc           1000ecf0 f   msvcrtd:userapi.obj
 0001:0000dd10       __RTC_NumErrors            1000ed10 f   msvcrtd:userapi.obj
 0001:0000dd20       __RTC_SetErrorFunc         1000ed20 f   msvcrtd:userapi.obj
 0001:0000dd40       __RTC_SetErrorFuncW        1000ed40 f   msvcrtd:userapi.obj
 0001:0000dd60       __RTC_SetErrorType         1000ed60 f   msvcrtd:userapi.obj
 0001:0000e1e0       ?_RTC_GetSrcLine@@YAHPAEPA_WKPAH1K@Z 1000f1e0 f   msvcrtd:pdblkup.obj
 0001:0000e560       __except_handler4_noexcept 1000f560 f   msvcrtd:chandler4_noexcept.obj
 0001:0000e5bc       _DecodePointer@4           1000f5bc f   kernel32:KERNEL32.dll
 0001:0000e5c2       _GetLastError@0            1000f5c2 f   kernel32:KERNEL32.dll
 0001:0000e5c8       _SetLastError@4            1000f5c8 f   kernel32:KERNEL32.dll
 0001:0000e5ce       _HeapDestroy@4             1000f5ce f   kernel32:KERNEL32.dll
 0001:0000e5d4       _HeapAlloc@12              1000f5d4 f   kernel32:KERNEL32.dll
 0001:0000e5da       _HeapReAlloc@16            1000f5da f   kernel32:KERNEL32.dll
 0001:0000e5e0       _HeapFree@12               1000f5e0 f   kernel32:KERNEL32.dll
 0001:0000e5e6       _HeapSize@12               1000f5e6 f   kernel32:KERNEL32.dll
 0001:0000e5ec       _GetProcessHeap@0          1000f5ec f   kernel32:KERNEL32.dll
 0001:0000e5f2       _InitializeCriticalSectionEx@12 1000f5f2 f   kernel32:KERNEL32.dll
 0001:0000e5f8       _DeleteCriticalSection@4   1000f5f8 f   kernel32:KERNEL32.dll
 0001:0000e5fe       _MultiByteToWideChar@24    1000f5fe f   kernel32:KERNEL32.dll
 0001:0000e604       _OutputDebugStringA@4      1000f604 f   kernel32:KERNEL32.dll
 0001:0000e60a       _InitializeCriticalSectionAndSpinCount@8 1000f60a f   kernel32:KERNEL32.dll
 0001:0000e610       _GetModuleFileNameW@12     1000f610 f   kernel32:KERNEL32.dll
 0001:0000e616       _GetModuleHandleA@4        1000f616 f   kernel32:KERNEL32.dll
 0001:0000e61c       _GetModuleHandleW@4        1000f61c f   kernel32:KERNEL32.dll
 0001:0000e622       _GetProcAddress@8          1000f622 f   kernel32:KERNEL32.dll
 0001:0000e628       _LoadLibraryW@4            1000f628 f   kernel32:KERNEL32.dll
 0001:0000e62e       _ReleaseSRWLockExclusive@4 1000f62e f   kernel32:KERNEL32.dll
 0001:0000e634       _AcquireSRWLockExclusive@4 1000f634 f   kernel32:KERNEL32.dll
 0001:0000e63a       _WakeAllConditionVariable@4 1000f63a f   kernel32:KERNEL32.dll
 0001:0000e640       _SleepConditionVariableSRW@16 1000f640 f   kernel32:KERNEL32.dll
 0001:0000e646       _UnhandledExceptionFilter@4 1000f646 f   kernel32:KERNEL32.dll
 0001:0000e64c       _SetUnhandledExceptionFilter@4 1000f64c f   kernel32:KERNEL32.dll
 0001:0000e652       _GetCurrentProcess@0       1000f652 f   kernel32:KERNEL32.dll
 0001:0000e658       _TerminateProcess@8        1000f658 f   kernel32:KERNEL32.dll
 0001:0000e65e       _IsProcessorFeaturePresent@4 1000f65e f   kernel32:KERNEL32.dll
 0001:0000e664       _IsDebuggerPresent@0       1000f664 f   kernel32:KERNEL32.dll
 0001:0000e66a       _GetStartupInfoW@4         1000f66a f   kernel32:KERNEL32.dll
 0001:0000e670       _QueryPerformanceCounter@4 1000f670 f   kernel32:KERNEL32.dll
 0001:0000e676       _GetCurrentProcessId@0     1000f676 f   kernel32:KERNEL32.dll
 0001:0000e67c       _GetCurrentThreadId@0      1000f67c f   kernel32:KERNEL32.dll
 0001:0000e682       _GetSystemTimeAsFileTime@4 1000f682 f   kernel32:KERNEL32.dll
 0001:0000e688       _InitializeSListHead@4     1000f688 f   kernel32:KERNEL32.dll
 0001:0000e68e       _RaiseException@16         1000f68e f   kernel32:KERNEL32.dll
 0001:0000e694       _WideCharToMultiByte@32    1000f694 f   kernel32:KERNEL32.dll
 0001:0000e69a       _VirtualQuery@12           1000f69a f   kernel32:KERNEL32.dll
 0001:0000e6a0       _FreeLibrary@4             1000f6a0 f   kernel32:KERNEL32.dll
 0001:0000e6a6       _PeekMessageA@20           1000f6a6 f   user32:USER32.dll
 0001:0000e6ac       _SendMessageA@16           1000f6ac f   user32:USER32.dll
 0001:0000e6b2       _DefWindowProcA@16         1000f6b2 f   user32:USER32.dll
 0001:0000e6b8       _PostQuitMessage@4         1000f6b8 f   user32:USER32.dll
 0001:0000e6be       _RegisterClassA@4          1000f6be f   user32:USER32.dll
 0001:0000e6c4       _GetClassInfoA@12          1000f6c4 f   user32:USER32.dll
 0001:0000e6ca       _CreateWindowExA@48        1000f6ca f   user32:USER32.dll
 0001:0000e6d0       _SetFocus@4                1000f6d0 f   user32:USER32.dll
 0001:0000e6d6       _GetFocus@0                1000f6d6 f   user32:USER32.dll
 0001:0000e6dc       _GetAsyncKeyState@4        1000f6dc f   user32:USER32.dll
 0001:0000e6e2       _SetCapture@4              1000f6e2 f   user32:USER32.dll
 0001:0000e6e8       _ReleaseCapture@0          1000f6e8 f   user32:USER32.dll
 0001:0000e6ee       _GetDC@4                   1000f6ee f   user32:USER32.dll
 0001:0000e6f4       _ReleaseDC@8               1000f6f4 f   user32:USER32.dll
 0001:0000e6fa       _SetPropA@12               1000f6fa f   user32:USER32.dll
 0001:0000e700       _GetPropA@8                1000f700 f   user32:USER32.dll
 0001:0000e706       _DrawFocusRect@8           1000f706 f   user32:USER32.dll
 0001:0000e70c       _FillRect@12               1000f70c f   user32:USER32.dll
 0001:0000e712       _InflateRect@12            1000f712 f   user32:USER32.dll
 0001:0000e718       _GetWindowLongA@8          1000f718 f   user32:USER32.dll
 0001:0000e71e       _SetWindowLongA@12         1000f71e f   user32:USER32.dll
 0001:0000e724       _GetParent@4               1000f724 f   user32:USER32.dll
 0001:0000e72a       _LoadBitmapA@8             1000f72a f   user32:USER32.dll
 0001:0000e730       _LoadCursorA@8             1000f730 f   user32:USER32.dll
 0001:0000e736       _ClipCursor@4              1000f736 f   user32:USER32.dll
 0001:0000e73c       _GetDlgItem@8              1000f73c f   user32:USER32.dll
 0001:0000e742       _UpdateWindow@4            1000f742 f   user32:USER32.dll
 0001:0000e748       _UnregisterClassA@8        1000f748 f   user32:USER32.dll
 0001:0000e74e       _GetSysColor@4             1000f74e f   user32:USER32.dll
 0001:0000e754       _BitBlt@36                 1000f754 f   gdi32:GDI32.dll
 0001:0000e75a       _CreateCompatibleDC@4      1000f75a f   gdi32:GDI32.dll
 0001:0000e760       _DeleteDC@4                1000f760 f   gdi32:GDI32.dll
 0001:0000e766       _DeleteObject@4            1000f766 f   gdi32:GDI32.dll
 0001:0000e76c       _SelectObject@8            1000f76c f   gdi32:GDI32.dll
 0001:0000e772       _CreateDIBSection@24       1000f772 f   gdi32:GDI32.dll
 0001:0000e778       _GetObjectA@12             1000f778 f   gdi32:GDI32.dll
 0001:0000e77e       ??$?2PAUHINSTANCE__@@@Wrapper@?$CSimpleArray@PAUHINSTANCE__@@V?$CSimpleArrayEqualHelper@PAUHINSTANCE__@@@ATL@@@ATL@@SAPAXIPAPAUHINSTANCE__@@@Z 1000f77e f i atls:atlbase.obj
 0001:0000e786       ??0?$CComCritSecLock@VCComCriticalSection@ATL@@@ATL@@QAE@AAVCComCriticalSection@1@_N@Z 1000f786 f i atls:atlbase.obj
 0001:0000e7ad       ??0?$CSimpleArray@PAUHINSTANCE__@@V?$CSimpleArrayEqualHelper@PAUHINSTANCE__@@@ATL@@@ATL@@QAE@XZ 1000f7ad f i atls:atlbase.obj
 0001:0000e7ba       ??0CAtlBaseModule@ATL@@QAE@XZ 1000f7ba f   atls:atlbase.obj
 0001:0000e80d       ??0Wrapper@?$CSimpleArray@PAUHINSTANCE__@@V?$CSimpleArrayEqualHelper@PAUHINSTANCE__@@@ATL@@@ATL@@QAE@ABQAUHINSTANCE__@@@Z 1000f80d f i atls:atlbase.obj
 0001:0000e81d       ??0_ATL_BASE_MODULE70@ATL@@QAE@XZ 1000f81d f i atls:atlbase.obj
 0001:0000e840       ??1?$CComCritSecLock@VCComCriticalSection@ATL@@@ATL@@QAE@XZ 1000f840 f i atls:atlbase.obj
 0001:0000e857       ??1?$CSimpleArray@PAUHINSTANCE__@@V?$CSimpleArrayEqualHelper@PAUHINSTANCE__@@@ATL@@@ATL@@QAE@XZ 1000f857 f i atls:atlbase.obj
 0001:0000e85c       ??1CAtlBaseModule@ATL@@QAE@XZ 1000f85c f   atls:atlbase.obj
 0001:0000e872       ??1_ATL_BASE_MODULE70@ATL@@QAE@XZ 1000f872 f i atls:atlbase.obj
 0001:0000e87a       ??A?$CSimpleArray@PAUHINSTANCE__@@V?$CSimpleArrayEqualHelper@PAUHINSTANCE__@@@ATL@@@ATL@@QAEAAPAUHINSTANCE__@@H@Z 1000f87a f i atls:atlbase.obj
 0001:0000e89d       ?Add@?$CSimpleArray@PAUHINSTANCE__@@V?$CSimpleArrayEqualHelper@PAUHINSTANCE__@@@ATL@@@ATL@@QAEHABQAUHINSTANCE__@@@Z 1000f89d f i atls:atlbase.obj
 0001:0000e91f       ?AddResourceInstance@CAtlBaseModule@ATL@@QAE_NPAUHINSTANCE__@@@Z 1000f91f f   atls:atlbase.obj
 0001:0000e952       ?AtlCrtErrorCheck@ATL@@YAHH@Z 1000f952 f i atls:atlbase.obj
 0001:0000e98d       ?GetHInstanceAt@CAtlBaseModule@ATL@@QAEPAUHINSTANCE__@@H@Z 1000f98d f   atls:atlbase.obj
 0001:0000e9d2       ?GetSize@?$CSimpleArray@PAUHINSTANCE__@@V?$CSimpleArrayEqualHelper@PAUHINSTANCE__@@@ATL@@@ATL@@QBEHXZ 1000f9d2 f i atls:atlbase.obj
 0001:0000e9d6       ?InternalSetAtIndex@?$CSimpleArray@PAUHINSTANCE__@@V?$CSimpleArrayEqualHelper@PAUHINSTANCE__@@@ATL@@@ATL@@QAEXHABQAUHINSTANCE__@@@Z 1000f9d6 f i atls:atlbase.obj
 0001:0000e9f0       ?Lock@?$CComCritSecLock@VCComCriticalSection@ATL@@@ATL@@QAEJXZ 1000f9f0 f i atls:atlbase.obj
 0001:0000ea03       ?Lock@CComCriticalSection@ATL@@QAEJXZ 1000fa03 f i atls:atlbase.obj
 0001:0000ea0d       ?RemoveAll@?$CSimpleArray@PAUHINSTANCE__@@V?$CSimpleArrayEqualHelper@PAUHINSTANCE__@@@ATL@@@ATL@@QAEXXZ 1000fa0d f i atls:atlbase.obj
 0001:0000ea2a       ?RemoveAt@?$CSimpleArray@PAUHINSTANCE__@@V?$CSimpleArrayEqualHelper@PAUHINSTANCE__@@@ATL@@@ATL@@QAEHH@Z 1000fa2a f i atls:atlbase.obj
 0001:0000ea72       ?RemoveResourceInstance@CAtlBaseModule@ATL@@QAE_NPAUHINSTANCE__@@@Z 1000fa72 f   atls:atlbase.obj
 0001:0000eacf       ?Unlock@?$CComCritSecLock@VCComCriticalSection@ATL@@@ATL@@QAEXXZ 1000facf f i atls:atlbase.obj
 0001:0000eae0       ?Unlock@CComCriticalSection@ATL@@QAEJXZ 1000fae0 f i atls:atlbase.obj
 0001:0000eaea       ?_AtlRaiseException@ATL@@YAXKK@Z 1000faea f i atls:atlbase.obj
 0001:0000eaff       ?memmove_s@Checked@ATL@@YAXPAXIPBXI@Z 1000faff f i atls:atlbase.obj
 0001:0000eb9c       ??0?$CTraceCategoryEx@$00$0A@@ATL@@QAE@PB_W@Z 1000fb9c f i atls:stdafx.obj
 0001:0000eba1       ??0?$CTraceCategoryEx@$01$0A@@ATL@@QAE@PB_W@Z 1000fba1 f i atls:stdafx.obj
 0001:0000eba6       ??0?$CTraceCategoryEx@$03$0A@@ATL@@QAE@PB_W@Z 1000fba6 f i atls:stdafx.obj
 0001:0000ebab       ??0?$CTraceCategoryEx@$07$0A@@ATL@@QAE@PB_W@Z 1000fbab f i atls:stdafx.obj
 0001:0000ebb0       ??0?$CTraceCategoryEx@$0BA@$0A@@ATL@@QAE@PB_W@Z 1000fbb0 f i atls:stdafx.obj
 0001:0000ebb5       ??0?$CTraceCategoryEx@$0BAA@$0A@@ATL@@QAE@PB_W@Z 1000fbb5 f i atls:stdafx.obj
 0001:0000ebba       ??0?$CTraceCategoryEx@$0BAAA@$0A@@ATL@@QAE@PB_W@Z 1000fbba f i atls:stdafx.obj
 0001:0000ebbf       ??0?$CTraceCategoryEx@$0BAAAA@$0A@@ATL@@QAE@PB_W@Z 1000fbbf f i atls:stdafx.obj
 0001:0000ebc4       ??0?$CTraceCategoryEx@$0BAAAAA@$0A@@ATL@@QAE@PB_W@Z 1000fbc4 f i atls:stdafx.obj
 0001:0000ebc9       ??0?$CTraceCategoryEx@$0CA@$0A@@ATL@@QAE@PB_W@Z 1000fbc9 f i atls:stdafx.obj
 0001:0000ebce       ??0?$CTraceCategoryEx@$0CAA@$0A@@ATL@@QAE@PB_W@Z 1000fbce f i atls:stdafx.obj
 0001:0000ebd3       ??0?$CTraceCategoryEx@$0CAAA@$0A@@ATL@@QAE@PB_W@Z 1000fbd3 f i atls:stdafx.obj
 0001:0000ebd8       ??0?$CTraceCategoryEx@$0CAAAA@$0A@@ATL@@QAE@PB_W@Z 1000fbd8 f i atls:stdafx.obj
 0001:0000ebdd       ??0?$CTraceCategoryEx@$0CAAAAA@$0A@@ATL@@QAE@PB_W@Z 1000fbdd f i atls:stdafx.obj
 0001:0000ebe2       ??0?$CTraceCategoryEx@$0EA@$0A@@ATL@@QAE@PB_W@Z 1000fbe2 f i atls:stdafx.obj
 0001:0000ebe7       ??0?$CTraceCategoryEx@$0EAA@$0A@@ATL@@QAE@PB_W@Z 1000fbe7 f i atls:stdafx.obj
 0001:0000ebec       ??0?$CTraceCategoryEx@$0EAAA@$0A@@ATL@@QAE@PB_W@Z 1000fbec f i atls:stdafx.obj
 0001:0000ebf1       ??0?$CTraceCategoryEx@$0EAAAA@$0A@@ATL@@QAE@PB_W@Z 1000fbf1 f i atls:stdafx.obj
 0001:0000ebf6       ??0?$CTraceCategoryEx@$0EAAAAA@$0A@@ATL@@QAE@PB_W@Z 1000fbf6 f i atls:stdafx.obj
 0001:0000ebfb       ??0?$CTraceCategoryEx@$0IA@$0A@@ATL@@QAE@PB_W@Z 1000fbfb f i atls:stdafx.obj
 0001:0000ec00       ??0?$CTraceCategoryEx@$0IAA@$0A@@ATL@@QAE@PB_W@Z 1000fc00 f i atls:stdafx.obj
 0001:0000ec05       ??0?$CTraceCategoryEx@$0IAAA@$0A@@ATL@@QAE@PB_W@Z 1000fc05 f i atls:stdafx.obj
 0001:0000ec0a       ??0?$CTraceCategoryEx@$0IAAAA@$0A@@ATL@@QAE@PB_W@Z 1000fc0a f i atls:stdafx.obj
 0001:0000ec0f       ??_I@YGXPAXIIP6EX0@Z@Z     1000fc0f f i atls:stdafx.obj
 0001:0000ec42       _SysFreeString@4           1000fc42 f   oleaut32:OLEAUT32.dll
 0001:0000ec48       _memmove                   1000fc48 f   vcruntimed:VCRUNTIME140D.dll
 0001:0000ec4e       _memset                    1000fc4e f   vcruntimed:VCRUNTIME140D.dll
 0001:0000ec54       ___CxxFrameHandler3        1000fc54 f   vcruntimed:VCRUNTIME140D.dll
 0001:0000ec5a       ___current_exception       1000fc5a f   vcruntimed:VCRUNTIME140D.dll
 0001:0000ec60       ___current_exception_context 1000fc60 f   vcruntimed:VCRUNTIME140D.dll
 0001:0000ec66       __except_handler4_common   1000fc66 f   vcruntimed:VCRUNTIME140D.dll
 0001:0000ec6c       ___std_type_info_destroy_list 1000fc6c f   vcruntimed:VCRUNTIME140D.dll
 0001:0000ec72       ___vcrt_GetModuleFileNameW 1000fc72 f   vcruntimed:VCRUNTIME140D.dll
 0001:0000ec78       ___vcrt_GetModuleHandleW   1000fc78 f   vcruntimed:VCRUNTIME140D.dll
 0001:0000ec7e       ___vcrt_LoadLibraryExW     1000fc7e f   vcruntimed:VCRUNTIME140D.dll
 0001:0000ec84       _abs                       1000fc84 f   ucrtd:ucrtbased.dll
 0001:0000ec8a       __CrtDbgReport             1000fc8a f   ucrtd:ucrtbased.dll
 0001:0000ec90       _atan2                     1000fc90 f   ucrtd:ucrtbased.dll
 0001:0000ec96       _cos                       1000fc96 f   ucrtd:ucrtbased.dll
 0001:0000ec9c       _fabs                      1000fc9c f   ucrtd:ucrtbased.dll
 0001:0000eca2       _sin                       1000fca2 f   ucrtd:ucrtbased.dll
 0001:0000eca8       _sqrt                      1000fca8 f   ucrtd:ucrtbased.dll
 0001:0000ecae       _wcscpy_s                  1000fcae f   ucrtd:ucrtbased.dll
 0001:0000ecb4       _wcslen                    1000fcb4 f   ucrtd:ucrtbased.dll
 0001:0000ecba       ___stdio_common_vswprintf_s 1000fcba f   ucrtd:ucrtbased.dll
 0001:0000ecc0       ___stdio_common_vsprintf   1000fcc0 f   ucrtd:ucrtbased.dll
 0001:0000ecc6       ___stdio_common_vsnprintf_s 1000fcc6 f   ucrtd:ucrtbased.dll
 0001:0000eccc       _free                      1000fccc f   ucrtd:ucrtbased.dll
 0001:0000ecd2       _malloc                    1000fcd2 f   ucrtd:ucrtbased.dll
 0001:0000ecd8       __CrtDbgReportW            1000fcd8 f   ucrtd:ucrtbased.dll
 0001:0000ecde       _terminate                 1000fcde f   ucrtd:ucrtbased.dll
 0001:0000ece4       __seh_filter_dll           1000fce4 f   ucrtd:ucrtbased.dll
 0001:0000ecea       __configure_narrow_argv    1000fcea f   ucrtd:ucrtbased.dll
 0001:0000ecf0       __initialize_narrow_environment 1000fcf0 f   ucrtd:ucrtbased.dll
 0001:0000ecf6       __initialize_onexit_table  1000fcf6 f   ucrtd:ucrtbased.dll
 0001:0000ecfc       __register_onexit_function 1000fcfc f   ucrtd:ucrtbased.dll
 0001:0000ed02       __execute_onexit_table     1000fd02 f   ucrtd:ucrtbased.dll
 0001:0000ed08       __crt_atexit               1000fd08 f   ucrtd:ucrtbased.dll
 0001:0000ed0e       __crt_at_quick_exit        1000fd0e f   ucrtd:ucrtbased.dll
 0001:0000ed14       __cexit                    1000fd14 f   ucrtd:ucrtbased.dll
 0001:0000ed1a       __initterm                 1000fd1a f   ucrtd:ucrtbased.dll
 0001:0000ed20       __initterm_e               1000fd20 f   ucrtd:ucrtbased.dll
 0001:0000ed26       _strcpy_s                  1000fd26 f   ucrtd:ucrtbased.dll
 0001:0000ed2c       _strcat_s                  1000fd2c f   ucrtd:ucrtbased.dll
 0001:0000ed32       ___stdio_common_vsprintf_s 1000fd32 f   ucrtd:ucrtbased.dll
 0001:0000ed38       __wmakepath_s              1000fd38 f   ucrtd:ucrtbased.dll
 0001:0000ed3e       __wsplitpath_s             1000fd3e f   ucrtd:ucrtbased.dll
 0001:0000ed44       __invalid_parameter_noinfo 1000fd44 f   ucrtd:ucrtbased.dll
 0001:0000ed4a       __errno                    1000fd4a f   ucrtd:ucrtbased.dll
 0001:0000ed50       __recalloc                 1000fd50 f   ucrtd:ucrtbased.dll
 0001:0000ed56       _OutputDebugStringW@4      1000fd56 f   kernel32:KERNEL32.dll
 0001:0000ed5c       _EnterCriticalSection@4    1000fd5c f   kernel32:KERNEL32.dll
 0001:0000ed62       _LeaveCriticalSection@4    1000fd62 f   kernel32:KERNEL32.dll
 0001:0000ed70       ___acrt_initialize         1000fd70 f   msvcrtd:ucrt_stubs.obj
 0001:0000ed70       ___scrt_stub_for_acrt_initialize 1000fd70 f   msvcrtd:ucrt_stubs.obj
 0001:0000ed70       ___vcrt_initialize         1000fd70 f   msvcrtd:ucrt_stubs.obj
 0001:0000ed80       ___acrt_thread_attach      1000fd80 f   msvcrtd:ucrt_stubs.obj
 0001:0000ed80       ___scrt_stub_for_acrt_thread_attach 1000fd80 f   msvcrtd:ucrt_stubs.obj
 0001:0000ed80       ___vcrt_thread_attach      1000fd80 f   msvcrtd:ucrt_stubs.obj
 0001:0000ed90       ___acrt_thread_detach      1000fd90 f   msvcrtd:ucrt_stubs.obj
 0001:0000ed90       ___scrt_stub_for_acrt_thread_detach 1000fd90 f   msvcrtd:ucrt_stubs.obj
 0001:0000ed90       ___vcrt_thread_detach      1000fd90 f   msvcrtd:ucrt_stubs.obj
 0001:0000eda0       ___acrt_uninitialize       1000fda0 f   msvcrtd:ucrt_stubs.obj
 0001:0000eda0       ___scrt_stub_for_acrt_uninitialize 1000fda0 f   msvcrtd:ucrt_stubs.obj
 0001:0000eda0       ___vcrt_uninitialize       1000fda0 f   msvcrtd:ucrt_stubs.obj
 0001:0000edb0       ___acrt_uninitialize_critical 1000fdb0 f   msvcrtd:ucrt_stubs.obj
 0001:0000edb0       ___scrt_stub_for_acrt_uninitialize_critical 1000fdb0 f   msvcrtd:ucrt_stubs.obj
 0001:0000edb0       ___vcrt_uninitialize_critical 1000fdb0 f   msvcrtd:ucrt_stubs.obj
 0001:0000edc0       ___scrt_stub_for_is_c_termination_complete 1000fdc0 f   msvcrtd:ucrt_stubs.obj
 0001:0000edc0       __is_c_termination_complete 1000fdc0 f   msvcrtd:ucrt_stubs.obj
 0001:0000edd0       __filter_x86_sse2_floating_point_exception 1000fdd0 f   msvcrtd:x86_exception_filter.obj
 0001:0000edd0       __filter_x86_sse2_floating_point_exception_default 1000fdd0 f   msvcrtd:x86_exception_filter.obj
 0001:0000f290       ??__FstrHeap@?1??GetInstance@CAtlStringMgr@ATL@@SAPAUIAtlStringMgr@2@XZ@YAXXZ 10010290 f i StdAfx.obj
 0001:0000f2b0       ??__FstrMgr@?1??GetInstance@CAtlStringMgr@ATL@@SAPAUIAtlStringMgr@2@XZ@YAXXZ 100102b0 f i StdAfx.obj
 0002:00000000       __imp__SelectObject@8      10011000     gdi32:GDI32.dll
 0002:00000004       __imp__CreateCompatibleDC@4 10011004     gdi32:GDI32.dll
 0002:00000008       __imp__GetObjectA@12       10011008     gdi32:GDI32.dll
 0002:0000000c       __imp__CreateDIBSection@24 1001100c     gdi32:GDI32.dll
 0002:00000010       __imp__BitBlt@36           10011010     gdi32:GDI32.dll
 0002:00000014       __imp__DeleteObject@4      10011014     gdi32:GDI32.dll
 0002:00000018       __imp__DeleteDC@4          10011018     gdi32:GDI32.dll
 0002:0000001c       \177GDI32_NULL_THUNK_DATA  1001101c     gdi32:GDI32.dll
 0002:00000020       __imp__LeaveCriticalSection@4 10011020     kernel32:KERNEL32.dll
 0002:00000024       __imp__FreeLibrary@4       10011024     kernel32:KERNEL32.dll
 0002:00000028       __imp__VirtualQuery@12     10011028     kernel32:KERNEL32.dll
 0002:0000002c       __imp__WideCharToMultiByte@32 1001102c     kernel32:KERNEL32.dll
 0002:00000030       __imp__RaiseException@16   10011030     kernel32:KERNEL32.dll
 0002:00000034       __imp__InitializeSListHead@4 10011034     kernel32:KERNEL32.dll
 0002:00000038       __imp__GetSystemTimeAsFileTime@4 10011038     kernel32:KERNEL32.dll
 0002:0000003c       __imp__GetCurrentThreadId@0 1001103c     kernel32:KERNEL32.dll
 0002:00000040       __imp__GetCurrentProcessId@0 10011040     kernel32:KERNEL32.dll
 0002:00000044       __imp__QueryPerformanceCounter@4 10011044     kernel32:KERNEL32.dll
 0002:00000048       __imp__GetStartupInfoW@4   10011048     kernel32:KERNEL32.dll
 0002:0000004c       __imp__IsDebuggerPresent@0 1001104c     kernel32:KERNEL32.dll
 0002:00000050       __imp__IsProcessorFeaturePresent@4 10011050     kernel32:KERNEL32.dll
 0002:00000054       __imp__TerminateProcess@8  10011054     kernel32:KERNEL32.dll
 0002:00000058       __imp__GetCurrentProcess@0 10011058     kernel32:KERNEL32.dll
 0002:0000005c       __imp__SetUnhandledExceptionFilter@4 1001105c     kernel32:KERNEL32.dll
 0002:00000060       __imp__UnhandledExceptionFilter@4 10011060     kernel32:KERNEL32.dll
 0002:00000064       __imp__SleepConditionVariableSRW@16 10011064     kernel32:KERNEL32.dll
 0002:00000068       __imp__WakeAllConditionVariable@4 10011068     kernel32:KERNEL32.dll
 0002:0000006c       __imp__AcquireSRWLockExclusive@4 1001106c     kernel32:KERNEL32.dll
 0002:00000070       __imp__ReleaseSRWLockExclusive@4 10011070     kernel32:KERNEL32.dll
 0002:00000074       __imp__LoadLibraryW@4      10011074     kernel32:KERNEL32.dll
 0002:00000078       __imp__GetProcAddress@8    10011078     kernel32:KERNEL32.dll
 0002:0000007c       __imp__GetModuleHandleW@4  1001107c     kernel32:KERNEL32.dll
 0002:00000080       __imp__GetModuleHandleA@4  10011080     kernel32:KERNEL32.dll
 0002:00000084       __imp__GetModuleFileNameW@12 10011084     kernel32:KERNEL32.dll
 0002:00000088       __imp__InitializeCriticalSectionAndSpinCount@8 10011088     kernel32:KERNEL32.dll
 0002:0000008c       __imp__OutputDebugStringA@4 1001108c     kernel32:KERNEL32.dll
 0002:00000090       __imp__MultiByteToWideChar@24 10011090     kernel32:KERNEL32.dll
 0002:00000094       __imp__DeleteCriticalSection@4 10011094     kernel32:KERNEL32.dll
 0002:00000098       __imp__InitializeCriticalSectionEx@12 10011098     kernel32:KERNEL32.dll
 0002:0000009c       __imp__GetProcessHeap@0    1001109c     kernel32:KERNEL32.dll
 0002:000000a0       __imp__HeapSize@12         100110a0     kernel32:KERNEL32.dll
 0002:000000a4       __imp__HeapFree@12         100110a4     kernel32:KERNEL32.dll
 0002:000000a8       __imp__HeapReAlloc@16      100110a8     kernel32:KERNEL32.dll
 0002:000000ac       __imp__HeapAlloc@12        100110ac     kernel32:KERNEL32.dll
 0002:000000b0       __imp__HeapDestroy@4       100110b0     kernel32:KERNEL32.dll
 0002:000000b4       __imp__SetLastError@4      100110b4     kernel32:KERNEL32.dll
 0002:000000b8       __imp__GetLastError@0      100110b8     kernel32:KERNEL32.dll
 0002:000000bc       __imp__DecodePointer@4     100110bc     kernel32:KERNEL32.dll
 0002:000000c0       __imp__EnterCriticalSection@4 100110c0     kernel32:KERNEL32.dll
 0002:000000c4       __imp__OutputDebugStringW@4 100110c4     kernel32:KERNEL32.dll
 0002:000000c8       \177KERNEL32_NULL_THUNK_DATA 100110c8     kernel32:KERNEL32.dll
 0002:000000cc       __imp__SysFreeString@4     100110cc     oleaut32:OLEAUT32.dll
 0002:000000d0       \177OLEAUT32_NULL_THUNK_DATA 100110d0     oleaut32:OLEAUT32.dll
 0002:000000d4       __imp__DefWindowProcA@16   100110d4     user32:USER32.dll
 0002:000000d8       __imp__PostQuitMessage@4   100110d8     user32:USER32.dll
 0002:000000dc       __imp__RegisterClassA@4    100110dc     user32:USER32.dll
 0002:000000e0       __imp__PeekMessageA@20     100110e0     user32:USER32.dll
 0002:000000e4       __imp__CreateWindowExA@48  100110e4     user32:USER32.dll
 0002:000000e8       __imp__SetFocus@4          100110e8     user32:USER32.dll
 0002:000000ec       __imp__GetFocus@0          100110ec     user32:USER32.dll
 0002:000000f0       __imp__SendMessageA@16     100110f0     user32:USER32.dll
 0002:000000f4       __imp__GetClassInfoA@12    100110f4     user32:USER32.dll
 0002:000000f8       __imp__GetAsyncKeyState@4  100110f8     user32:USER32.dll
 0002:000000fc       __imp__GetSysColor@4       100110fc     user32:USER32.dll
 0002:00000100       __imp__UnregisterClassA@8  10011100     user32:USER32.dll
 0002:00000104       __imp__UpdateWindow@4      10011104     user32:USER32.dll
 0002:00000108       __imp__GetDlgItem@8        10011108     user32:USER32.dll
 0002:0000010c       __imp__ClipCursor@4        1001110c     user32:USER32.dll
 0002:00000110       __imp__LoadCursorA@8       10011110     user32:USER32.dll
 0002:00000114       __imp__LoadBitmapA@8       10011114     user32:USER32.dll
 0002:00000118       __imp__GetParent@4         10011118     user32:USER32.dll
 0002:0000011c       __imp__SetWindowLongA@12   1001111c     user32:USER32.dll
 0002:00000120       __imp__GetWindowLongA@8    10011120     user32:USER32.dll
 0002:00000124       __imp__InflateRect@12      10011124     user32:USER32.dll
 0002:00000128       __imp__FillRect@12         10011128     user32:USER32.dll
 0002:0000012c       __imp__DrawFocusRect@8     1001112c     user32:USER32.dll
 0002:00000130       __imp__GetPropA@8          10011130     user32:USER32.dll
 0002:00000134       __imp__SetPropA@12         10011134     user32:USER32.dll
 0002:00000138       __imp__ReleaseDC@8         10011138     user32:USER32.dll
 0002:0000013c       __imp__GetDC@4             1001113c     user32:USER32.dll
 0002:00000140       __imp__ReleaseCapture@0    10011140     user32:USER32.dll
 0002:00000144       __imp__SetCapture@4        10011144     user32:USER32.dll
 0002:00000148       \177USER32_NULL_THUNK_DATA 10011148     user32:USER32.dll
 0002:0000014c       __imp__memmove             1001114c     vcruntimed:VCRUNTIME140D.dll
 0002:00000150       __imp__memset              10011150     vcruntimed:VCRUNTIME140D.dll
 0002:00000154       __imp____CxxFrameHandler3  10011154     vcruntimed:VCRUNTIME140D.dll
 0002:00000158       __imp____current_exception 10011158     vcruntimed:VCRUNTIME140D.dll
 0002:0000015c       __imp____current_exception_context 1001115c     vcruntimed:VCRUNTIME140D.dll
 0002:00000160       __imp___except_handler4_common 10011160     vcruntimed:VCRUNTIME140D.dll
 0002:00000164       __imp____std_type_info_destroy_list 10011164     vcruntimed:VCRUNTIME140D.dll
 0002:00000168       __imp____vcrt_GetModuleFileNameW 10011168     vcruntimed:VCRUNTIME140D.dll
 0002:0000016c       __imp____vcrt_GetModuleHandleW 1001116c     vcruntimed:VCRUNTIME140D.dll
 0002:00000170       __imp____vcrt_LoadLibraryExW 10011170     vcruntimed:VCRUNTIME140D.dll
 0002:00000174       \177VCRUNTIME140D_NULL_THUNK_DATA 10011174     vcruntimed:VCRUNTIME140D.dll
 0002:00000178       __imp_?OnTouchInputs@CWnd@@MAEHIPAUtagTOUCHINPUT@@@Z 10011178     mfc140d:mfc140d.dll
 0002:0000017c       __imp_?OnTouchInput@CWnd@@MAEHVCPoint@@HHPAUtagTOUCHINPUT@@@Z 1001117c     mfc140d:mfc140d.dll
 0002:00000180       __imp_?GetGestureStatus@CWnd@@MAEKVCPoint@@@Z 10011180     mfc140d:mfc140d.dll
 0002:00000184       __imp_?OnGestureZoom@CWnd@@MAEHVCPoint@@J@Z 10011184     mfc140d:mfc140d.dll
 0002:00000188       __imp_?OnGesturePan@CWnd@@MAEHVCPoint@@0@Z 10011188     mfc140d:mfc140d.dll
[...]
 0001:0000f0a6       __unwindfunclet$??0ColorPickerDialogClass@@QAE@HHHPAVCWnd@@I@Z$2 100100a6 f   ColorPickerDialogClass.obj
 0001:0000f0b9       __ehhandler$??0ColorPickerDialogClass@@QAE@HHHPAVCWnd@@I@Z 100100b9 f   ColorPickerDialogClass.obj
 0001:0000f0e0       __ehhandler$??1MyManageStateClass@@QAE@XZ 100100e0 f   ColorPickerDialogClass.obj
 0001:0000f100       __unwindfunclet$??0_ATL_WIN_MODULE70@ATL@@QAE@XZ$0 10010100 f   StdAfx.obj
 0001:0000f110       __ehhandler$??0_ATL_WIN_MODULE70@ATL@@QAE@XZ 10010110 f   StdAfx.obj
 0001:0000f130       __ehhandler$??1?$CSimpleArray@GV?$CSimpleArrayEqualHelper@G@ATL@@@ATL@@QAE@XZ 10010130 f   StdAfx.obj
 0001:0000f150       __ehhandler$??1CAtlComModule@ATL@@QAE@XZ 10010150 f   StdAfx.obj
 0001:0000f170       __ehhandler$??1CAtlWinModule@ATL@@QAE@XZ 10010170 f   StdAfx.obj
 0001:0000f190       __unwindfunclet$??RCTraceFileAndLineInfo@ATL@@QBAXHIPBDZZ$0 10010190 f   StdAfx.obj
 0001:0000f19d       __ehhandler$??RCTraceFileAndLineInfo@ATL@@QBAXHIPBDZZ 1001019d f   StdAfx.obj
 0001:0000f1c0       __unwindfunclet$?TraceV@CTrace@ATL@@SAXPBDHII0PAD@Z$0 100101c0 f   StdAfx.obj
 0001:0000f1c8       __unwindfunclet$?TraceV@CTrace@ATL@@SAXPBDHII0PAD@Z$1 100101c8 f   StdAfx.obj
 0001:0000f1d5       __ehhandler$?TraceV@CTrace@ATL@@SAXPBDHII0PAD@Z 100101d5 f   StdAfx.obj
 0001:0000f200       __unwindfunclet$??RCTraceFileAndLineInfo@ATL@@QBAXPBDZZ$0 10010200 f   WWCtrl.obj
 0001:0000f20d       __ehhandler$??RCTraceFileAndLineInfo@ATL@@QBAXPBDZZ 1001020d f   WWCtrl.obj
 0001:0000f230       __ehhandler$??_Estringdispid@CComTypeInfoHolder@ATL@@QAEPAXI@Z 10010230 f   mfcs140d:nolib.obj
 0001:0000f250       ??__F_AtlComModule@ATL@@YAXXZ 10010250 f   StdAfx.obj
 0001:0000f270       ??__F_AtlWinModule@ATL@@YAXXZ 10010270 f   StdAfx.obj
 0001:0000f2d0       ??__F_AtlComModule@ATL@@YAXXZ 100102d0 f   mfcs140d:nolib.obj
 0001:0000f2f0       ??__F_AtlWinModule@ATL@@YAXXZ 100102f0 f   mfcs140d:nolib.obj
 0001:0000f310       ??__F_AtlComModule@ATL@@YAXXZ 10010310 f   mfcs140d:stdafx.obj
 0001:0000f330       ??__F_AtlWinModule@ATL@@YAXXZ 10010330 f   mfcs140d:stdafx.obj
 0001:0000f347       ??__F_AtlBaseModule@ATL@@YAXXZ 10010347 f   atls:atlbase.obj
 0002:00000484       ?_AtlBaseModule$initializer$@ATL@@3P6AXXZA 10011484     atls:atlbase.obj
 0002:00000488       ?atlTraceGeneral$initializer$@ATL@@3P6AXXZA 10011488     StdAfx.obj
 0002:0000048c       ?atlTraceCOM$initializer$@ATL@@3P6AXXZA 1001148c     StdAfx.obj
 0002:00000490       ?atlTraceQI$initializer$@ATL@@3P6AXXZA 10011490     StdAfx.obj
 0002:00000494       ?atlTraceRegistrar$initializer$@ATL@@3P6AXXZA 10011494     StdAfx.obj
 0002:00000498       ?atlTraceRefcount$initializer$@ATL@@3P6AXXZA 10011498     StdAfx.obj
 0002:0000049c       ?atlTraceWindowing$initializer$@ATL@@3P6AXXZA 1001149c     StdAfx.obj
 0002:000004a0       ?atlTraceControls$initializer$@ATL@@3P6AXXZA 100114a0     StdAfx.obj
 0002:000004a4       ?atlTraceHosting$initializer$@ATL@@3P6AXXZA 100114a4     StdAfx.obj
 0002:000004a8       ?atlTraceDBClient$initializer$@ATL@@3P6AXXZA 100114a8     StdAfx.obj
 0002:000004ac       ?atlTraceDBProvider$initializer$@ATL@@3P6AXXZA 100114ac     StdAfx.obj
 0002:000004b0       ?atlTraceSnapin$initializer$@ATL@@3P6AXXZA 100114b0     StdAfx.obj
 0002:000004b4       ?atlTraceNotImpl$initializer$@ATL@@3P6AXXZA 100114b4     StdAfx.obj
 0002:000004b8       ?atlTraceAllocation$initializer$@ATL@@3P6AXXZA 100114b8     StdAfx.obj
 0002:000004bc       ?atlTraceException$initializer$@ATL@@3P6AXXZA 100114bc     StdAfx.obj
 0002:000004c0       ?atlTraceTime$initializer$@ATL@@3P6AXXZA 100114c0     StdAfx.obj
 0002:000004c4       ?atlTraceCache$initializer$@ATL@@3P6AXXZA 100114c4     StdAfx.obj
 0002:000004c8       ?atlTraceStencil$initializer$@ATL@@3P6AXXZA 100114c8     StdAfx.obj
 0002:000004cc       ?atlTraceString$initializer$@ATL@@3P6AXXZA 100114cc     StdAfx.obj
 0002:000004d0       ?atlTraceMap$initializer$@ATL@@3P6AXXZA 100114d0     StdAfx.obj
 0002:000004d4       ?atlTraceUtil$initializer$@ATL@@3P6AXXZA 100114d4     StdAfx.obj
 0002:000004d8       ?atlTraceSecurity$initializer$@ATL@@3P6AXXZA 100114d8     StdAfx.obj
 0002:000004dc       ?atlTraceSync$initializer$@ATL@@3P6AXXZA 100114dc     StdAfx.obj
 0002:000004e0       ?atlTraceISAPI$initializer$@ATL@@3P6AXXZA 100114e0     StdAfx.obj
 0002:000004e4       ?_AtlComModule$initializer$@ATL@@3P6AXXZA 100114e4     StdAfx.obj
 0002:000004e8       ?_AtlWinModule$initializer$@ATL@@3P6AXXZA 100114e8     StdAfx.obj
 0002:000004ec       ?InitializeCAtlStringMgr$initializer$@ATLImplementationDetails@ATL@@3P6AXXZA 100114ec     StdAfx.obj
 0002:000004f0       ??isInitialized$initializer$@CAtlStringMgr@ATL@@0P6AXXZA@@3P6AXXZA 100114f0     StdAfx.obj
 0002:00000520       ?_messageEntries@?1??GetThisMessageMap@ColorBarClass@@KGPBUAFX_MSGMAP@@XZ@4QBUAFX_MSGMAP_ENTRY@@B 10011520     ColorBar.obj
 0002:00000628       ?messageMap@?1??GetThisMessageMap@ColorBarClass@@KGPBUAFX_MSGMAP@@XZ@4U3@B 10011628     ColorBar.obj
 0002:000007d8       ?_messageEntries@?1??GetThisMessageMap@ColorPickerClass@@KGPBUAFX_MSGMAP@@XZ@4QBUAFX_MSGMAP_ENTRY@@B 100117d8     ColorPicker.obj
 0002:00000898       ?messageMap@?1??GetThisMessageMap@ColorPickerClass@@KGPBUAFX_MSGMAP@@XZ@4U3@B 10011898     ColorPicker.obj
 0002:00000a40       ?_messageEntries@?1??GetThisMessageMap@ColorPickerDialogClass@@KGPBUAFX_MSGMAP@@XZ@4QBUAFX_MSGMAP_ENTRY@@B 10011a40     ColorPickerDialogClass.obj
 0002:00000a70       ?messageMap@?1??GetThisMessageMap@ColorPickerDialogClass@@KGPBUAFX_MSGMAP@@XZ@4U3@B 10011a70     ColorPickerDialogClass.obj
 0002:00003f00       _GS_ExceptionPointers      10014f00     msvcrtd:gs_report.obj
 0002:00003f08       ?_RTC_ErrorMessages@@3QBQBDB 10014f08     msvcrtd:error.obj
 0002:00003f20       ?_RTC_NoFalsePositives@@3QBHB 10014f20     msvcrtd:error.obj
 0002:00003f38       ?stack_premsg@@3QBDB       10014f38     msvcrtd:error.obj
 0002:00003f54       ?stack_postmsg@@3QBDB      10014f54     msvcrtd:error.obj
 0002:00003f68       ?uninit_premsg@@3QBDB      10014f68     msvcrtd:error.obj
 0002:00003f78       ?uninit_postmsg@@3QBDB     10014f78     msvcrtd:error.obj
 0002:000044b8       ?_RTC_errlist@@3QBQBDB     100154b8     msvcrtd:userapi.obj
 0002:00004578       ?mspdbName@@3QB_WB         10015578     msvcrtd:pdblkup.obj
 0002:0000459c       ?debugCrtFileName@@3QB_WB  1001559c     msvcrtd:pdblkup.obj
 0002:000046e4       ?dllExt@?1??GetPdbDllPathFromFilePath@@YAHPB_WPA_WI@Z@4QB_WB 100156e4     msvcrtd:pdblkup.obj
 0002:000046ec       ?mspdbFilename@?1??GetPdbDllPathFromFilePath@@YAHPB_WPA_WI@Z@4QB_WB 100156ec     msvcrtd:pdblkup.obj
 0002:000055ec       __RTC_InitBase.rtc$IMZ     100165ec     mfcs140d:nolib.obj
 0002:000055f0       __RTC_InitBase.rtc$IMZ     100165f0     mfcs140d:stdafx.obj
 0002:000055fc       __RTC_Shutdown.rtc$TMZ     100165fc     mfcs140d:nolib.obj
 0002:00005600       __RTC_Shutdown.rtc$TMZ     10016600     mfcs140d:stdafx.obj
 0002:00005618       __ehfuncinfo$??1ColorBarClass@@UAE@XZ 10016618     ColorBar.obj
 0002:0000563c       __unwindtable$?OnPaint@ColorBarClass@@IAEXXZ 1001663c     ColorBar.obj
 0002:00005644       __ehfuncinfo$?OnPaint@ColorBarClass@@IAEXXZ 10016644     ColorBar.obj
 0002:00005668       __unwindtable$?fnColorBarProc@@YGJPAUHWND__@@IIJ@Z 10016668     ColorBar.obj
 0002:00005670       __ehfuncinfo$?fnColorBarProc@@YGJPAUHWND__@@IIJ@Z 10016670     ColorBar.obj
 0002:00005694       __ehfuncinfo$??_EColorBarClass@@UAEPAXI@Z 10016694     ColorBar.obj
 0002:000056b8       __ehfuncinfo$??1ColorPickerClass@@UAE@XZ 100166b8     ColorPicker.obj
 0002:000056dc       __unwindtable$?OnPaint@ColorPickerClass@@IAEXXZ 100166dc     ColorPicker.obj
 0002:000056e4       __ehfuncinfo$?OnPaint@ColorPickerClass@@IAEXXZ 100166e4     ColorPicker.obj
 0002:00005708       __unwindtable$?fnColorPickerProc@@YGJPAUHWND__@@IIJ@Z 10016708     ColorPicker.obj
 0002:00005710       __ehfuncinfo$?fnColorPickerProc@@YGJPAUHWND__@@IIJ@Z 10016710     ColorPicker.obj
 0002:00005734       __ehfuncinfo$??_EColorPickerClass@@UAEPAXI@Z 10016734     ColorPicker.obj
 0002:00005758       __unwindtable$??0ColorPickerDialogClass@@QAE@HHHPAVCWnd@@I@Z 10016758     ColorPickerDialogClass.obj
 0002:00005770       __ehfuncinfo$??0ColorPickerDialogClass@@QAE@HHHPAVCWnd@@I@Z 10016770     ColorPickerDialogClass.obj
 0002:00005794       __ehfuncinfo$??1MyManageStateClass@@QAE@XZ 10016794     ColorPickerDialogClass.obj
 0002:000057b8       __unwindtable$?TraceV@CTrace@ATL@@SAXPBDHII0PAD@Z 100167b8     StdAfx.obj
 0002:000057c8       __ehfuncinfo$?TraceV@CTrace@ATL@@SAXPBDHII0PAD@Z 100167c8     StdAfx.obj
 0002:000057ec       __unwindtable$??RCTraceFileAndLineInfo@ATL@@QBAXHIPBDZZ 100167ec     StdAfx.obj
 0002:000057f4       __ehfuncinfo$??RCTraceFileAndLineInfo@ATL@@QBAXHIPBDZZ 100167f4     StdAfx.obj
 0002:00005818       __ehfuncinfo$??1?$CSimpleArray@GV?$CSimpleArrayEqualHelper@G@ATL@@@ATL@@QAE@XZ 10016818     StdAfx.obj
 0002:0000583c       __unwindtable$??0_ATL_WIN_MODULE70@ATL@@QAE@XZ 1001683c     StdAfx.obj
 0002:00005844       __ehfuncinfo$??0_ATL_WIN_MODULE70@ATL@@QAE@XZ 10016844     StdAfx.obj
 0002:00005868       __ehfuncinfo$??1CAtlComModule@ATL@@QAE@XZ 10016868     StdAfx.obj
 0002:0000588c       __ehfuncinfo$??1CAtlWinModule@ATL@@QAE@XZ 1001688c     StdAfx.obj
 0002:000058b0       __unwindtable$??RCTraceFileAndLineInfo@ATL@@QBAXPBDZZ 100168b0     WWCtrl.obj
 0002:000058b8       __ehfuncinfo$??RCTraceFileAndLineInfo@ATL@@QBAXPBDZZ 100168b8     WWCtrl.obj
 0002:000058e0       __sehtable$_WinbaseIsolationAwarePrivatetRgzlnPgpgk@0 100168e0     mfcs140d:nolib.obj
 0002:00005900       __sehtable$_IsolationAwareUnregisterClassA@8 10016900     mfcs140d:nolib.obj
 0002:0000591c       __ehfuncinfo$??_Estringdispid@CComTypeInfoHolder@ATL@@QAEPAXI@Z 1001691c     mfcs140d:nolib.obj
 0002:00005940       __sehtable$??_M@YGXPAXIIP6EX0@Z@Z 10016940     msvcrtd:ehvecdtr.obj
 0002:00005960       __sehtable$?__ArrayUnwind@@YGXPAXIIP6EX0@Z@Z 10016960     msvcrtd:ehvecdtr.obj
 0002:00005980       __sehtable$___scrt_is_nonwritable_in_current_image 10016980     msvcrtd:utility.obj
 0002:000059a0       __sehtable$?dllmain_crt_process_attach@@YAHQAUHINSTANCE__@@QAX@Z 100169a0     msvcrtd:dll_dllmain.obj
 0002:000059c0       __sehtable$?dllmain_crt_process_detach@@YAH_N@Z 100169c0     msvcrtd:dll_dllmain.obj
 0002:000059e8       __sehtable$?dllmain_dispatch@@YAHQAUHINSTANCE__@@KQAX@Z 100169e8     msvcrtd:dll_dllmain.obj
 0002:00005a08       __sehtable$?notify_debugger@@YAXABUtagEXCEPTION_VISUALCPP_DEBUG_INFO@@@Z 10016a08     msvcrtd:error.obj
 0002:00005a30       .edata                     10016a30     WWCtrlD.exp
 0002:00005a58       rgpv                       10016a58     WWCtrlD.exp
 0002:00005ba0       rgszName                   10016ba0     WWCtrlD.exp
 0002:00005ce8       rgwOrd                     10016ce8     WWCtrlD.exp
 0002:00005d8c       szName                     10016d8c     WWCtrlD.exp
 0002:00005d98       $N00006                    10016d98     WWCtrlD.exp
 0002:00005db1       $N00007                    10016db1     WWCtrlD.exp
 0002:00005dcd       $N00008                    10016dcd     WWCtrlD.exp
 0002:00005de6       $N00009                    10016de6     WWCtrlD.exp
 0002:00005e02       $N00010                    10016e02     WWCtrlD.exp
 0002:00005e19       $N00011                    10016e19     WWCtrlD.exp
 0002:00005e33       $N00012                    10016e33     WWCtrlD.exp
 0002:00005e6b       $N00013                    10016e6b     WWCtrlD.exp
 0002:00005e8f       $N00014                    10016e8f     WWCtrlD.exp
 0002:00005ebc       $N00015                    10016ebc     WWCtrlD.exp
 0002:00005f08       $N00016                    10016f08     WWCtrlD.exp
 0002:00005f57       $N00017                    10016f57     WWCtrlD.exp
 0002:00005f7c       $N00018                    10016f7c     WWCtrlD.exp
 0002:00005fa4       $N00019                    10016fa4     WWCtrlD.exp
 0002:00005fca       $N00020                    10016fca     WWCtrlD.exp
 0002:00005ff1       $N00021                    10016ff1     WWCtrlD.exp
 0002:00006026       $N00022                    10017026     WWCtrlD.exp
 0002:00006049       $N00023                    10017049     WWCtrlD.exp
 0002:0000606f       $N00024                    1001706f     WWCtrlD.exp
 0002:00006099       $N00025                    10017099     WWCtrlD.exp
 0002:000060cc       $N00026                    100170cc     WWCtrlD.exp
 0002:00006102       $N00027                    10017102     WWCtrlD.exp
 0002:00006138       $N00028                    10017138     WWCtrlD.exp
 0002:00006171       $N00029                    10017171     WWCtrlD.exp
 0002:00006198       $N00030                    10017198     WWCtrlD.exp
 0002:000061cb       $N00031                    100171cb     WWCtrlD.exp
 0002:00006204       $N00032                    10017204     WWCtrlD.exp
 0002:00006235       $N00033                    10017235     WWCtrlD.exp
 0002:0000625f       $N00034                    1001725f     WWCtrlD.exp
 0002:00006288       $N00035                    10017288     WWCtrlD.exp
 0002:000062af       $N00036                    100172af     WWCtrlD.exp
 0002:000062d4       $N00037                    100172d4     WWCtrlD.exp
 0002:000062fd       $N00038                    100172fd     WWCtrlD.exp
 0002:00006336       $N00039                    10017336     WWCtrlD.exp
 0002:0000635c       $N00040                    1001735c     WWCtrlD.exp
 0002:00006387       $N00041                    10017387     WWCtrlD.exp
 0002:000063b6       $N00042                    100173b6     WWCtrlD.exp
 0002:000063e0       $N00043                    100173e0     WWCtrlD.exp
 0002:00006412       $N00044                    10017412     WWCtrlD.exp
 0002:0000643d       $N00045                    1001743d     WWCtrlD.exp
 0002:00006466       $N00046                    10017466     WWCtrlD.exp
 0002:00006497       $N00047                    10017497     WWCtrlD.exp
 0002:000064cc       $N00048                    100174cc     WWCtrlD.exp
 0002:00006504       $N00049                    10017504     WWCtrlD.exp
 0002:00006533       $N00050                    10017533     WWCtrlD.exp
 0002:00006557       $N00051                    10017557     WWCtrlD.exp
 0002:00006583       $N00052                    10017583     WWCtrlD.exp
 0002:000065b4       $N00053                    100175b4     WWCtrlD.exp
 0002:000065e3       $N00054                    100175e3     WWCtrlD.exp
 0002:00006615       $N00055                    10017615     WWCtrlD.exp
 0002:00006642       $N00056                    10017642     WWCtrlD.exp
 0002:00006672       $N00057                    10017672     WWCtrlD.exp
 0002:0000669f       $N00058                    1001769f     WWCtrlD.exp
 0002:000066cf       $N00059                    100176cf     WWCtrlD.exp
 0002:000066ee       $N00060                    100176ee     WWCtrlD.exp
 0002:00006710       $N00061                    10017710     WWCtrlD.exp
 0002:0000673b       $N00062                    1001773b     WWCtrlD.exp
 0002:0000675c       $N00063                    1001775c     WWCtrlD.exp
 0002:00006780       $N00064                    10017780     WWCtrlD.exp
 0002:000067ad       $N00065                    100177ad     WWCtrlD.exp
 0002:000067da       $N00066                    100177da     WWCtrlD.exp
 0002:000067fb       $N00067                    100177fb     WWCtrlD.exp
 0002:00006824       $N00068                    10017824     WWCtrlD.exp
 0002:0000684d       $N00069                    1001784d     WWCtrlD.exp
 0002:00006874       $N00070                    10017874     WWCtrlD.exp
 0002:000068a2       $N00071                    100178a2     WWCtrlD.exp
 0002:000068d8       $N00072                    100178d8     WWCtrlD.exp
 0002:000068f7       $N00073                    100178f7     WWCtrlD.exp
 0002:00006921       $N00074                    10017921     WWCtrlD.exp
 0002:0000694c       $N00075                    1001794c     WWCtrlD.exp
 0002:00006978       $N00076                    10017978     WWCtrlD.exp
 0002:0000699b       $N00077                    1001799b     WWCtrlD.exp
 0002:000069bf       $N00078                    100179bf     WWCtrlD.exp
 0002:000069e9       $N00079                    100179e9     WWCtrlD.exp
 0002:00006a11       $N00080                    10017a11     WWCtrlD.exp
 0002:00006a3a       $N00004                    10017a3a     WWCtrlD.exp
 0002:00006a53       $N00003                    10017a53     WWCtrlD.exp
 0002:00006a62       $N00081                    10017a62     WWCtrlD.exp
 0002:00006a74       $N00005                    10017a74     WWCtrlD.exp
 0002:00006a83       $N00082                    10017a83     WWCtrlD.exp
 0002:00006a9b       $N00083                    10017a9b     WWCtrlD.exp
 0002:00006aaf       $N00002                    10017aaf     WWCtrlD.exp
 0002:00006fd8       .idata$6                   10017fd8     mfc140d:mfc140d.dll
 0002:0000731c       .idata$6                   1001831c     kernel32:KERNEL32.dll
 0002:000074de       .idata$6                   100184de     user32:USER32.dll
 0002:00007558       .idata$6                   10018558     gdi32:GDI32.dll
 0002:00007562       .idata$6                   10018562     oleaut32:OLEAUT32.dll
 0002:00007656       .idata$6                   10018656     vcruntimed:VCRUNTIME140D.dll
 0002:000078aa       .idata$6                   100188aa     ucrtd:ucrtbased.dll
 0003:00000000       ?THIS_FILE@@3PADA          10019000     ColorBar.obj
 0003:00000034       ?THIS_FILE@@3PADA          10019034     ColorPicker.obj
 0003:0000006c       ?THIS_FILE@@3PADA          1001906c     ColorPickerDialogClass.obj
 0003:000000c0       ?THIS_FILE@@3PADA          100190c0     WWCtrl.obj
 0003:00002478       ?WWCtrlDLL@@3UAFX_EXTENSION_MODULE@@A 1001b478     WWCtrl.obj
 0003:000024c8       ?is_initialized_as_dll@@3_NA 1001b4c8     msvcrtd:utility.obj
 0003:000024c9       ?module_local_atexit_table_initialized@@3_NA 1001b4c9     msvcrtd:utility.obj
 0003:000024cc       ?module_local_atexit_table@@3U_onexit_table_t@@A 1001b4cc     msvcrtd:utility.obj
 0003:000024d8       ?module_local_at_quick_exit_table@@3U_onexit_table_t@@A 1001b4d8     msvcrtd:utility.obj
 0003:000024e4       ?g_tss_cv@@3U_RTL_CONDITION_VARIABLE@@A 1001b4e4     msvcrtd:thread_safe_statics.obj
 0003:000024e8       ?g_tss_srw@@3U_RTL_SRWLOCK@@A 1001b4e8     msvcrtd:thread_safe_statics.obj
 0003:000024f0       ?__proc_attached@@3HA      1001b4f0     msvcrtd:dll_dllmain.obj
 0003:000024f4       ?init@?1??_RTC_InitBase@@9@4_NA 1001b4f4     msvcrtd:init.obj
 0003:00002500       _GS_ExceptionRecord        1001b500     msvcrtd:gs_report.obj
 0003:00002550       _GS_ContextRecord          1001b550     msvcrtd:gs_report.obj
 0003:00002840       ?_RTC_ErrorReportFunc@@3P6AHHPBDH00ZZA 1001b840     msvcrtd:userapi.obj
 0003:00002844       ?_RTC_ErrorReportFuncW@@3P6AHHPB_WH00ZZA 1001b844     msvcrtd:userapi.obj
 0003:00002848       ?mspdb@@3PAUHINSTANCE__@@A 1001b848     msvcrtd:pdblkup.obj
 0003:0000284c       ?alreadyTried@?1??GetPdbDll@@YAPAUHINSTANCE__@@XZ@4_NA 1001b84c     msvcrtd:pdblkup.obj
 0003:0000284d       ?PDBOK@?1??_RTC_GetSrcLine@@YAHPAEPA_WKPAH1K@Z@4_NA 1001b84d     msvcrtd:pdblkup.obj
 0004:000001f0       $R000000                   1001c1f0     WWCtrl.res
 0004:00000538       $R000348                   1001c538     WWCtrl.res
 0004:00000948       $R000758                   1001c948     WWCtrl.res
 0004:00000cf8       $R000B08                   1001ccf8     WWCtrl.res
 0004:00000d78       $R000B88                   1001cd78     WWCtrl.res
 0004:00000e38       $R000C48                   1001ce38     WWCtrl.res
 0004:00000f18       $R000D28                   1001cf18     WWCtrl.res
 0004:00000fc8       $R000DD8                   1001cfc8     WWCtrl.res
